[0.003s][info][gc] Using Parallel
[0.004s][info][gc,init] Version: 17.0.6+10-LTS (release)
[0.004s][info][gc,init] CPUs: 4 total, 4 available
[0.004s][info][gc,init] Memory: 16009M
[0.004s][info][gc,init] Large Page Support: Disabled
[0.004s][info][gc,init] NUMA Support: Disabled
[0.004s][info][gc,init] Compressed Oops: Enabled (Zero based)
[0.004s][info][gc,init] Alignments: Space 512K, Generation 512K, Heap 2M
[0.004s][info][gc,init] Heap Min Capacity: 2054M
[0.004s][info][gc,init] Heap Initial Capacity: 2054M
[0.004s][info][gc,init] Heap Max Capacity: 3G
[0.004s][info][gc,init] Pre-touch: Disabled
[0.004s][info][gc,init] Parallel Workers: 4
[0.004s][info][gc,metaspace] CDS archive(s) mapped at: [0x0000000800000000-0x0000000800be1000-0x0000000800be1000), size 12455936, SharedBaseAddress: 0x0000000800000000, ArchiveRelocationMode: 0.
[0.004s][info][gc,metaspace] Compressed class space mapped at: 0x0000000800c00000-0x0000000840c00000, reserved size: 1073741824
[0.004s][info][gc,metaspace] Narrow klass base: 0x0000000800000000, Narrow klass shift: 0, Narrow klass range: 0x100000000
[0.571s][info][safepoint   ] Safepoint "ICBufferFull", Time since last: 559840375 ns, Reaching safepoint: 147305 ns, At safepoint: 6500 ns, Total: 153805 ns
[0.870s][info][safepoint   ] Safepoint "ICBufferFull", Time since last: 298261849 ns, Reaching safepoint: 279210 ns, At safepoint: 5700 ns, Total: 284910 ns
[1.454s][info][gc,start    ] GC(0) Pause Young (Metadata GC Threshold)
[1.473s][debug][gc,phases   ] GC(0) Scavenge 19.280ms
[1.474s][debug][gc,ref      ] GC(0) Skipped phase 1 of Reference Processing: no references
[1.474s][debug][gc,ref      ] GC(0) ReferenceProcessor::execute queues: 4, RefProcThreadModel::Multi, marks_oops_alive: false
[1.474s][debug][gc,ref      ] GC(0) Skipped phase 3 of Reference Processing: no references
[1.474s][debug][gc,ref      ] GC(0) ReferenceProcessor::execute queues: 1, RefProcThreadModel::Single, marks_oops_alive: false
[1.474s][debug][gc,phases   ] GC(0) Reference Processing 0.404ms
[1.474s][debug][gc,phases   ] GC(0)   VM Weak                        Min:  0.0, Avg:  0.0, Max:  0.0, Diff:  0.0, Sum:  0.0, Workers: 4
[1.474s][debug][gc,phases   ] GC(0)     Dead                           Min: 0, Avg:  0.0, Max: 0, Diff: 0, Sum: 0, Workers: 4
[1.474s][debug][gc,phases   ] GC(0)     Total                          Min: 0, Avg: 58.0, Max: 128, Diff: 128, Sum: 232, Workers: 4
[1.474s][debug][gc,phases   ] GC(0)   ObjectSynchronizer Weak        Min:  0.0, Avg:  0.0, Max:  0.0, Diff:  0.0, Sum:  0.0, Workers: 4
[1.474s][debug][gc,phases   ] GC(0)     Dead                           Min: 0, Avg:  1.0, Max: 4, Diff: 4, Sum: 4, Workers: 4
[1.474s][debug][gc,phases   ] GC(0)     Total                          Min: 0, Avg:  2.2, Max: 9, Diff: 9, Sum: 9, Workers: 4
[1.474s][debug][gc,phases   ] GC(0)   JVMTI Tag Weak OopStorage      Min:  0.0, Avg:  0.0, Max:  0.0, Diff:  0.0, Sum:  0.0, Workers: 4
[1.474s][debug][gc,phases   ] GC(0)     Dead                           Min: 0, Avg:  0.0, Max: 0, Diff: 0, Sum: 0, Workers: 4
[1.474s][debug][gc,phases   ] GC(0)     Total                          Min: 0, Avg:  0.0, Max: 0, Diff: 0, Sum: 0, Workers: 4
[1.474s][debug][gc,phases   ] GC(0)   StringTable Weak               Min:  0.0, Avg:  0.1, Max:  0.1, Diff:  0.1, Sum:  0.4, Workers: 4
[1.474s][debug][gc,phases   ] GC(0)     Dead                           Min: 0, Avg:  6.5, Max: 13, Diff: 13, Sum: 26, Workers: 4
[1.474s][debug][gc,phases   ] GC(0)     Total                          Min: 0, Avg: 3289.2, Max: 5029, Diff: 5029, Sum: 13157, Workers: 4
[1.474s][debug][gc,phases   ] GC(0)   ResolvedMethodTable Weak       Min:  0.0, Avg:  0.0, Max:  0.0, Diff:  0.0, Sum:  0.1, Workers: 4
[1.474s][debug][gc,phases   ] GC(0)     Dead                           Min: 0, Avg: 20.2, Max: 59, Diff: 59, Sum: 81, Workers: 4
[1.474s][debug][gc,phases   ] GC(0)     Total                          Min: 0, Avg: 320.2, Max: 641, Diff: 641, Sum: 1281, Workers: 4
[1.474s][debug][gc,phases   ] GC(0)   JNI Weak                       Min:  0.0, Avg:  0.0, Max:  0.0, Diff:  0.0, Sum:  0.0, Workers: 4
[1.474s][debug][gc,phases   ] GC(0)     Dead                           Min: 0, Avg:  0.0, Max: 0, Diff: 0, Sum: 0, Workers: 4
[1.474s][debug][gc,phases   ] GC(0)     Total                          Min: 0, Avg: 11.2, Max: 45, Diff: 45, Sum: 45, Workers: 4
[1.474s][debug][gc,phases   ] GC(0)   StringDedup Table Weak         Min:  0.0, Avg:  0.0, Max:  0.0, Diff:  0.0, Sum:  0.0, Workers: 4
[1.474s][debug][gc,phases   ] GC(0)     Dead                           Min: 0, Avg:  0.0, Max: 0, Diff: 0, Sum: 0, Workers: 4
[1.474s][debug][gc,phases   ] GC(0)     Total                          Min: 0, Avg:  0.0, Max: 0, Diff: 0, Sum: 0, Workers: 4
[1.474s][debug][gc,phases   ] GC(0)   StringDedup Requests0 Weak     Min:  0.0, Avg:  0.0, Max:  0.0, Diff:  0.0, Sum:  0.0, Workers: 4
[1.474s][debug][gc,phases   ] GC(0)     Dead                           Min: 0, Avg:  0.0, Max: 0, Diff: 0, Sum: 0, Workers: 4
[1.474s][debug][gc,phases   ] GC(0)     Total                          Min: 0, Avg:  0.0, Max: 0, Diff: 0, Sum: 0, Workers: 4
[1.474s][debug][gc,phases   ] GC(0)   StringDedup Requests1 Weak     Min:  0.0, Avg:  0.0, Max:  0.0, Diff:  0.0, Sum:  0.0, Workers: 4
[1.474s][debug][gc,phases   ] GC(0)     Dead                           Min: 0, Avg:  0.0, Max: 0, Diff: 0, Sum: 0, Workers: 4
[1.474s][debug][gc,phases   ] GC(0)     Total                          Min: 0, Avg:  0.0, Max: 0, Diff: 0, Sum: 0, Workers: 4
[1.474s][debug][gc,phases   ] GC(0)   Weak JFR Old Object Samples    Min:  0.0, Avg:  0.0, Max:  0.0, Diff:  0.0, Sum:  0.0, Workers: 4
[1.474s][debug][gc,phases   ] GC(0)     Dead                           Min: 0, Avg:  0.0, Max: 0, Diff: 0, Sum: 0, Workers: 4
[1.474s][debug][gc,phases   ] GC(0)     Total                          Min: 0, Avg:  0.0, Max: 0, Diff: 0, Sum: 0, Workers: 4
[1.474s][debug][gc,phases   ] GC(0) Weak Processing 0.360ms
[1.474s][debug][gc,age      ] GC(0) Desired survivor size 536870912 bytes, new threshold 7 (max threshold 15)
[1.474s][info ][gc,heap     ] GC(0) PSYoungGen: 251671K(1572864K)->31318K(1572864K) Eden: 251671K(1048576K)->0K(1048576K) From: 0K(524288K)->31318K(524288K)
[1.474s][info ][gc,heap     ] GC(0) ParOldGen: 0K(6144K)->104K(6144K)
[1.474s][info ][gc,metaspace] GC(0) Metaspace: 21201K(21504K)->21201K(21504K) NonClass: 18710K(18880K)->18710K(18880K) Class: 2491K(2624K)->2491K(2624K)
[1.474s][info ][gc          ] GC(0) Pause Young (Metadata GC Threshold) 245M->30M(1542M) 20.424ms
[1.474s][info ][gc,cpu      ] GC(0) User=0.03s Sys=0.02s Real=0.02s
[1.474s][debug][gc,phases   ] GC(1) Pre Compact 0.011ms
[1.474s][info ][gc,start    ] GC(1) Pause Full (Metadata GC Threshold)
[1.474s][info ][gc,phases,start] GC(1) Marking Phase
[1.483s][debug][gc,phases      ] GC(1) Par Mark 8.385ms
[1.483s][debug][gc,ref         ] GC(1) Skipped phase 1 of Reference Processing: no references
[1.483s][debug][gc,ref         ] GC(1) ReferenceProcessor::execute queues: 1, RefProcThreadModel::Single, marks_oops_alive: false
[1.483s][debug][gc,ref         ] GC(1) Skipped phase 3 of Reference Processing: no references
[1.483s][debug][gc,ref         ] GC(1) ReferenceProcessor::execute queues: 1, RefProcThreadModel::Single, marks_oops_alive: false
[1.483s][debug][gc,phases      ] GC(1) Reference Processing 0.063ms
[1.483s][debug][gc,phases      ] GC(1)   VM Weak                        Min:  0.0, Avg:  0.0, Max:  0.0, Diff:  0.0, Sum:  0.0, Workers: 4
[1.483s][debug][gc,phases      ] GC(1)     Dead                           Min: 0, Avg:  0.0, Max: 0, Diff: 0, Sum: 0, Workers: 4
[1.483s][debug][gc,phases      ] GC(1)     Total                          Min: 0, Avg: 58.0, Max: 232, Diff: 232, Sum: 232, Workers: 4
[1.483s][debug][gc,phases      ] GC(1)   ObjectSynchronizer Weak        Min:  0.0, Avg:  0.0, Max:  0.0, Diff:  0.0, Sum:  0.0, Workers: 4
[1.483s][debug][gc,phases      ] GC(1)     Dead                           Min: 0, Avg:  0.0, Max: 0, Diff: 0, Sum: 0, Workers: 4
[1.483s][debug][gc,phases      ] GC(1)     Total                          Min: 0, Avg:  2.2, Max: 9, Diff: 9, Sum: 9, Workers: 4
[1.483s][debug][gc,phases      ] GC(1)   JVMTI Tag Weak OopStorage      Min:  0.0, Avg:  0.0, Max:  0.0, Diff:  0.0, Sum:  0.0, Workers: 4
[1.483s][debug][gc,phases      ] GC(1)     Dead                           Min: 0, Avg:  0.0, Max: 0, Diff: 0, Sum: 0, Workers: 4
[1.483s][debug][gc,phases      ] GC(1)     Total                          Min: 0, Avg:  0.0, Max: 0, Diff: 0, Sum: 0, Workers: 4
[1.483s][debug][gc,phases      ] GC(1)   StringTable Weak               Min:  0.0, Avg:  0.0, Max:  0.1, Diff:  0.1, Sum:  0.2, Workers: 4
[1.483s][debug][gc,phases      ] GC(1)     Dead                           Min: 0, Avg:  0.0, Max: 0, Diff: 0, Sum: 0, Workers: 4
[1.483s][debug][gc,phases      ] GC(1)     Total                          Min: 0, Avg: 3289.2, Max: 5541, Diff: 5541, Sum: 13157, Workers: 4
[1.483s][debug][gc,phases      ] GC(1)   ResolvedMethodTable Weak       Min:  0.0, Avg:  0.0, Max:  0.0, Diff:  0.0, Sum:  0.0, Workers: 4
[1.483s][debug][gc,phases      ] GC(1)     Dead                           Min: 0, Avg:  0.0, Max: 0, Diff: 0, Sum: 0, Workers: 4
[1.483s][debug][gc,phases      ] GC(1)     Total                          Min: 0, Avg: 320.2, Max: 448, Diff: 448, Sum: 1281, Workers: 4
[1.483s][debug][gc,phases      ] GC(1)   JNI Weak                       Min:  0.0, Avg:  0.0, Max:  0.0, Diff:  0.0, Sum:  0.0, Workers: 4
[1.483s][debug][gc,phases      ] GC(1)     Dead                           Min: 0, Avg:  0.0, Max: 0, Diff: 0, Sum: 0, Workers: 4
[1.483s][debug][gc,phases      ] GC(1)     Total                          Min: 0, Avg: 11.2, Max: 45, Diff: 45, Sum: 45, Workers: 4
[1.483s][debug][gc,phases      ] GC(1)   StringDedup Table Weak         Min:  0.0, Avg:  0.0, Max:  0.0, Diff:  0.0, Sum:  0.0, Workers: 4
[1.483s][debug][gc,phases      ] GC(1)     Dead                           Min: 0, Avg:  0.0, Max: 0, Diff: 0, Sum: 0, Workers: 4
[1.483s][debug][gc,phases      ] GC(1)     Total                          Min: 0, Avg:  0.0, Max: 0, Diff: 0, Sum: 0, Workers: 4
[1.483s][debug][gc,phases      ] GC(1)   StringDedup Requests0 Weak     Min:  0.0, Avg:  0.0, Max:  0.0, Diff:  0.0, Sum:  0.0, Workers: 4
[1.483s][debug][gc,phases      ] GC(1)     Dead                           Min: 0, Avg:  0.0, Max: 0, Diff: 0, Sum: 0, Workers: 4
[1.483s][debug][gc,phases      ] GC(1)     Total                          Min: 0, Avg:  0.0, Max: 0, Diff: 0, Sum: 0, Workers: 4
[1.483s][debug][gc,phases      ] GC(1)   StringDedup Requests1 Weak     Min:  0.0, Avg:  0.0, Max:  0.0, Diff:  0.0, Sum:  0.0, Workers: 4
[1.483s][debug][gc,phases      ] GC(1)     Dead                           Min: 0, Avg:  0.0, Max: 0, Diff: 0, Sum: 0, Workers: 4
[1.483s][debug][gc,phases      ] GC(1)     Total                          Min: 0, Avg:  0.0, Max: 0, Diff: 0, Sum: 0, Workers: 4
[1.483s][debug][gc,phases      ] GC(1)   Weak JFR Old Object Samples    Min:  0.0, Avg:  0.0, Max:  0.0, Diff:  0.0, Sum:  0.0, Workers: 4
[1.483s][debug][gc,phases      ] GC(1)     Dead                           Min: 0, Avg:  0.0, Max: 0, Diff: 0, Sum: 0, Workers: 4
[1.483s][debug][gc,phases      ] GC(1)     Total                          Min: 0, Avg:  0.0, Max: 0, Diff: 0, Sum: 0, Workers: 4
[1.483s][debug][gc,phases      ] GC(1) Weak Processing 0.263ms
[1.483s][debug][gc,phases      ] GC(1) ClassLoaderData 0.029ms
[1.483s][debug][gc,phases      ] GC(1) Trigger cleanups 0.000ms
[1.486s][debug][gc,phases      ] GC(1) Class Unloading 3.010ms
[1.486s][info ][gc,phases      ] GC(1) Marking Phase 11.822ms
[1.486s][info ][gc,phases,start] GC(1) Summary Phase
[1.486s][info ][gc,phases      ] GC(1) Summary Phase 0.006ms
[1.486s][info ][gc,phases,start] GC(1) Adjust Roots
[1.490s][info ][gc,phases      ] GC(1) Adjust Roots 3.803ms
[1.490s][info ][gc,phases,start] GC(1) Compaction Phase
[1.510s][info ][gc,phases      ] GC(1) Compaction Phase 19.480ms
[1.510s][info ][gc,phases,start] GC(1) Post Compact
[1.510s][info ][gc,phases      ] GC(1) Post Compact 0.782ms
[1.510s][info ][gc,heap        ] GC(1) PSYoungGen: 31318K(1572864K)->25560K(1572864K) Eden: 0K(1048576K)->0K(1048576K) From: 31318K(524288K)->25560K(524288K)
[1.510s][info ][gc,heap        ] GC(1) ParOldGen: 104K(6144K)->5681K(6144K)
[1.510s][info ][gc,metaspace   ] GC(1) Metaspace: 21201K(21504K)->21201K(21504K) NonClass: 18710K(18880K)->18710K(18880K) Class: 2491K(2624K)->2491K(2624K)
[1.510s][info ][gc             ] GC(1) Pause Full (Metadata GC Threshold) 30M->30M(1542M) 36.034ms
[1.510s][info ][gc,cpu         ] GC(1) User=0.10s Sys=0.00s Real=0.03s
[1.510s][info ][safepoint      ] Safepoint "CollectForMetadataAllocation", Time since last: 584062282 ns, Reaching safepoint: 153805 ns, At safepoint: 56590688 ns, Total: 56744493 ns
[1.676s][info ][safepoint      ] Safepoint "ICBufferFull", Time since last: 165567022 ns, Reaching safepoint: 195707 ns, At safepoint: 8900 ns, Total: 204607 ns
[1.802s][info ][safepoint      ] Safepoint "ICBufferFull", Time since last: 126055805 ns, Reaching safepoint: 143905 ns, At safepoint: 2600 ns, Total: 146505 ns
[1.974s][info ][safepoint      ] Safepoint "ICBufferFull", Time since last: 171874433 ns, Reaching safepoint: 144604 ns, At safepoint: 6601 ns, Total: 151205 ns
[2.195s][info ][safepoint      ] Safepoint "ICBufferFull", Time since last: 220433452 ns, Reaching safepoint: 202307 ns, At safepoint: 6000 ns, Total: 208307 ns
[2.583s][info ][safepoint      ] Safepoint "ICBufferFull", Time since last: 387383621 ns, Reaching safepoint: 179206 ns, At safepoint: 2700 ns, Total: 181906 ns
[2.715s][info ][safepoint      ] Safepoint "ICBufferFull", Time since last: 132470719 ns, Reaching safepoint: 170205 ns, At safepoint: 6600 ns, Total: 176805 ns
[2.858s][info ][safepoint      ] Safepoint "ICBufferFull", Time since last: 141984836 ns, Reaching safepoint: 241508 ns, At safepoint: 6401 ns, Total: 247909 ns
[2.986s][info ][safepoint      ] Safepoint "ICBufferFull", Time since last: 127888365 ns, Reaching safepoint: 163205 ns, At safepoint: 12201 ns, Total: 175406 ns
[3.178s][info ][safepoint      ] Safepoint "ICBufferFull", Time since last: 192523221 ns, Reaching safepoint: 166806 ns, At safepoint: 8300 ns, Total: 175106 ns
[3.448s][info ][safepoint      ] Safepoint "ICBufferFull", Time since last: 269956204 ns, Reaching safepoint: 227807 ns, At safepoint: 15001 ns, Total: 242808 ns
[3.550s][info ][gc,start       ] GC(2) Pause Young (Metadata GC Threshold)
[3.607s][debug][gc,phases      ] GC(2) Scavenge 56.869ms
[3.607s][debug][gc,ref         ] GC(2) Skipped phase 1 of Reference Processing: no references
[3.607s][debug][gc,ref         ] GC(2) ReferenceProcessor::execute queues: 4, RefProcThreadModel::Multi, marks_oops_alive: false
[3.610s][debug][gc,ref         ] GC(2) Skipped phase 3 of Reference Processing: no references
[3.610s][debug][gc,ref         ] GC(2) ReferenceProcessor::execute queues: 1, RefProcThreadModel::Single, marks_oops_alive: false
[3.610s][debug][gc,phases      ] GC(2) Reference Processing 2.629ms
[3.610s][debug][gc,phases      ] GC(2)   VM Weak                        Min:  0.0, Avg:  0.0, Max:  0.0, Diff:  0.0, Sum:  0.0, Workers: 4
[3.610s][debug][gc,phases      ] GC(2)     Dead                           Min: 0, Avg:  0.0, Max: 0, Diff: 0, Sum: 0, Workers: 4
[3.610s][debug][gc,phases      ] GC(2)     Total                          Min: 0, Avg: 88.5, Max: 290, Diff: 290, Sum: 354, Workers: 4
[3.610s][debug][gc,phases      ] GC(2)   ObjectSynchronizer Weak        Min:  0.0, Avg:  0.0, Max:  0.0, Diff:  0.0, Sum:  0.0, Workers: 4
[3.610s][debug][gc,phases      ] GC(2)     Dead                           Min: 0, Avg:  0.0, Max: 0, Diff: 0, Sum: 0, Workers: 4
[3.610s][debug][gc,phases      ] GC(2)     Total                          Min: 0, Avg:  2.2, Max: 9, Diff: 9, Sum: 9, Workers: 4
[3.610s][debug][gc,phases      ] GC(2)   JVMTI Tag Weak OopStorage      Min:  0.0, Avg:  0.0, Max:  0.0, Diff:  0.0, Sum:  0.0, Workers: 4
[3.610s][debug][gc,phases      ] GC(2)     Dead                           Min: 0, Avg:  0.0, Max: 0, Diff: 0, Sum: 0, Workers: 4
[3.610s][debug][gc,phases      ] GC(2)     Total                          Min: 0, Avg:  0.0, Max: 0, Diff: 0, Sum: 0, Workers: 4
[3.610s][debug][gc,phases      ] GC(2)   StringTable Weak               Min:  0.0, Avg:  0.2, Max:  0.4, Diff:  0.4, Sum:  0.8, Workers: 4
[3.610s][debug][gc,phases      ] GC(2)     Dead                           Min: 0, Avg:  2.2, Max: 7, Diff: 7, Sum: 9, Workers: 4
[3.610s][debug][gc,phases      ] GC(2)     Total                          Min: 0, Avg: 6550.8, Max: 15771, Diff: 15771, Sum: 26203, Workers: 4
[3.610s][debug][gc,phases      ] GC(2)   ResolvedMethodTable Weak       Min:  0.0, Avg:  0.0, Max:  0.0, Diff:  0.0, Sum:  0.1, Workers: 4
[3.610s][debug][gc,phases      ] GC(2)     Dead                           Min: 0, Avg: 14.2, Max: 31, Diff: 31, Sum: 57, Workers: 4
[3.610s][debug][gc,phases      ] GC(2)     Total                          Min: 0, Avg: 612.8, Max: 1555, Diff: 1555, Sum: 2451, Workers: 4
[3.610s][debug][gc,phases      ] GC(2)   JNI Weak                       Min:  0.0, Avg:  0.0, Max:  0.0, Diff:  0.0, Sum:  0.0, Workers: 4
[3.610s][debug][gc,phases      ] GC(2)     Dead                           Min: 0, Avg:  0.0, Max: 0, Diff: 0, Sum: 0, Workers: 4
[3.610s][debug][gc,phases      ] GC(2)     Total                          Min: 0, Avg: 11.2, Max: 45, Diff: 45, Sum: 45, Workers: 4
[3.610s][debug][gc,phases      ] GC(2)   StringDedup Table Weak         Min:  0.0, Avg:  0.0, Max:  0.0, Diff:  0.0, Sum:  0.0, Workers: 4
[3.610s][debug][gc,phases      ] GC(2)     Dead                           Min: 0, Avg:  0.0, Max: 0, Diff: 0, Sum: 0, Workers: 4
[3.610s][debug][gc,phases      ] GC(2)     Total                          Min: 0, Avg:  0.0, Max: 0, Diff: 0, Sum: 0, Workers: 4
[3.610s][debug][gc,phases      ] GC(2)   StringDedup Requests0 Weak     Min:  0.0, Avg:  0.0, Max:  0.0, Diff:  0.0, Sum:  0.0, Workers: 4
[3.610s][debug][gc,phases      ] GC(2)     Dead                           Min: 0, Avg:  0.0, Max: 0, Diff: 0, Sum: 0, Workers: 4
[3.610s][debug][gc,phases      ] GC(2)     Total                          Min: 0, Avg:  0.0, Max: 0, Diff: 0, Sum: 0, Workers: 4
[3.610s][debug][gc,phases      ] GC(2)   StringDedup Requests1 Weak     Min:  0.0, Avg:  0.0, Max:  0.0, Diff:  0.0, Sum:  0.0, Workers: 4
[3.610s][debug][gc,phases      ] GC(2)     Dead                           Min: 0, Avg:  0.0, Max: 0, Diff: 0, Sum: 0, Workers: 4
[3.610s][debug][gc,phases      ] GC(2)     Total                          Min: 0, Avg:  0.0, Max: 0, Diff: 0, Sum: 0, Workers: 4
[3.610s][debug][gc,phases      ] GC(2)   Weak JFR Old Object Samples    Min:  0.0, Avg:  0.0, Max:  0.0, Diff:  0.0, Sum:  0.0, Workers: 4
[3.610s][debug][gc,phases      ] GC(2)     Dead                           Min: 0, Avg:  0.0, Max: 0, Diff: 0, Sum: 0, Workers: 4
[3.610s][debug][gc,phases      ] GC(2)     Total                          Min: 0, Avg:  0.0, Max: 0, Diff: 0, Sum: 0, Workers: 4
[3.610s][debug][gc,phases      ] GC(2) Weak Processing 0.621ms
[3.610s][debug][gc,age         ] GC(2) Desired survivor size 536870912 bytes, new threshold 7 (max threshold 15)
[3.610s][info ][gc,heap        ] GC(2) PSYoungGen: 549849K(1572864K)->82331K(1572864K) Eden: 524288K(1048576K)->0K(1048576K) From: 25560K(524288K)->82331K(524288K)
[3.610s][info ][gc,heap        ] GC(2) ParOldGen: 5681K(6144K)->5697K(6144K)
[3.610s][info ][gc,metaspace   ] GC(2) Metaspace: 35356K(35840K)->35356K(35840K) NonClass: 30726K(30976K)->30726K(30976K) Class: 4630K(4864K)->4630K(4864K)
[3.610s][info ][gc             ] GC(2) Pause Young (Metadata GC Threshold) 542M->85M(1542M) 60.247ms
[3.610s][info ][gc,cpu         ] GC(2) User=0.16s Sys=0.01s Real=0.06s
[3.610s][debug][gc,phases      ] GC(3) Pre Compact 0.008ms
[3.610s][info ][gc,start       ] GC(3) Pause Full (Metadata GC Threshold)
[3.610s][info ][gc,phases,start] GC(3) Marking Phase
[3.644s][debug][gc,phases      ] GC(3) Par Mark 33.652ms
[3.644s][debug][gc,ref         ] GC(3) Skipped phase 1 of Reference Processing: no references
[3.644s][debug][gc,ref         ] GC(3) ReferenceProcessor::execute queues: 2, RefProcThreadModel::Multi, marks_oops_alive: false
[3.644s][debug][gc,ref         ] GC(3) Skipped phase 3 of Reference Processing: no references
[3.644s][debug][gc,ref         ] GC(3) ReferenceProcessor::execute queues: 1, RefProcThreadModel::Single, marks_oops_alive: false
[3.644s][debug][gc,phases      ] GC(3) Reference Processing 0.238ms
[3.644s][debug][gc,phases      ] GC(3)   VM Weak                        Min:  0.0, Avg:  0.0, Max:  0.0, Diff:  0.0, Sum:  0.0, Workers: 4
[3.644s][debug][gc,phases      ] GC(3)     Dead                           Min: 0, Avg:  0.0, Max: 0, Diff: 0, Sum: 0, Workers: 4
[3.644s][debug][gc,phases      ] GC(3)     Total                          Min: 0, Avg: 88.5, Max: 192, Diff: 192, Sum: 354, Workers: 4
[3.645s][debug][gc,phases      ] GC(3)   ObjectSynchronizer Weak        Min:  0.0, Avg:  0.0, Max:  0.0, Diff:  0.0, Sum:  0.0, Workers: 4
[3.645s][debug][gc,phases      ] GC(3)     Dead                           Min: 0, Avg:  0.0, Max: 0, Diff: 0, Sum: 0, Workers: 4
[3.645s][debug][gc,phases      ] GC(3)     Total                          Min: 0, Avg:  2.2, Max: 9, Diff: 9, Sum: 9, Workers: 4
[3.645s][debug][gc,phases      ] GC(3)   JVMTI Tag Weak OopStorage      Min:  0.0, Avg:  0.0, Max:  0.0, Diff:  0.0, Sum:  0.0, Workers: 4
[3.645s][debug][gc,phases      ] GC(3)     Dead                           Min: 0, Avg:  0.0, Max: 0, Diff: 0, Sum: 0, Workers: 4
[3.645s][debug][gc,phases      ] GC(3)     Total                          Min: 0, Avg:  0.0, Max: 0, Diff: 0, Sum: 0, Workers: 4
[3.645s][debug][gc,phases      ] GC(3)   StringTable Weak               Min:  0.1, Avg:  0.1, Max:  0.1, Diff:  0.0, Sum:  0.4, Workers: 4
[3.645s][debug][gc,phases      ] GC(3)     Dead                           Min: 0, Avg:  0.0, Max: 0, Diff: 0, Sum: 0, Workers: 4
[3.645s][debug][gc,phases      ] GC(3)     Total                          Min: 6272, Avg: 6550.8, Max: 6811, Diff: 539, Sum: 26203, Workers: 4
[3.645s][debug][gc,phases      ] GC(3)   ResolvedMethodTable Weak       Min:  0.0, Avg:  0.0, Max:  0.0, Diff:  0.0, Sum:  0.0, Workers: 4
[3.645s][debug][gc,phases      ] GC(3)     Dead                           Min: 0, Avg:  0.0, Max: 0, Diff: 0, Sum: 0, Workers: 4
[3.645s][debug][gc,phases      ] GC(3)     Total                          Min: 576, Avg: 612.8, Max: 659, Diff: 83, Sum: 2451, Workers: 4
[3.645s][debug][gc,phases      ] GC(3)   JNI Weak                       Min:  0.0, Avg:  0.0, Max:  0.0, Diff:  0.0, Sum:  0.0, Workers: 4
[3.645s][debug][gc,phases      ] GC(3)     Dead                           Min: 0, Avg:  0.0, Max: 0, Diff: 0, Sum: 0, Workers: 4
[3.645s][debug][gc,phases      ] GC(3)     Total                          Min: 0, Avg: 11.2, Max: 45, Diff: 45, Sum: 45, Workers: 4
[3.645s][debug][gc,phases      ] GC(3)   StringDedup Table Weak         Min:  0.0, Avg:  0.0, Max:  0.0, Diff:  0.0, Sum:  0.0, Workers: 4
[3.645s][debug][gc,phases      ] GC(3)     Dead                           Min: 0, Avg:  0.0, Max: 0, Diff: 0, Sum: 0, Workers: 4
[3.645s][debug][gc,phases      ] GC(3)     Total                          Min: 0, Avg:  0.0, Max: 0, Diff: 0, Sum: 0, Workers: 4
[3.645s][debug][gc,phases      ] GC(3)   StringDedup Requests0 Weak     Min:  0.0, Avg:  0.0, Max:  0.0, Diff:  0.0, Sum:  0.0, Workers: 4
[3.645s][debug][gc,phases      ] GC(3)     Dead                           Min: 0, Avg:  0.0, Max: 0, Diff: 0, Sum: 0, Workers: 4
[3.645s][debug][gc,phases      ] GC(3)     Total                          Min: 0, Avg:  0.0, Max: 0, Diff: 0, Sum: 0, Workers: 4
[3.645s][debug][gc,phases      ] GC(3)   StringDedup Requests1 Weak     Min:  0.0, Avg:  0.0, Max:  0.0, Diff:  0.0, Sum:  0.0, Workers: 4
[3.645s][debug][gc,phases      ] GC(3)     Dead                           Min: 0, Avg:  0.0, Max: 0, Diff: 0, Sum: 0, Workers: 4
[3.645s][debug][gc,phases      ] GC(3)     Total                          Min: 0, Avg:  0.0, Max: 0, Diff: 0, Sum: 0, Workers: 4
[3.645s][debug][gc,phases      ] GC(3)   Weak JFR Old Object Samples    Min:  0.0, Avg:  0.0, Max:  0.0, Diff:  0.0, Sum:  0.0, Workers: 4
[3.645s][debug][gc,phases      ] GC(3)     Dead                           Min: 0, Avg:  0.0, Max: 0, Diff: 0, Sum: 0, Workers: 4
[3.645s][debug][gc,phases      ] GC(3)     Total                          Min: 0, Avg:  0.0, Max: 0, Diff: 0, Sum: 0, Workers: 4
[3.645s][debug][gc,phases      ] GC(3) Weak Processing 0.280ms
[3.645s][debug][gc,phases      ] GC(3) ClassLoaderData 0.046ms
[3.645s][debug][gc,phases      ] GC(3) Trigger cleanups 0.000ms
[3.650s][debug][gc,phases      ] GC(3) Class Unloading 5.642ms
[3.650s][info ][gc,phases      ] GC(3) Marking Phase 39.940ms
[3.650s][info ][gc,phases,start] GC(3) Summary Phase
[3.650s][info ][gc,phases      ] GC(3) Summary Phase 0.007ms
[3.650s][info ][gc,phases,start] GC(3) Adjust Roots
[3.659s][info ][gc,phases      ] GC(3) Adjust Roots 8.666ms
[3.659s][info ][gc,phases,start] GC(3) Compaction Phase
[4.051s][info ][gc,phases      ] GC(3) Compaction Phase 392.097ms
[4.051s][info ][gc,phases,start] GC(3) Post Compact
[4.052s][info ][gc,phases      ] GC(3) Post Compact 0.649ms
[4.052s][info ][gc,heap        ] GC(3) PSYoungGen: 82331K(1572864K)->82105K(1572864K) Eden: 0K(1048576K)->0K(1048576K) From: 82331K(524288K)->82105K(524288K)
[4.052s][info ][gc,heap        ] GC(3) ParOldGen: 5697K(6144K)->5637K(6144K)
[4.052s][info ][gc,metaspace   ] GC(3) Metaspace: 35356K(35840K)->35356K(35840K) NonClass: 30726K(30976K)->30726K(30976K) Class: 4630K(4864K)->4630K(4864K)
[4.052s][info ][gc             ] GC(3) Pause Full (Metadata GC Threshold) 85M->85M(1542M) 441.513ms
[4.052s][info ][gc,cpu         ] GC(3) User=0.93s Sys=0.01s Real=0.44s
[4.052s][info ][safepoint      ] Safepoint "CollectForMetadataAllocation", Time since last: 101427183 ns, Reaching safepoint: 114004 ns, At safepoint: 501881939 ns, Total: 501995943 ns
[4.264s][info ][safepoint      ] Safepoint "ICBufferFull", Time since last: 212060972 ns, Reaching safepoint: 192906 ns, At safepoint: 7201 ns, Total: 200107 ns
[4.971s][info ][safepoint      ] Safepoint "ICBufferFull", Time since last: 706153551 ns, Reaching safepoint: 199906 ns, At safepoint: 2301 ns, Total: 202207 ns
[5.218s][info ][safepoint      ] Safepoint "ICBufferFull", Time since last: 247301347 ns, Reaching safepoint: 177306 ns, At safepoint: 6600 ns, Total: 183906 ns
[5.381s][info ][safepoint      ] Safepoint "ICBufferFull", Time since last: 163195643 ns, Reaching safepoint: 192006 ns, At safepoint: 11400 ns, Total: 203406 ns
[5.587s][info ][safepoint      ] Safepoint "ICBufferFull", Time since last: 205295147 ns, Reaching safepoint: 240008 ns, At safepoint: 14700 ns, Total: 254708 ns
[5.745s][info ][safepoint      ] Safepoint "ICBufferFull", Time since last: 157511853 ns, Reaching safepoint: 115304 ns, At safepoint: 2300 ns, Total: 117604 ns
[6.053s][info ][safepoint      ] Safepoint "ICBufferFull", Time since last: 308609992 ns, Reaching safepoint: 251909 ns, At safepoint: 11500 ns, Total: 263409 ns
[6.161s][info ][safepoint      ] Safepoint "ICBufferFull", Time since last: 106870364 ns, Reaching safepoint: 208107 ns, At safepoint: 3900 ns, Total: 212007 ns
[6.390s][info ][safepoint      ] Safepoint "ICBufferFull", Time since last: 229777763 ns, Reaching safepoint: 169105 ns, At safepoint: 2900 ns, Total: 172005 ns
[7.140s][info ][gc,start       ] GC(4) Pause Young (Metadata GC Threshold)
[7.213s][debug][gc,phases      ] GC(4) Scavenge 73.105ms
[7.213s][debug][gc,ref         ] GC(4) Skipped phase 1 of Reference Processing: no references
[7.213s][debug][gc,ref         ] GC(4) ReferenceProcessor::execute queues: 4, RefProcThreadModel::Multi, marks_oops_alive: false
[7.214s][debug][gc,ref         ] GC(4) Skipped phase 3 of Reference Processing: no references
[7.214s][debug][gc,ref         ] GC(4) ReferenceProcessor::execute queues: 4, RefProcThreadModel::Multi, marks_oops_alive: false
[7.214s][debug][gc,phases      ] GC(4) Reference Processing 1.313ms
[7.215s][debug][gc,phases      ] GC(4)   VM Weak                        Min:  0.0, Avg:  0.0, Max:  0.0, Diff:  0.0, Sum:  0.0, Workers: 4
[7.215s][debug][gc,phases      ] GC(4)     Dead                           Min: 0, Avg:  0.0, Max: 0, Diff: 0, Sum: 0, Workers: 4
[7.215s][debug][gc,phases      ] GC(4)     Total                          Min: 0, Avg: 133.8, Max: 343, Diff: 343, Sum: 535, Workers: 4
[7.215s][debug][gc,phases      ] GC(4)   ObjectSynchronizer Weak        Min:  0.0, Avg:  0.0, Max:  0.0, Diff:  0.0, Sum:  0.0, Workers: 4
[7.215s][debug][gc,phases      ] GC(4)     Dead                           Min: 0, Avg:  2.8, Max: 11, Diff: 11, Sum: 11, Workers: 4
[7.215s][debug][gc,phases      ] GC(4)     Total                          Min: 0, Avg:  8.8, Max: 35, Diff: 35, Sum: 35, Workers: 4
[7.215s][debug][gc,phases      ] GC(4)   JVMTI Tag Weak OopStorage      Min:  0.0, Avg:  0.0, Max:  0.0, Diff:  0.0, Sum:  0.0, Workers: 4
[7.215s][debug][gc,phases      ] GC(4)     Dead                           Min: 0, Avg:  0.0, Max: 0, Diff: 0, Sum: 0, Workers: 4
[7.215s][debug][gc,phases      ] GC(4)     Total                          Min: 0, Avg:  0.0, Max: 0, Diff: 0, Sum: 0, Workers: 4
[7.215s][debug][gc,phases      ] GC(4)   StringTable Weak               Min:  0.0, Avg:  0.3, Max:  0.5, Diff:  0.5, Sum:  1.4, Workers: 4
[7.215s][debug][gc,phases      ] GC(4)     Dead                           Min: 0, Avg:  5.5, Max: 13, Diff: 13, Sum: 22, Workers: 4
[7.215s][debug][gc,phases      ] GC(4)     Total                          Min: 0, Avg: 9044.5, Max: 12480, Diff: 12480, Sum: 36178, Workers: 4
[7.215s][debug][gc,phases      ] GC(4)   ResolvedMethodTable Weak       Min:  0.0, Avg:  0.1, Max:  0.1, Diff:  0.1, Sum:  0.3, Workers: 4
[7.215s][debug][gc,phases      ] GC(4)     Dead                           Min: 0, Avg: 86.8, Max: 223, Diff: 223, Sum: 347, Workers: 4
[7.215s][debug][gc,phases      ] GC(4)     Total                          Min: 0, Avg: 1677.0, Max: 2356, Diff: 2356, Sum: 6708, Workers: 4
[7.215s][debug][gc,phases      ] GC(4)   JNI Weak                       Min:  0.0, Avg:  0.0, Max:  0.0, Diff:  0.0, Sum:  0.0, Workers: 4
[7.215s][debug][gc,phases      ] GC(4)     Dead                           Min: 0, Avg:  0.0, Max: 0, Diff: 0, Sum: 0, Workers: 4
[7.215s][debug][gc,phases      ] GC(4)     Total                          Min: 0, Avg: 11.8, Max: 47, Diff: 47, Sum: 47, Workers: 4
[7.215s][debug][gc,phases      ] GC(4)   StringDedup Table Weak         Min:  0.0, Avg:  0.0, Max:  0.0, Diff:  0.0, Sum:  0.0, Workers: 4
[7.215s][debug][gc,phases      ] GC(4)     Dead                           Min: 0, Avg:  0.0, Max: 0, Diff: 0, Sum: 0, Workers: 4
[7.215s][debug][gc,phases      ] GC(4)     Total                          Min: 0, Avg:  0.0, Max: 0, Diff: 0, Sum: 0, Workers: 4
[7.215s][debug][gc,phases      ] GC(4)   StringDedup Requests0 Weak     Min:  0.0, Avg:  0.0, Max:  0.0, Diff:  0.0, Sum:  0.0, Workers: 4
[7.215s][debug][gc,phases      ] GC(4)     Dead                           Min: 0, Avg:  0.0, Max: 0, Diff: 0, Sum: 0, Workers: 4
[7.215s][debug][gc,phases      ] GC(4)     Total                          Min: 0, Avg:  0.0, Max: 0, Diff: 0, Sum: 0, Workers: 4
[7.215s][debug][gc,phases      ] GC(4)   StringDedup Requests1 Weak     Min:  0.0, Avg:  0.0, Max:  0.0, Diff:  0.0, Sum:  0.0, Workers: 4
[7.215s][debug][gc,phases      ] GC(4)     Dead                           Min: 0, Avg:  0.0, Max: 0, Diff: 0, Sum: 0, Workers: 4
[7.215s][debug][gc,phases      ] GC(4)     Total                          Min: 0, Avg:  0.0, Max: 0, Diff: 0, Sum: 0, Workers: 4
[7.215s][debug][gc,phases      ] GC(4)   Weak JFR Old Object Samples    Min:  0.0, Avg:  0.0, Max:  0.0, Diff:  0.0, Sum:  0.0, Workers: 4
[7.215s][debug][gc,phases      ] GC(4)     Dead                           Min: 0, Avg:  0.0, Max: 0, Diff: 0, Sum: 0, Workers: 4
[7.215s][debug][gc,phases      ] GC(4)     Total                          Min: 0, Avg:  0.0, Max: 0, Diff: 0, Sum: 0, Workers: 4
[7.215s][debug][gc,phases      ] GC(4) Weak Processing 0.758ms
[7.215s][debug][gc,age         ] GC(4) Desired survivor size 536870912 bytes, new threshold 7 (max threshold 15)
[7.215s][info ][gc,heap        ] GC(4) PSYoungGen: 853228K(1572864K)->108192K(1572864K) Eden: 771123K(1048576K)->0K(1048576K) From: 82105K(524288K)->108192K(524288K)
[7.215s][info ][gc,heap        ] GC(4) ParOldGen: 5637K(6144K)->5661K(6144K)
[7.215s][info ][gc,metaspace   ] GC(4) Metaspace: 59079K(59776K)->59079K(59776K) NonClass: 50188K(50560K)->50188K(50560K) Class: 8891K(9216K)->8891K(9216K)
[7.215s][info ][gc             ] GC(4) Pause Young (Metadata GC Threshold) 838M->111M(1542M) 75.302ms
[7.215s][info ][gc,cpu         ] GC(4) User=0.21s Sys=0.05s Real=0.08s
[7.215s][debug][gc,phases      ] GC(5) Pre Compact 0.009ms
[7.215s][info ][gc,start       ] GC(5) Pause Full (Metadata GC Threshold)
[7.215s][info ][gc,phases,start] GC(5) Marking Phase
[7.260s][debug][gc,phases      ] GC(5) Par Mark 45.217ms
[7.260s][debug][gc,ref         ] GC(5) Skipped phase 1 of Reference Processing: no references
[7.260s][debug][gc,ref         ] GC(5) ReferenceProcessor::execute queues: 4, RefProcThreadModel::Multi, marks_oops_alive: false
[7.261s][debug][gc,ref         ] GC(5) Skipped phase 3 of Reference Processing: no references
[7.261s][debug][gc,ref         ] GC(5) ReferenceProcessor::execute queues: 1, RefProcThreadModel::Single, marks_oops_alive: false
[7.261s][debug][gc,phases      ] GC(5) Reference Processing 0.317ms
[7.261s][debug][gc,phases      ] GC(5)   VM Weak                        Min:  0.0, Avg:  0.0, Max:  0.0, Diff:  0.0, Sum:  0.0, Workers: 4
[7.261s][debug][gc,phases      ] GC(5)     Dead                           Min: 0, Avg:  0.5, Max: 2, Diff: 2, Sum: 2, Workers: 4
[7.261s][debug][gc,phases      ] GC(5)     Total                          Min: 0, Avg: 133.8, Max: 192, Diff: 192, Sum: 535, Workers: 4
[7.261s][debug][gc,phases      ] GC(5)   ObjectSynchronizer Weak        Min:  0.0, Avg:  0.0, Max:  0.0, Diff:  0.0, Sum:  0.0, Workers: 4
[7.261s][debug][gc,phases      ] GC(5)     Dead                           Min: 0, Avg:  0.0, Max: 0, Diff: 0, Sum: 0, Workers: 4
[7.261s][debug][gc,phases      ] GC(5)     Total                          Min: 0, Avg:  8.8, Max: 35, Diff: 35, Sum: 35, Workers: 4
[7.261s][debug][gc,phases      ] GC(5)   JVMTI Tag Weak OopStorage      Min:  0.0, Avg:  0.0, Max:  0.0, Diff:  0.0, Sum:  0.0, Workers: 4
[7.261s][debug][gc,phases      ] GC(5)     Dead                           Min: 0, Avg:  0.0, Max: 0, Diff: 0, Sum: 0, Workers: 4
[7.261s][debug][gc,phases      ] GC(5)     Total                          Min: 0, Avg:  0.0, Max: 0, Diff: 0, Sum: 0, Workers: 4
[7.261s][debug][gc,phases      ] GC(5)   StringTable Weak               Min:  0.2, Avg:  0.2, Max:  0.2, Diff:  0.1, Sum:  0.8, Workers: 4
[7.261s][debug][gc,phases      ] GC(5)     Dead                           Min: 0, Avg:  0.0, Max: 0, Diff: 0, Sum: 0, Workers: 4
[7.261s][debug][gc,phases      ] GC(5)     Total                          Min: 1280, Avg: 9044.5, Max: 12224, Diff: 10944, Sum: 36178, Workers: 4
[7.261s][debug][gc,phases      ] GC(5)   ResolvedMethodTable Weak       Min:  0.0, Avg:  0.0, Max:  0.0, Diff:  0.0, Sum:  0.1, Workers: 4
[7.261s][debug][gc,phases      ] GC(5)     Dead                           Min: 0, Avg:  0.8, Max: 2, Diff: 2, Sum: 3, Workers: 4
[7.261s][debug][gc,phases      ] GC(5)     Total                          Min: 0, Avg: 1677.0, Max: 2368, Diff: 2368, Sum: 6708, Workers: 4
[7.261s][debug][gc,phases      ] GC(5)   JNI Weak                       Min:  0.0, Avg:  0.0, Max:  0.0, Diff:  0.0, Sum:  0.0, Workers: 4
[7.261s][debug][gc,phases      ] GC(5)     Dead                           Min: 0, Avg:  0.0, Max: 0, Diff: 0, Sum: 0, Workers: 4
[7.261s][debug][gc,phases      ] GC(5)     Total                          Min: 0, Avg: 11.8, Max: 47, Diff: 47, Sum: 47, Workers: 4
[7.261s][debug][gc,phases      ] GC(5)   StringDedup Table Weak         Min:  0.0, Avg:  0.0, Max:  0.0, Diff:  0.0, Sum:  0.0, Workers: 4
[7.261s][debug][gc,phases      ] GC(5)     Dead                           Min: 0, Avg:  0.0, Max: 0, Diff: 0, Sum: 0, Workers: 4
[7.261s][debug][gc,phases      ] GC(5)     Total                          Min: 0, Avg:  0.0, Max: 0, Diff: 0, Sum: 0, Workers: 4
[7.261s][debug][gc,phases      ] GC(5)   StringDedup Requests0 Weak     Min:  0.0, Avg:  0.0, Max:  0.0, Diff:  0.0, Sum:  0.0, Workers: 4
[7.261s][debug][gc,phases      ] GC(5)     Dead                           Min: 0, Avg:  0.0, Max: 0, Diff: 0, Sum: 0, Workers: 4
[7.261s][debug][gc,phases      ] GC(5)     Total                          Min: 0, Avg:  0.0, Max: 0, Diff: 0, Sum: 0, Workers: 4
[7.261s][debug][gc,phases      ] GC(5)   StringDedup Requests1 Weak     Min:  0.0, Avg:  0.0, Max:  0.0, Diff:  0.0, Sum:  0.0, Workers: 4
[7.261s][debug][gc,phases      ] GC(5)     Dead                           Min: 0, Avg:  0.0, Max: 0, Diff: 0, Sum: 0, Workers: 4
[7.261s][debug][gc,phases      ] GC(5)     Total                          Min: 0, Avg:  0.0, Max: 0, Diff: 0, Sum: 0, Workers: 4
[7.261s][debug][gc,phases      ] GC(5)   Weak JFR Old Object Samples    Min:  0.0, Avg:  0.0, Max:  0.0, Diff:  0.0, Sum:  0.0, Workers: 4
[7.261s][debug][gc,phases      ] GC(5)     Dead                           Min: 0, Avg:  0.0, Max: 0, Diff: 0, Sum: 0, Workers: 4
[7.261s][debug][gc,phases      ] GC(5)     Total                          Min: 0, Avg:  0.0, Max: 0, Diff: 0, Sum: 0, Workers: 4
[7.261s][debug][gc,phases      ] GC(5) Weak Processing 0.427ms
[7.261s][debug][gc,phases      ] GC(5) ClassLoaderData 0.151ms
[7.261s][debug][gc,phases      ] GC(5) Trigger cleanups 0.001ms
[7.275s][debug][gc,phases      ] GC(5) Class Unloading 13.608ms
[7.275s][info ][gc,phases      ] GC(5) Marking Phase 59.741ms
[7.275s][info ][gc,phases,start] GC(5) Summary Phase
[7.275s][info ][gc,phases      ] GC(5) Summary Phase 0.008ms
[7.275s][info ][gc,phases,start] GC(5) Adjust Roots
[7.286s][info ][gc,phases      ] GC(5) Adjust Roots 11.643ms
[7.286s][info ][gc,phases,start] GC(5) Compaction Phase
[7.754s][info ][gc,phases      ] GC(5) Compaction Phase 467.870ms
[7.754s][info ][gc,phases,start] GC(5) Post Compact
[7.756s][info ][gc,phases      ] GC(5) Post Compact 1.525ms
[7.756s][info ][gc,heap        ] GC(5) PSYoungGen: 108192K(1572864K)->107472K(1572864K) Eden: 0K(1048576K)->0K(1048576K) From: 108192K(524288K)->107472K(524288K)
[7.756s][info ][gc,heap        ] GC(5) ParOldGen: 5661K(6144K)->6130K(6144K)
[7.756s][info ][gc,metaspace   ] GC(5) Metaspace: 59079K(59776K)->59076K(59776K) NonClass: 50188K(50560K)->50185K(50560K) Class: 8891K(9216K)->8890K(9216K)
[7.756s][info ][gc             ] GC(5) Pause Full (Metadata GC Threshold) 111M->110M(1542M) 540.959ms
[7.756s][info ][gc,cpu         ] GC(5) User=1.15s Sys=0.02s Real=0.54s
[7.756s][info ][safepoint      ] Safepoint "CollectForMetadataAllocation", Time since last: 748937876 ns, Reaching safepoint: 188506 ns, At safepoint: 616404655 ns, Total: 616593161 ns
[7.904s][info ][safepoint      ] Safepoint "ICBufferFull", Time since last: 147761628 ns, Reaching safepoint: 145704 ns, At safepoint: 7701 ns, Total: 153405 ns
[8.904s][info ][safepoint      ] Safepoint "Cleanup", Time since last: 1000111749 ns, Reaching safepoint: 219207 ns, At safepoint: 15400 ns, Total: 234607 ns
[10.966s][info ][safepoint      ] Safepoint "Cleanup", Time since last: 2061928451 ns, Reaching safepoint: 110404 ns, At safepoint: 6300 ns, Total: 116704 ns
[11.123s][info ][safepoint      ] Safepoint "ICBufferFull", Time since last: 156831929 ns, Reaching safepoint: 222307 ns, At safepoint: 13500 ns, Total: 235807 ns
[11.695s][info ][safepoint      ] Safepoint "ICBufferFull", Time since last: 571625659 ns, Reaching safepoint: 161705 ns, At safepoint: 3500 ns, Total: 165205 ns
[11.898s][info ][safepoint      ] Safepoint "ICBufferFull", Time since last: 202585655 ns, Reaching safepoint: 185006 ns, At safepoint: 6300 ns, Total: 191306 ns
[12.317s][info ][safepoint      ] Safepoint "ICBufferFull", Time since last: 418566655 ns, Reaching safepoint: 332011 ns, At safepoint: 8600 ns, Total: 340611 ns
[12.765s][debug][gc,phases      ] GC(6) Pre Compact 0.024ms
[12.765s][info ][gc,start       ] GC(6) Pause Full (Ergonomics)
[12.765s][info ][gc,phases,start] GC(6) Marking Phase
[13.065s][debug][gc,phases      ] GC(6) Par Mark 299.852ms
[13.065s][debug][gc,ref         ] GC(6) Skipped phase 1 of Reference Processing: no references
[13.065s][debug][gc,ref         ] GC(6) ReferenceProcessor::execute queues: 4, RefProcThreadModel::Multi, marks_oops_alive: false
[13.066s][debug][gc,ref         ] GC(6) Skipped phase 3 of Reference Processing: no references
[13.066s][debug][gc,ref         ] GC(6) ReferenceProcessor::execute queues: 1, RefProcThreadModel::Single, marks_oops_alive: false
[13.066s][debug][gc,phases      ] GC(6) Reference Processing 0.759ms
[13.066s][debug][gc,phases      ] GC(6)   VM Weak                        Min:  0.0, Avg:  0.0, Max:  0.0, Diff:  0.0, Sum:  0.0, Workers: 4
[13.066s][debug][gc,phases      ] GC(6)     Dead                           Min: 0, Avg:  0.2, Max: 1, Diff: 1, Sum: 1, Workers: 4
[13.066s][debug][gc,phases      ] GC(6)     Total                          Min: 0, Avg: 154.2, Max: 361, Diff: 361, Sum: 617, Workers: 4
[13.066s][debug][gc,phases      ] GC(6)   ObjectSynchronizer Weak        Min:  0.0, Avg:  0.0, Max:  0.0, Diff:  0.0, Sum:  0.0, Workers: 4
[13.066s][debug][gc,phases      ] GC(6)     Dead                           Min: 0, Avg:  0.5, Max: 2, Diff: 2, Sum: 2, Workers: 4
[13.066s][debug][gc,phases      ] GC(6)     Total                          Min: 0, Avg:  9.8, Max: 39, Diff: 39, Sum: 39, Workers: 4
[13.066s][debug][gc,phases      ] GC(6)   JVMTI Tag Weak OopStorage      Min:  0.0, Avg:  0.0, Max:  0.0, Diff:  0.0, Sum:  0.0, Workers: 4
[13.066s][debug][gc,phases      ] GC(6)     Dead                           Min: 0, Avg:  0.0, Max: 0, Diff: 0, Sum: 0, Workers: 4
[13.066s][debug][gc,phases      ] GC(6)     Total                          Min: 0, Avg:  0.0, Max: 0, Diff: 0, Sum: 0, Workers: 4
[13.066s][debug][gc,phases      ] GC(6)   StringTable Weak               Min:  0.0, Avg:  0.1, Max:  0.2, Diff:  0.2, Sum:  0.5, Workers: 4
[13.066s][debug][gc,phases      ] GC(6)     Dead                           Min: 0, Avg:  2.5, Max: 5, Diff: 5, Sum: 10, Workers: 4
[13.066s][debug][gc,phases      ] GC(6)     Total                          Min: 0, Avg: 9260.2, Max: 13490, Diff: 13490, Sum: 37041, Workers: 4
[13.066s][debug][gc,phases      ] GC(6)   ResolvedMethodTable Weak       Min:  0.0, Avg:  0.0, Max:  0.0, Diff:  0.0, Sum:  0.1, Workers: 4
[13.066s][debug][gc,phases      ] GC(6)     Dead                           Min: 0, Avg: 21.0, Max: 55, Diff: 55, Sum: 84, Workers: 4
[13.066s][debug][gc,phases      ] GC(6)     Total                          Min: 0, Avg: 1724.2, Max: 2688, Diff: 2688, Sum: 6897, Workers: 4
[13.066s][debug][gc,phases      ] GC(6)   JNI Weak                       Min:  0.0, Avg:  0.0, Max:  0.0, Diff:  0.0, Sum:  0.0, Workers: 4
[13.066s][debug][gc,phases      ] GC(6)     Dead                           Min: 0, Avg:  0.0, Max: 0, Diff: 0, Sum: 0, Workers: 4
[13.066s][debug][gc,phases      ] GC(6)     Total                          Min: 0, Avg: 16.2, Max: 65, Diff: 65, Sum: 65, Workers: 4
[13.066s][debug][gc,phases      ] GC(6)   StringDedup Table Weak         Min:  0.0, Avg:  0.0, Max:  0.0, Diff:  0.0, Sum:  0.0, Workers: 4
[13.066s][debug][gc,phases      ] GC(6)     Dead                           Min: 0, Avg:  0.0, Max: 0, Diff: 0, Sum: 0, Workers: 4
[13.066s][debug][gc,phases      ] GC(6)     Total                          Min: 0, Avg:  0.0, Max: 0, Diff: 0, Sum: 0, Workers: 4
[13.066s][debug][gc,phases      ] GC(6)   StringDedup Requests0 Weak     Min:  0.0, Avg:  0.0, Max:  0.0, Diff:  0.0, Sum:  0.0, Workers: 4
[13.066s][debug][gc,phases      ] GC(6)     Dead                           Min: 0, Avg:  0.0, Max: 0, Diff: 0, Sum: 0, Workers: 4
[13.066s][debug][gc,phases      ] GC(6)     Total                          Min: 0, Avg:  0.0, Max: 0, Diff: 0, Sum: 0, Workers: 4
[13.066s][debug][gc,phases      ] GC(6)   StringDedup Requests1 Weak     Min:  0.0, Avg:  0.0, Max:  0.0, Diff:  0.0, Sum:  0.0, Workers: 4
[13.066s][debug][gc,phases      ] GC(6)     Dead                           Min: 0, Avg:  0.0, Max: 0, Diff: 0, Sum: 0, Workers: 4
[13.066s][debug][gc,phases      ] GC(6)     Total                          Min: 0, Avg:  0.0, Max: 0, Diff: 0, Sum: 0, Workers: 4
[13.066s][debug][gc,phases      ] GC(6)   Weak JFR Old Object Samples    Min:  0.0, Avg:  0.0, Max:  0.0, Diff:  0.0, Sum:  0.0, Workers: 4
[13.066s][debug][gc,phases      ] GC(6)     Dead                           Min: 0, Avg:  0.0, Max: 0, Diff: 0, Sum: 0, Workers: 4
[13.066s][debug][gc,phases      ] GC(6)     Total                          Min: 0, Avg:  0.0, Max: 0, Diff: 0, Sum: 0, Workers: 4
[13.066s][debug][gc,phases      ] GC(6) Weak Processing 0.405ms
[13.066s][debug][gc,phases      ] GC(6) ClassLoaderData 0.156ms
[13.066s][debug][gc,phases      ] GC(6) Trigger cleanups 0.008ms
[13.082s][debug][gc,phases      ] GC(6) Class Unloading 15.720ms
[13.082s][info ][gc,phases      ] GC(6) Marking Phase 316.974ms
[13.082s][info ][gc,phases,start] GC(6) Summary Phase
[13.082s][info ][gc,phases      ] GC(6) Summary Phase 0.031ms
[13.082s][info ][gc,phases,start] GC(6) Adjust Roots
[13.091s][info ][gc,phases      ] GC(6) Adjust Roots 8.865ms
[13.091s][info ][gc,phases,start] GC(6) Compaction Phase
[13.853s][info ][gc,phases      ] GC(6) Compaction Phase 762.007ms
[13.853s][info ][gc,phases,start] GC(6) Post Compact
[13.857s][info ][gc,phases      ] GC(6) Post Compact 4.420ms
[13.857s][info ][gc,heap        ] GC(6) PSYoungGen: 1156048K(1572864K)->528596K(1572864K) Eden: 1048576K(1048576K)->528596K(1048576K) From: 107472K(524288K)->0K(524288K)
[13.857s][info ][gc,heap        ] GC(6) ParOldGen: 6130K(6144K)->6130K(18432K)
[13.857s][info ][gc,metaspace   ] GC(6) Metaspace: 62768K(63552K)->62766K(63552K) NonClass: 53451K(53888K)->53450K(53888K) Class: 9316K(9664K)->9316K(9664K)
[13.857s][info ][gc             ] GC(6) Pause Full (Ergonomics) 1134M->522M(1554M) 1092.584ms
[13.857s][info ][gc,cpu         ] GC(6) User=3.70s Sys=0.03s Real=1.09s
[13.859s][info ][safepoint      ] Safepoint "ParallelGCFailedAllocation", Time since last: 447698626 ns, Reaching safepoint: 182506 ns, At safepoint: 1094048873 ns, Total: 1094231379 ns
[14.381s][info ][safepoint      ] Safepoint "ICBufferFull", Time since last: 521623889 ns, Reaching safepoint: 160405 ns, At safepoint: 5400 ns, Total: 165805 ns
[14.938s][info ][safepoint      ] Safepoint "ICBufferFull", Time since last: 557213976 ns, Reaching safepoint: 219807 ns, At safepoint: 11800 ns, Total: 231607 ns
[15.355s][info ][safepoint      ] Safepoint "ICBufferFull", Time since last: 417090204 ns, Reaching safepoint: 248408 ns, At safepoint: 10601 ns, Total: 259009 ns
[15.359s][info ][safepoint      ] Safepoint "ICBufferFull", Time since last: 1530851 ns, Reaching safepoint: 1638054 ns, At safepoint: 15001 ns, Total: 1653055 ns
[15.772s][info ][safepoint      ] Safepoint "ICBufferFull", Time since last: 413675289 ns, Reaching safepoint: 173906 ns, At safepoint: 11800 ns, Total: 185706 ns
[15.876s][info ][safepoint      ] Safepoint "ICBufferFull", Time since last: 103651456 ns, Reaching safepoint: 150305 ns, At safepoint: 9700 ns, Total: 160005 ns
[16.005s][info ][safepoint      ] Safepoint "ICBufferFull", Time since last: 128577786 ns, Reaching safepoint: 239508 ns, At safepoint: 15400 ns, Total: 254908 ns
[16.021s][info ][gc,start       ] GC(7) Pause Young (Allocation Failure)
[16.113s][debug][gc,phases      ] GC(7) Scavenge 91.634ms
[16.113s][debug][gc,ref         ] GC(7) Skipped phase 1 of Reference Processing: no references
[16.113s][debug][gc,ref         ] GC(7) ReferenceProcessor::execute queues: 4, RefProcThreadModel::Multi, marks_oops_alive: false
[16.114s][debug][gc,ref         ] GC(7) Skipped phase 3 of Reference Processing: no references
[16.114s][debug][gc,ref         ] GC(7) ReferenceProcessor::execute queues: 1, RefProcThreadModel::Single, marks_oops_alive: false
[16.114s][debug][gc,phases      ] GC(7) Reference Processing 1.226ms
[16.115s][debug][gc,phases      ] GC(7)   VM Weak                        Min:  0.0, Avg:  0.0, Max:  0.0, Diff:  0.0, Sum:  0.0, Workers: 4
[16.115s][debug][gc,phases      ] GC(7)     Dead                           Min: 0, Avg:  0.0, Max: 0, Diff: 0, Sum: 0, Workers: 4
[16.115s][debug][gc,phases      ] GC(7)     Total                          Min: 0, Avg: 159.5, Max: 384, Diff: 384, Sum: 638, Workers: 4
[16.115s][debug][gc,phases      ] GC(7)   ObjectSynchronizer Weak        Min:  0.0, Avg:  0.0, Max:  0.0, Diff:  0.0, Sum:  0.0, Workers: 4
[16.115s][debug][gc,phases      ] GC(7)     Dead                           Min: 0, Avg:  0.0, Max: 0, Diff: 0, Sum: 0, Workers: 4
[16.115s][debug][gc,phases      ] GC(7)     Total                          Min: 0, Avg: 10.2, Max: 41, Diff: 41, Sum: 41, Workers: 4
[16.115s][debug][gc,phases      ] GC(7)   JVMTI Tag Weak OopStorage      Min:  0.0, Avg:  0.0, Max:  0.0, Diff:  0.0, Sum:  0.0, Workers: 4
[16.115s][debug][gc,phases      ] GC(7)     Dead                           Min: 0, Avg:  0.0, Max: 0, Diff: 0, Sum: 0, Workers: 4
[16.115s][debug][gc,phases      ] GC(7)     Total                          Min: 0, Avg:  0.0, Max: 0, Diff: 0, Sum: 0, Workers: 4
[16.115s][debug][gc,phases      ] GC(7)   StringTable Weak               Min:  0.0, Avg:  0.3, Max:  0.5, Diff:  0.5, Sum:  1.4, Workers: 4
[16.115s][debug][gc,phases      ] GC(7)     Dead                           Min: 0, Avg:  1.5, Max: 3, Diff: 3, Sum: 6, Workers: 4
[16.115s][debug][gc,phases      ] GC(7)     Total                          Min: 0, Avg: 9451.8, Max: 13184, Diff: 13184, Sum: 37807, Workers: 4
[16.115s][debug][gc,phases      ] GC(7)   ResolvedMethodTable Weak       Min:  0.0, Avg:  0.1, Max:  0.1, Diff:  0.1, Sum:  0.3, Workers: 4
[16.115s][debug][gc,phases      ] GC(7)     Dead                           Min: 0, Avg: 17.2, Max: 47, Diff: 47, Sum: 69, Workers: 4
[16.115s][debug][gc,phases      ] GC(7)     Total                          Min: 0, Avg: 1830.8, Max: 2624, Diff: 2624, Sum: 7323, Workers: 4
[16.115s][debug][gc,phases      ] GC(7)   JNI Weak                       Min:  0.0, Avg:  0.0, Max:  0.0, Diff:  0.0, Sum:  0.0, Workers: 4
[16.115s][debug][gc,phases      ] GC(7)     Dead                           Min: 0, Avg:  0.0, Max: 0, Diff: 0, Sum: 0, Workers: 4
[16.115s][debug][gc,phases      ] GC(7)     Total                          Min: 0, Avg: 20.2, Max: 49, Diff: 49, Sum: 81, Workers: 4
[16.115s][debug][gc,phases      ] GC(7)   StringDedup Table Weak         Min:  0.0, Avg:  0.0, Max:  0.0, Diff:  0.0, Sum:  0.0, Workers: 4
[16.115s][debug][gc,phases      ] GC(7)     Dead                           Min: 0, Avg:  0.0, Max: 0, Diff: 0, Sum: 0, Workers: 4
[16.115s][debug][gc,phases      ] GC(7)     Total                          Min: 0, Avg:  0.0, Max: 0, Diff: 0, Sum: 0, Workers: 4
[16.115s][debug][gc,phases      ] GC(7)   StringDedup Requests0 Weak     Min:  0.0, Avg:  0.0, Max:  0.0, Diff:  0.0, Sum:  0.0, Workers: 4
[16.115s][debug][gc,phases      ] GC(7)     Dead                           Min: 0, Avg:  0.0, Max: 0, Diff: 0, Sum: 0, Workers: 4
[16.115s][debug][gc,phases      ] GC(7)     Total                          Min: 0, Avg:  0.0, Max: 0, Diff: 0, Sum: 0, Workers: 4
[16.115s][debug][gc,phases      ] GC(7)   StringDedup Requests1 Weak     Min:  0.0, Avg:  0.0, Max:  0.0, Diff:  0.0, Sum:  0.0, Workers: 4
[16.115s][debug][gc,phases      ] GC(7)     Dead                           Min: 0, Avg:  0.0, Max: 0, Diff: 0, Sum: 0, Workers: 4
[16.115s][debug][gc,phases      ] GC(7)     Total                          Min: 0, Avg:  0.0, Max: 0, Diff: 0, Sum: 0, Workers: 4
[16.115s][debug][gc,phases      ] GC(7)   Weak JFR Old Object Samples    Min:  0.0, Avg:  0.0, Max:  0.0, Diff:  0.0, Sum:  0.0, Workers: 4
[16.115s][debug][gc,phases      ] GC(7)     Dead                           Min: 0, Avg:  0.0, Max: 0, Diff: 0, Sum: 0, Workers: 4
[16.115s][debug][gc,phases      ] GC(7)     Total                          Min: 0, Avg:  0.0, Max: 0, Diff: 0, Sum: 0, Workers: 4
[16.115s][debug][gc,phases      ] GC(7) Weak Processing 0.784ms
[16.115s][debug][gc,age         ] GC(7) Desired survivor size 536870912 bytes, new threshold 7 (max threshold 15)
[16.115s][info ][gc,heap        ] GC(7) PSYoungGen: 1048576K(1572864K)->181472K(1572864K) Eden: 1048576K(1048576K)->0K(1048576K) From: 0K(524288K)->181472K(524288K)
[16.115s][info ][gc,heap        ] GC(7) ParOldGen: 6130K(18432K)->6183K(18432K)
[16.115s][info ][gc,metaspace   ] GC(7) Metaspace: 65092K(65856K)->65092K(65856K) NonClass: 55463K(55872K)->55463K(55872K) Class: 9628K(9984K)->9628K(9984K)
[16.115s][info ][gc             ] GC(7) Pause Young (Allocation Failure) 1029M->183M(1554M) 93.784ms
[16.115s][info ][gc,cpu         ] GC(7) User=0.27s Sys=0.02s Real=0.10s
[16.115s][info ][safepoint      ] Safepoint "ParallelGCFailedAllocation", Time since last: 15985233 ns, Reaching safepoint: 263009 ns, At safepoint: 93867429 ns, Total: 94130438 ns
[16.383s][info ][safepoint      ] Safepoint "ICBufferFull", Time since last: 267336411 ns, Reaching safepoint: 198307 ns, At safepoint: 5200 ns, Total: 203507 ns
[16.660s][info ][safepoint      ] Safepoint "ICBufferFull", Time since last: 277234241 ns, Reaching safepoint: 183906 ns, At safepoint: 3400 ns, Total: 187306 ns
[16.979s][info ][safepoint      ] Safepoint "ICBufferFull", Time since last: 318932131 ns, Reaching safepoint: 166205 ns, At safepoint: 15001 ns, Total: 181206 ns
[17.224s][info ][safepoint      ] Safepoint "ICBufferFull", Time since last: 244151738 ns, Reaching safepoint: 148905 ns, At safepoint: 2600 ns, Total: 151505 ns
[17.351s][info ][safepoint      ] Safepoint "ICBufferFull", Time since last: 127578052 ns, Reaching safepoint: 259309 ns, At safepoint: 11300 ns, Total: 270609 ns
[17.447s][info ][safepoint      ] Safepoint "ICBufferFull", Time since last: 95365979 ns, Reaching safepoint: 258409 ns, At safepoint: 9900 ns, Total: 268309 ns
[17.622s][info ][safepoint      ] Safepoint "ICBufferFull", Time since last: 175155138 ns, Reaching safepoint: 187006 ns, At safepoint: 8101 ns, Total: 195107 ns
[17.758s][info ][safepoint      ] Safepoint "ICBufferFull", Time since last: 135541117 ns, Reaching safepoint: 324911 ns, At safepoint: 10301 ns, Total: 335212 ns
[17.921s][info ][safepoint      ] Safepoint "ICBufferFull", Time since last: 162506816 ns, Reaching safepoint: 199307 ns, At safepoint: 8700 ns, Total: 208007 ns
[17.925s][info ][safepoint      ] Safepoint "ICBufferFull", Time since last: 3806427 ns, Reaching safepoint: 109904 ns, At safepoint: 6700 ns, Total: 116604 ns
[18.098s][info ][safepoint      ] Safepoint "ICBufferFull", Time since last: 172720457 ns, Reaching safepoint: 245208 ns, At safepoint: 11500 ns, Total: 256708 ns
[18.288s][info ][safepoint      ] Safepoint "ICBufferFull", Time since last: 189015600 ns, Reaching safepoint: 845628 ns, At safepoint: 14901 ns, Total: 860529 ns
[18.496s][info ][safepoint      ] Safepoint "ICBufferFull", Time since last: 207820226 ns, Reaching safepoint: 375513 ns, At safepoint: 14000 ns, Total: 389513 ns
[18.496s][info ][safepoint      ] Safepoint "ICBufferFull", Time since last: 71703 ns, Reaching safepoint: 84603 ns, At safepoint: 12600 ns, Total: 97203 ns
[18.698s][info ][safepoint      ] Safepoint "ICBufferFull", Time since last: 201492516 ns, Reaching safepoint: 558218 ns, At safepoint: 15701 ns, Total: 573919 ns
[18.995s][info ][safepoint      ] Safepoint "ICBufferFull", Time since last: 296337077 ns, Reaching safepoint: 235007 ns, At safepoint: 15701 ns, Total: 250708 ns
[19.146s][info ][safepoint      ] Safepoint "ICBufferFull", Time since last: 150654621 ns, Reaching safepoint: 275709 ns, At safepoint: 11901 ns, Total: 287610 ns
[19.293s][info ][safepoint      ] Safepoint "ICBufferFull", Time since last: 146692889 ns, Reaching safepoint: 285809 ns, At safepoint: 13801 ns, Total: 299610 ns
[19.635s][info ][safepoint      ] Safepoint "ICBufferFull", Time since last: 341824092 ns, Reaching safepoint: 409414 ns, At safepoint: 14700 ns, Total: 424114 ns
[19.812s][info ][safepoint      ] Safepoint "ICBufferFull", Time since last: 174978032 ns, Reaching safepoint: 2265876 ns, At safepoint: 12200 ns, Total: 2278076 ns
[20.129s][info ][safepoint      ] Safepoint "ICBufferFull", Time since last: 316341943 ns, Reaching safepoint: 293910 ns, At safepoint: 22600 ns, Total: 316510 ns
[20.435s][info ][safepoint      ] Safepoint "ICBufferFull", Time since last: 305510482 ns, Reaching safepoint: 254509 ns, At safepoint: 16000 ns, Total: 270509 ns
[20.834s][info ][safepoint      ] Safepoint "ICBufferFull", Time since last: 398585984 ns, Reaching safepoint: 279209 ns, At safepoint: 10500 ns, Total: 289709 ns
[21.726s][info ][gc,start       ] GC(8) Pause Young (Allocation Failure)
[21.819s][debug][gc,phases      ] GC(8) Scavenge 92.923ms
[21.819s][debug][gc,ref         ] GC(8) Skipped phase 1 of Reference Processing: no references
[21.819s][debug][gc,ref         ] GC(8) ReferenceProcessor::execute queues: 4, RefProcThreadModel::Multi, marks_oops_alive: false
[21.820s][debug][gc,ref         ] GC(8) Skipped phase 3 of Reference Processing: no references
[21.820s][debug][gc,ref         ] GC(8) ReferenceProcessor::execute queues: 1, RefProcThreadModel::Single, marks_oops_alive: false
[21.820s][debug][gc,phases      ] GC(8) Reference Processing 0.973ms
[21.820s][debug][gc,phases      ] GC(8)   VM Weak                        Min:  0.0, Avg:  0.0, Max:  0.0, Diff:  0.0, Sum:  0.0, Workers: 4
[21.820s][debug][gc,phases      ] GC(8)     Dead                           Min: 0, Avg:  0.0, Max: 0, Diff: 0, Sum: 0, Workers: 4
[21.820s][debug][gc,phases      ] GC(8)     Total                          Min: 0, Avg: 172.8, Max: 384, Diff: 384, Sum: 691, Workers: 4
[21.820s][debug][gc,phases      ] GC(8)   ObjectSynchronizer Weak        Min:  0.0, Avg:  0.0, Max:  0.0, Diff:  0.0, Sum:  0.0, Workers: 4
[21.820s][debug][gc,phases      ] GC(8)     Dead                           Min: 0, Avg:  1.0, Max: 4, Diff: 4, Sum: 4, Workers: 4
[21.820s][debug][gc,phases      ] GC(8)     Total                          Min: 0, Avg: 11.8, Max: 47, Diff: 47, Sum: 47, Workers: 4
[21.820s][debug][gc,phases      ] GC(8)   JVMTI Tag Weak OopStorage      Min:  0.0, Avg:  0.0, Max:  0.0, Diff:  0.0, Sum:  0.0, Workers: 4
[21.820s][debug][gc,phases      ] GC(8)     Dead                           Min: 0, Avg:  0.0, Max: 0, Diff: 0, Sum: 0, Workers: 4
[21.820s][debug][gc,phases      ] GC(8)     Total                          Min: 0, Avg:  0.0, Max: 0, Diff: 0, Sum: 0, Workers: 4
[21.820s][debug][gc,phases      ] GC(8)   StringTable Weak               Min:  0.0, Avg:  0.4, Max:  0.5, Diff:  0.5, Sum:  1.4, Workers: 4
[21.820s][debug][gc,phases      ] GC(8)     Dead                           Min: 0, Avg:  4.0, Max: 7, Diff: 7, Sum: 16, Workers: 4
[21.820s][debug][gc,phases      ] GC(8)     Total                          Min: 0, Avg: 10321.8, Max: 16199, Diff: 16199, Sum: 41287, Workers: 4
[21.820s][debug][gc,phases      ] GC(8)   ResolvedMethodTable Weak       Min:  0.0, Avg:  0.1, Max:  0.1, Diff:  0.1, Sum:  0.3, Workers: 4
[21.820s][debug][gc,phases      ] GC(8)     Dead                           Min: 0, Avg: 35.8, Max: 76, Diff: 76, Sum: 143, Workers: 4
[21.820s][debug][gc,phases      ] GC(8)     Total                          Min: 0, Avg: 2051.5, Max: 3584, Diff: 3584, Sum: 8206, Workers: 4
[21.821s][debug][gc,phases      ] GC(8)   JNI Weak                       Min:  0.0, Avg:  0.0, Max:  0.0, Diff:  0.0, Sum:  0.0, Workers: 4
[21.821s][debug][gc,phases      ] GC(8)     Dead                           Min: 0, Avg:  0.0, Max: 0, Diff: 0, Sum: 0, Workers: 4
[21.821s][debug][gc,phases      ] GC(8)     Total                          Min: 0, Avg: 34.5, Max: 70, Diff: 70, Sum: 138, Workers: 4
[21.821s][debug][gc,phases      ] GC(8)   StringDedup Table Weak         Min:  0.0, Avg:  0.0, Max:  0.0, Diff:  0.0, Sum:  0.0, Workers: 4
[21.821s][debug][gc,phases      ] GC(8)     Dead                           Min: 0, Avg:  0.0, Max: 0, Diff: 0, Sum: 0, Workers: 4
[21.821s][debug][gc,phases      ] GC(8)     Total                          Min: 0, Avg:  0.0, Max: 0, Diff: 0, Sum: 0, Workers: 4
[21.821s][debug][gc,phases      ] GC(8)   StringDedup Requests0 Weak     Min:  0.0, Avg:  0.0, Max:  0.0, Diff:  0.0, Sum:  0.0, Workers: 4
[21.821s][debug][gc,phases      ] GC(8)     Dead                           Min: 0, Avg:  0.0, Max: 0, Diff: 0, Sum: 0, Workers: 4
[21.821s][debug][gc,phases      ] GC(8)     Total                          Min: 0, Avg:  0.0, Max: 0, Diff: 0, Sum: 0, Workers: 4
[21.821s][debug][gc,phases      ] GC(8)   StringDedup Requests1 Weak     Min:  0.0, Avg:  0.0, Max:  0.0, Diff:  0.0, Sum:  0.0, Workers: 4
[21.821s][debug][gc,phases      ] GC(8)     Dead                           Min: 0, Avg:  0.0, Max: 0, Diff: 0, Sum: 0, Workers: 4
[21.821s][debug][gc,phases      ] GC(8)     Total                          Min: 0, Avg:  0.0, Max: 0, Diff: 0, Sum: 0, Workers: 4
[21.821s][debug][gc,phases      ] GC(8)   Weak JFR Old Object Samples    Min:  0.0, Avg:  0.0, Max:  0.0, Diff:  0.0, Sum:  0.0, Workers: 4
[21.821s][debug][gc,phases      ] GC(8)     Dead                           Min: 0, Avg:  0.0, Max: 0, Diff: 0, Sum: 0, Workers: 4
[21.821s][debug][gc,phases      ] GC(8)     Total                          Min: 0, Avg:  0.0, Max: 0, Diff: 0, Sum: 0, Workers: 4
[21.821s][debug][gc,phases      ] GC(8) Weak Processing 0.795ms
[21.821s][debug][gc,age         ] GC(8) Desired survivor size 261095424 bytes, new threshold 8 (max threshold 15)
[21.821s][info ][gc,heap        ] GC(8) PSYoungGen: 1230048K(1572864K)->202881K(1842176K) Eden: 1048576K(1048576K)->0K(1317888K) From: 181472K(524288K)->202881K(524288K)
[21.821s][info ][gc,heap        ] GC(8) ParOldGen: 6183K(18432K)->6487K(18432K)
[21.821s][info ][gc,metaspace   ] GC(8) Metaspace: 75929K(76736K)->75929K(76736K) NonClass: 64954K(65408K)->64954K(65408K) Class: 10975K(11328K)->10975K(11328K)
[21.821s][info ][gc             ] GC(8) Pause Young (Allocation Failure) 1207M->204M(1817M) 94.829ms
[21.821s][info ][gc,cpu         ] GC(8) User=0.31s Sys=0.02s Real=0.09s
[21.821s][info ][safepoint      ] Safepoint "ParallelGCFailedAllocation", Time since last: 891938725 ns, Reaching safepoint: 264609 ns, At safepoint: 94925863 ns, Total: 95190472 ns
[22.333s][info ][safepoint      ] Safepoint "ICBufferFull", Time since last: 512176468 ns, Reaching safepoint: 281209 ns, At safepoint: 13401 ns, Total: 294610 ns
[23.333s][info ][safepoint      ] Safepoint "Cleanup", Time since last: 1000121427 ns, Reaching safepoint: 201307 ns, At safepoint: 15700 ns, Total: 217007 ns
[24.334s][info ][safepoint      ] Safepoint "Cleanup", Time since last: 1000126826 ns, Reaching safepoint: 267709 ns, At safepoint: 9501 ns, Total: 277210 ns
[25.334s][info ][safepoint      ] Safepoint "Cleanup", Time since last: 1000123524 ns, Reaching safepoint: 249208 ns, At safepoint: 12001 ns, Total: 261209 ns
[26.335s][info ][safepoint      ] Safepoint "Cleanup", Time since last: 1000112122 ns, Reaching safepoint: 198107 ns, At safepoint: 13900 ns, Total: 212007 ns
[26.654s][info ][gc,start       ] GC(9) Pause Young (Allocation Failure)
[26.768s][debug][gc,phases      ] GC(9) Scavenge 113.627ms
[26.768s][debug][gc,ref         ] GC(9) Skipped phase 1 of Reference Processing: no references
[26.768s][debug][gc,ref         ] GC(9) ReferenceProcessor::execute queues: 4, RefProcThreadModel::Multi, marks_oops_alive: false
[26.769s][debug][gc,ref         ] GC(9) Skipped phase 3 of Reference Processing: no references
[26.769s][debug][gc,ref         ] GC(9) ReferenceProcessor::execute queues: 1, RefProcThreadModel::Single, marks_oops_alive: false
[26.769s][debug][gc,phases      ] GC(9) Reference Processing 0.889ms
[26.769s][debug][gc,phases      ] GC(9)   VM Weak                        Min:  0.0, Avg:  0.0, Max:  0.0, Diff:  0.0, Sum:  0.0, Workers: 4
[26.769s][debug][gc,phases      ] GC(9)     Dead                           Min: 0, Avg:  0.0, Max: 0, Diff: 0, Sum: 0, Workers: 4
[26.769s][debug][gc,phases      ] GC(9)     Total                          Min: 115, Avg: 172.8, Max: 256, Diff: 141, Sum: 691, Workers: 4
[26.769s][debug][gc,phases      ] GC(9)   ObjectSynchronizer Weak        Min:  0.0, Avg:  0.0, Max:  0.0, Diff:  0.0, Sum:  0.0, Workers: 4
[26.769s][debug][gc,phases      ] GC(9)     Dead                           Min: 0, Avg:  0.0, Max: 0, Diff: 0, Sum: 0, Workers: 4
[26.769s][debug][gc,phases      ] GC(9)     Total                          Min: 0, Avg: 11.8, Max: 47, Diff: 47, Sum: 47, Workers: 4
[26.769s][debug][gc,phases      ] GC(9)   JVMTI Tag Weak OopStorage      Min:  0.0, Avg:  0.0, Max:  0.0, Diff:  0.0, Sum:  0.0, Workers: 4
[26.769s][debug][gc,phases      ] GC(9)     Dead                           Min: 0, Avg:  0.0, Max: 0, Diff: 0, Sum: 0, Workers: 4
[26.769s][debug][gc,phases      ] GC(9)     Total                          Min: 0, Avg:  0.0, Max: 0, Diff: 0, Sum: 0, Workers: 4
[26.769s][debug][gc,phases      ] GC(9)   StringTable Weak               Min:  0.4, Avg:  0.4, Max:  0.4, Diff:  0.0, Sum:  1.7, Workers: 4
[26.769s][debug][gc,phases      ] GC(9)     Dead                           Min: 0, Avg:  0.5, Max: 1, Diff: 1, Sum: 2, Workers: 4
[26.769s][debug][gc,phases      ] GC(9)     Total                          Min: 8768, Avg: 10347.2, Max: 11438, Diff: 2670, Sum: 41389, Workers: 4
[26.769s][debug][gc,phases      ] GC(9)   ResolvedMethodTable Weak       Min:  0.1, Avg:  0.1, Max:  0.1, Diff:  0.0, Sum:  0.4, Workers: 4
[26.769s][debug][gc,phases      ] GC(9)     Dead                           Min: 0, Avg:  0.0, Max: 0, Diff: 0, Sum: 0, Workers: 4
[26.769s][debug][gc,phases      ] GC(9)     Total                          Min: 1816, Avg: 2000.5, Max: 2253, Diff: 437, Sum: 8002, Workers: 4
[26.769s][debug][gc,phases      ] GC(9)   JNI Weak                       Min:  0.0, Avg:  0.0, Max:  0.0, Diff:  0.0, Sum:  0.0, Workers: 4
[26.769s][debug][gc,phases      ] GC(9)     Dead                           Min: 0, Avg:  0.0, Max: 0, Diff: 0, Sum: 0, Workers: 4
[26.769s][debug][gc,phases      ] GC(9)     Total                          Min: 0, Avg: 49.8, Max: 81, Diff: 81, Sum: 199, Workers: 4
[26.769s][debug][gc,phases      ] GC(9)   StringDedup Table Weak         Min:  0.0, Avg:  0.0, Max:  0.0, Diff:  0.0, Sum:  0.0, Workers: 4
[26.769s][debug][gc,phases      ] GC(9)     Dead                           Min: 0, Avg:  0.0, Max: 0, Diff: 0, Sum: 0, Workers: 4
[26.769s][debug][gc,phases      ] GC(9)     Total                          Min: 0, Avg:  0.0, Max: 0, Diff: 0, Sum: 0, Workers: 4
[26.769s][debug][gc,phases      ] GC(9)   StringDedup Requests0 Weak     Min:  0.0, Avg:  0.0, Max:  0.0, Diff:  0.0, Sum:  0.0, Workers: 4
[26.769s][debug][gc,phases      ] GC(9)     Dead                           Min: 0, Avg:  0.0, Max: 0, Diff: 0, Sum: 0, Workers: 4
[26.769s][debug][gc,phases      ] GC(9)     Total                          Min: 0, Avg:  0.0, Max: 0, Diff: 0, Sum: 0, Workers: 4
[26.769s][debug][gc,phases      ] GC(9)   StringDedup Requests1 Weak     Min:  0.0, Avg:  0.0, Max:  0.0, Diff:  0.0, Sum:  0.0, Workers: 4
[26.769s][debug][gc,phases      ] GC(9)     Dead                           Min: 0, Avg:  0.0, Max: 0, Diff: 0, Sum: 0, Workers: 4
[26.769s][debug][gc,phases      ] GC(9)     Total                          Min: 0, Avg:  0.0, Max: 0, Diff: 0, Sum: 0, Workers: 4
[26.769s][debug][gc,phases      ] GC(9)   Weak JFR Old Object Samples    Min:  0.0, Avg:  0.0, Max:  0.0, Diff:  0.0, Sum:  0.0, Workers: 4
[26.769s][debug][gc,phases      ] GC(9)     Dead                           Min: 0, Avg:  0.0, Max: 0, Diff: 0, Sum: 0, Workers: 4
[26.769s][debug][gc,phases      ] GC(9)     Total                          Min: 0, Avg:  0.0, Max: 0, Diff: 0, Sum: 0, Workers: 4
[26.769s][debug][gc,phases      ] GC(9) Weak Processing 0.720ms
[26.770s][debug][gc,age         ] GC(9) Desired survivor size 295174144 bytes, new threshold 9 (max threshold 15)
[26.770s][info ][gc,heap        ] GC(9) PSYoungGen: 1520769K(1842176K)->218238K(1572864K) Eden: 1317888K(1317888K)->0K(1317888K) From: 202881K(524288K)->218238K(254976K)
[26.770s][info ][gc,heap        ] GC(9) ParOldGen: 6487K(18432K)->6495K(18432K)
[26.770s][info ][gc,metaspace   ] GC(9) Metaspace: 76318K(77184K)->76318K(77184K) NonClass: 65327K(65792K)->65327K(65792K) Class: 10990K(11392K)->10990K(11392K)
[26.770s][info ][gc             ] GC(9) Pause Young (Allocation Failure) 1491M->219M(1554M) 115.376ms
[26.770s][info ][gc,cpu         ] GC(9) User=0.30s Sys=0.09s Real=0.11s
[26.770s][info ][safepoint      ] Safepoint "ParallelGCFailedAllocation", Time since last: 319372341 ns, Reaching safepoint: 141005 ns, At safepoint: 115472247 ns, Total: 115613252 ns
[27.225s][info ][safepoint      ] Safepoint "ICBufferFull", Time since last: 455543977 ns, Reaching safepoint: 238408 ns, At safepoint: 18201 ns, Total: 256609 ns
[27.919s][info ][safepoint      ] Safepoint "ICBufferFull", Time since last: 691386835 ns, Reaching safepoint: 2300376 ns, At safepoint: 14801 ns, Total: 2315177 ns
[28.833s][info ][safepoint      ] Safepoint "ICBufferFull", Time since last: 913429231 ns, Reaching safepoint: 347311 ns, At safepoint: 12501 ns, Total: 359812 ns
[29.833s][info ][safepoint      ] Safepoint "Cleanup", Time since last: 1000130418 ns, Reaching safepoint: 258908 ns, At safepoint: 11101 ns, Total: 270009 ns
[30.333s][info ][gc,start       ] GC(10) Pause Young (Allocation Failure)
[30.453s][debug][gc,phases      ] GC(10) Scavenge 120.888ms
[30.454s][debug][gc,ref         ] GC(10) Skipped phase 1 of Reference Processing: no references
[30.454s][debug][gc,ref         ] GC(10) ReferenceProcessor::execute queues: 4, RefProcThreadModel::Multi, marks_oops_alive: false
[30.454s][debug][gc,ref         ] GC(10) ReferenceProcessor::execute queues: 4, RefProcThreadModel::Multi, marks_oops_alive: true
[30.455s][debug][gc,ref         ] GC(10) ReferenceProcessor::execute queues: 1, RefProcThreadModel::Single, marks_oops_alive: false
[30.455s][debug][gc,phases      ] GC(10) Reference Processing 1.020ms
[30.455s][debug][gc,phases      ] GC(10)   VM Weak                        Min:  0.0, Avg:  0.0, Max:  0.0, Diff:  0.0, Sum:  0.0, Workers: 4
[30.455s][debug][gc,phases      ] GC(10)     Dead                           Min: 0, Avg:  0.0, Max: 0, Diff: 0, Sum: 0, Workers: 4
[30.455s][debug][gc,phases      ] GC(10)     Total                          Min: 64, Avg: 175.8, Max: 383, Diff: 319, Sum: 703, Workers: 4
[30.455s][debug][gc,phases      ] GC(10)   ObjectSynchronizer Weak        Min:  0.0, Avg:  0.0, Max:  0.0, Diff:  0.0, Sum:  0.0, Workers: 4
[30.455s][debug][gc,phases      ] GC(10)     Dead                           Min: 0, Avg:  0.0, Max: 0, Diff: 0, Sum: 0, Workers: 4
[30.455s][debug][gc,phases      ] GC(10)     Total                          Min: 0, Avg: 11.8, Max: 47, Diff: 47, Sum: 47, Workers: 4
[30.455s][debug][gc,phases      ] GC(10)   JVMTI Tag Weak OopStorage      Min:  0.0, Avg:  0.0, Max:  0.0, Diff:  0.0, Sum:  0.0, Workers: 4
[30.455s][debug][gc,phases      ] GC(10)     Dead                           Min: 0, Avg:  0.0, Max: 0, Diff: 0, Sum: 0, Workers: 4
[30.455s][debug][gc,phases      ] GC(10)     Total                          Min: 0, Avg:  0.0, Max: 0, Diff: 0, Sum: 0, Workers: 4
[30.455s][debug][gc,phases      ] GC(10)   StringTable Weak               Min:  0.4, Avg:  0.4, Max:  0.4, Diff:  0.0, Sum:  1.7, Workers: 4
[30.455s][debug][gc,phases      ] GC(10)     Dead                           Min: 0, Avg:  0.5, Max: 2, Diff: 2, Sum: 2, Workers: 4
[30.455s][debug][gc,phases      ] GC(10)     Total                          Min: 9600, Avg: 10379.5, Max: 12096, Diff: 2496, Sum: 41518, Workers: 4
[30.455s][debug][gc,phases      ] GC(10)   ResolvedMethodTable Weak       Min:  0.1, Avg:  0.1, Max:  0.1, Diff:  0.0, Sum:  0.4, Workers: 4
[30.455s][debug][gc,phases      ] GC(10)     Dead                           Min: 0, Avg:  4.2, Max: 17, Diff: 17, Sum: 17, Workers: 4
[30.455s][debug][gc,phases      ] GC(10)     Total                          Min: 1759, Avg: 2018.8, Max: 2332, Diff: 573, Sum: 8075, Workers: 4
[30.455s][debug][gc,phases      ] GC(10)   JNI Weak                       Min:  0.0, Avg:  0.0, Max:  0.0, Diff:  0.0, Sum:  0.0, Workers: 4
[30.455s][debug][gc,phases      ] GC(10)     Dead                           Min: 0, Avg:  0.0, Max: 0, Diff: 0, Sum: 0, Workers: 4
[30.455s][debug][gc,phases      ] GC(10)     Total                          Min: 0, Avg: 28.5, Max: 91, Diff: 91, Sum: 114, Workers: 4
[30.455s][debug][gc,phases      ] GC(10)   StringDedup Table Weak         Min:  0.0, Avg:  0.0, Max:  0.0, Diff:  0.0, Sum:  0.0, Workers: 4
[30.455s][debug][gc,phases      ] GC(10)     Dead                           Min: 0, Avg:  0.0, Max: 0, Diff: 0, Sum: 0, Workers: 4
[30.455s][debug][gc,phases      ] GC(10)     Total                          Min: 0, Avg:  0.0, Max: 0, Diff: 0, Sum: 0, Workers: 4
[30.455s][debug][gc,phases      ] GC(10)   StringDedup Requests0 Weak     Min:  0.0, Avg:  0.0, Max:  0.0, Diff:  0.0, Sum:  0.0, Workers: 4
[30.455s][debug][gc,phases      ] GC(10)     Dead                           Min: 0, Avg:  0.0, Max: 0, Diff: 0, Sum: 0, Workers: 4
[30.455s][debug][gc,phases      ] GC(10)     Total                          Min: 0, Avg:  0.0, Max: 0, Diff: 0, Sum: 0, Workers: 4
[30.455s][debug][gc,phases      ] GC(10)   StringDedup Requests1 Weak     Min:  0.0, Avg:  0.0, Max:  0.0, Diff:  0.0, Sum:  0.0, Workers: 4
[30.455s][debug][gc,phases      ] GC(10)     Dead                           Min: 0, Avg:  0.0, Max: 0, Diff: 0, Sum: 0, Workers: 4
[30.455s][debug][gc,phases      ] GC(10)     Total                          Min: 0, Avg:  0.0, Max: 0, Diff: 0, Sum: 0, Workers: 4
[30.455s][debug][gc,phases      ] GC(10)   Weak JFR Old Object Samples    Min:  0.0, Avg:  0.0, Max:  0.0, Diff:  0.0, Sum:  0.0, Workers: 4
[30.455s][debug][gc,phases      ] GC(10)     Dead                           Min: 0, Avg:  0.0, Max: 0, Diff: 0, Sum: 0, Workers: 4
[30.455s][debug][gc,phases      ] GC(10)     Total                          Min: 0, Avg:  0.0, Max: 0, Diff: 0, Sum: 0, Workers: 4
[30.455s][debug][gc,phases      ] GC(10) Weak Processing 0.722ms
[30.455s][debug][gc,age         ] GC(10) Desired survivor size 324534272 bytes, new threshold 10 (max threshold 15)
[30.455s][info ][gc,heap        ] GC(10) PSYoungGen: 1536126K(1572864K)->236568K(1751552K) Eden: 1317888K(1317888K)->0K(1463296K) From: 218238K(254976K)->236568K(288256K)
[30.455s][info ][gc,heap        ] GC(10) ParOldGen: 6495K(18432K)->6503K(18432K)
[30.455s][info ][gc,metaspace   ] GC(10) Metaspace: 76678K(77504K)->76678K(77504K) NonClass: 65661K(66112K)->65661K(66112K) Class: 11017K(11392K)->11017K(11392K)
[30.455s][info ][gc             ] GC(10) Pause Young (Allocation Failure) 1506M->237M(1728M) 122.778ms
[30.455s][info ][gc,cpu         ] GC(10) User=0.34s Sys=0.07s Real=0.13s
[30.455s][info ][safepoint      ] Safepoint "ParallelGCFailedAllocation", Time since last: 499024423 ns, Reaching safepoint: 191007 ns, At safepoint: 122870993 ns, Total: 123062000 ns
[31.469s][info ][safepoint      ] Safepoint "Cleanup", Time since last: 1013235452 ns, Reaching safepoint: 322311 ns, At safepoint: 13300 ns, Total: 335611 ns
[32.469s][info ][safepoint      ] Safepoint "Cleanup", Time since last: 1000133214 ns, Reaching safepoint: 183506 ns, At safepoint: 10101 ns, Total: 193607 ns
[33.237s][info ][safepoint      ] Safepoint "ICBufferFull", Time since last: 767187654 ns, Reaching safepoint: 305010 ns, At safepoint: 8900 ns, Total: 313910 ns
[34.218s][info ][gc,start       ] GC(11) Pause Young (Allocation Failure)
[34.310s][debug][gc,phases      ] GC(11) Scavenge 92.401ms
[34.310s][debug][gc,ref         ] GC(11) Skipped phase 1 of Reference Processing: no references
[34.311s][debug][gc,ref         ] GC(11) ReferenceProcessor::execute queues: 4, RefProcThreadModel::Multi, marks_oops_alive: false
[34.312s][debug][gc,ref         ] GC(11) Skipped phase 3 of Reference Processing: no references
[34.312s][debug][gc,ref         ] GC(11) ReferenceProcessor::execute queues: 1, RefProcThreadModel::Single, marks_oops_alive: false
[34.312s][debug][gc,phases      ] GC(11) Reference Processing 1.213ms
[34.312s][debug][gc,phases      ] GC(11)   VM Weak                        Min:  0.0, Avg:  0.0, Max:  0.0, Diff:  0.0, Sum:  0.0, Workers: 4
[34.312s][debug][gc,phases      ] GC(11)     Dead                           Min: 0, Avg:  0.0, Max: 0, Diff: 0, Sum: 0, Workers: 4
[34.312s][debug][gc,phases      ] GC(11)     Total                          Min: 0, Avg: 177.0, Max: 388, Diff: 388, Sum: 708, Workers: 4
[34.312s][debug][gc,phases      ] GC(11)   ObjectSynchronizer Weak        Min:  0.0, Avg:  0.0, Max:  0.0, Diff:  0.0, Sum:  0.0, Workers: 4
[34.312s][debug][gc,phases      ] GC(11)     Dead                           Min: 0, Avg:  0.0, Max: 0, Diff: 0, Sum: 0, Workers: 4
[34.312s][debug][gc,phases      ] GC(11)     Total                          Min: 0, Avg: 12.0, Max: 48, Diff: 48, Sum: 48, Workers: 4
[34.312s][debug][gc,phases      ] GC(11)   JVMTI Tag Weak OopStorage      Min:  0.0, Avg:  0.0, Max:  0.0, Diff:  0.0, Sum:  0.0, Workers: 4
[34.312s][debug][gc,phases      ] GC(11)     Dead                           Min: 0, Avg:  0.0, Max: 0, Diff: 0, Sum: 0, Workers: 4
[34.312s][debug][gc,phases      ] GC(11)     Total                          Min: 0, Avg:  0.0, Max: 0, Diff: 0, Sum: 0, Workers: 4
[34.312s][debug][gc,phases      ] GC(11)   StringTable Weak               Min:  0.0, Avg:  0.4, Max:  0.5, Diff:  0.5, Sum:  1.6, Workers: 4
[34.312s][debug][gc,phases      ] GC(11)     Dead                           Min: 0, Avg:  0.2, Max: 1, Diff: 1, Sum: 1, Workers: 4
[34.312s][debug][gc,phases      ] GC(11)     Total                          Min: 0, Avg: 10414.0, Max: 14976, Diff: 14976, Sum: 41656, Workers: 4
[34.312s][debug][gc,phases      ] GC(11)   ResolvedMethodTable Weak       Min:  0.0, Avg:  0.1, Max:  0.1, Diff:  0.1, Sum:  0.3, Workers: 4
[34.312s][debug][gc,phases      ] GC(11)     Dead                           Min: 0, Avg:  0.0, Max: 0, Diff: 0, Sum: 0, Workers: 4
[34.312s][debug][gc,phases      ] GC(11)     Total                          Min: 0, Avg: 2024.5, Max: 2752, Diff: 2752, Sum: 8098, Workers: 4
[34.312s][debug][gc,phases      ] GC(11)   JNI Weak                       Min:  0.0, Avg:  0.0, Max:  0.0, Diff:  0.0, Sum:  0.0, Workers: 4
[34.312s][debug][gc,phases      ] GC(11)     Dead                           Min: 0, Avg:  0.0, Max: 0, Diff: 0, Sum: 0, Workers: 4
[34.312s][debug][gc,phases      ] GC(11)     Total                          Min: 0, Avg: 22.2, Max: 81, Diff: 81, Sum: 89, Workers: 4
[34.312s][debug][gc,phases      ] GC(11)   StringDedup Table Weak         Min:  0.0, Avg:  0.0, Max:  0.0, Diff:  0.0, Sum:  0.0, Workers: 4
[34.312s][debug][gc,phases      ] GC(11)     Dead                           Min: 0, Avg:  0.0, Max: 0, Diff: 0, Sum: 0, Workers: 4
[34.312s][debug][gc,phases      ] GC(11)     Total                          Min: 0, Avg:  0.0, Max: 0, Diff: 0, Sum: 0, Workers: 4
[34.312s][debug][gc,phases      ] GC(11)   StringDedup Requests0 Weak     Min:  0.0, Avg:  0.0, Max:  0.0, Diff:  0.0, Sum:  0.0, Workers: 4
[34.312s][debug][gc,phases      ] GC(11)     Dead                           Min: 0, Avg:  0.0, Max: 0, Diff: 0, Sum: 0, Workers: 4
[34.312s][debug][gc,phases      ] GC(11)     Total                          Min: 0, Avg:  0.0, Max: 0, Diff: 0, Sum: 0, Workers: 4
[34.312s][debug][gc,phases      ] GC(11)   StringDedup Requests1 Weak     Min:  0.0, Avg:  0.0, Max:  0.0, Diff:  0.0, Sum:  0.0, Workers: 4
[34.312s][debug][gc,phases      ] GC(11)     Dead                           Min: 0, Avg:  0.0, Max: 0, Diff: 0, Sum: 0, Workers: 4
[34.312s][debug][gc,phases      ] GC(11)     Total                          Min: 0, Avg:  0.0, Max: 0, Diff: 0, Sum: 0, Workers: 4
[34.312s][debug][gc,phases      ] GC(11)   Weak JFR Old Object Samples    Min:  0.0, Avg:  0.0, Max:  0.0, Diff:  0.0, Sum:  0.0, Workers: 4
[34.312s][debug][gc,phases      ] GC(11)     Dead                           Min: 0, Avg:  0.0, Max: 0, Diff: 0, Sum: 0, Workers: 4
[34.312s][debug][gc,phases      ] GC(11)     Total                          Min: 0, Avg:  0.0, Max: 0, Diff: 0, Sum: 0, Workers: 4
[34.313s][debug][gc,phases      ] GC(11) Weak Processing 0.906ms
[34.313s][debug][gc,age         ] GC(11) Desired survivor size 345505792 bytes, new threshold 11 (max threshold 15)
[34.313s][info ][gc,heap        ] GC(11) PSYoungGen: 1699864K(1751552K)->243560K(1707008K) Eden: 1463296K(1463296K)->0K(1463296K) From: 236568K(288256K)->243560K(243712K)
[34.313s][info ][gc,heap        ] GC(11) ParOldGen: 6503K(18432K)->6511K(18432K)
[34.313s][info ][gc,metaspace   ] GC(11) Metaspace: 76866K(77696K)->76866K(77696K) NonClass: 65837K(66304K)->65837K(66304K) Class: 11028K(11392K)->11028K(11392K)
[34.313s][info ][gc             ] GC(11) Pause Young (Allocation Failure) 1666M->244M(1685M) 94.645ms
[34.313s][info ][gc,cpu         ] GC(11) User=0.34s Sys=0.00s Real=0.09s
[34.313s][info ][safepoint      ] Safepoint "ParallelGCFailedAllocation", Time since last: 980917172 ns, Reaching safepoint: 228707 ns, At safepoint: 94733455 ns, Total: 94962162 ns
[35.313s][info ][safepoint      ] Safepoint "Cleanup", Time since last: 1000084009 ns, Reaching safepoint: 223507 ns, At safepoint: 9801 ns, Total: 233308 ns
[36.050s][info ][safepoint      ] Safepoint "ICBufferFull", Time since last: 736494628 ns, Reaching safepoint: 263609 ns, At safepoint: 15900 ns, Total: 279509 ns
[37.053s][info ][safepoint      ] Safepoint "Cleanup", Time since last: 1000124608 ns, Reaching safepoint: 3292009 ns, At safepoint: 14701 ns, Total: 3306710 ns
[38.021s][info ][gc,start       ] GC(12) Pause Young (Allocation Failure)
[38.128s][debug][gc,phases      ] GC(12) Scavenge 107.236ms
[38.129s][debug][gc,ref         ] GC(12) Skipped phase 1 of Reference Processing: no references
[38.129s][debug][gc,ref         ] GC(12) ReferenceProcessor::execute queues: 4, RefProcThreadModel::Multi, marks_oops_alive: false
[38.130s][debug][gc,ref         ] GC(12) Skipped phase 3 of Reference Processing: no references
[38.130s][debug][gc,ref         ] GC(12) ReferenceProcessor::execute queues: 1, RefProcThreadModel::Single, marks_oops_alive: false
[38.130s][debug][gc,phases      ] GC(12) Reference Processing 1.157ms
[38.130s][debug][gc,phases      ] GC(12)   VM Weak                        Min:  0.0, Avg:  0.0, Max:  0.0, Diff:  0.0, Sum:  0.0, Workers: 4
[38.130s][debug][gc,phases      ] GC(12)     Dead                           Min: 0, Avg:  0.0, Max: 0, Diff: 0, Sum: 0, Workers: 4
[38.130s][debug][gc,phases      ] GC(12)     Total                          Min: 0, Avg: 178.0, Max: 392, Diff: 392, Sum: 712, Workers: 4
[38.130s][debug][gc,phases      ] GC(12)   ObjectSynchronizer Weak        Min:  0.0, Avg:  0.0, Max:  0.0, Diff:  0.0, Sum:  0.0, Workers: 4
[38.130s][debug][gc,phases      ] GC(12)     Dead                           Min: 0, Avg:  0.0, Max: 0, Diff: 0, Sum: 0, Workers: 4
[38.130s][debug][gc,phases      ] GC(12)     Total                          Min: 0, Avg: 12.0, Max: 48, Diff: 48, Sum: 48, Workers: 4
[38.130s][debug][gc,phases      ] GC(12)   JVMTI Tag Weak OopStorage      Min:  0.0, Avg:  0.0, Max:  0.0, Diff:  0.0, Sum:  0.0, Workers: 4
[38.130s][debug][gc,phases      ] GC(12)     Dead                           Min: 0, Avg:  0.0, Max: 0, Diff: 0, Sum: 0, Workers: 4
[38.130s][debug][gc,phases      ] GC(12)     Total                          Min: 0, Avg:  0.0, Max: 0, Diff: 0, Sum: 0, Workers: 4
[38.130s][debug][gc,phases      ] GC(12)   StringTable Weak               Min:  0.0, Avg:  0.4, Max:  0.5, Diff:  0.5, Sum:  1.4, Workers: 4
[38.130s][debug][gc,phases      ] GC(12)     Dead                           Min: 0, Avg:  0.0, Max: 0, Diff: 0, Sum: 0, Workers: 4
[38.130s][debug][gc,phases      ] GC(12)     Total                          Min: 0, Avg: 10428.8, Max: 17651, Diff: 17651, Sum: 41715, Workers: 4
[38.130s][debug][gc,phases      ] GC(12)   ResolvedMethodTable Weak       Min:  0.0, Avg:  0.1, Max:  0.1, Diff:  0.1, Sum:  0.3, Workers: 4
[38.130s][debug][gc,phases      ] GC(12)     Dead                           Min: 0, Avg:  0.0, Max: 0, Diff: 0, Sum: 0, Workers: 4
[38.130s][debug][gc,phases      ] GC(12)     Total                          Min: 0, Avg: 2028.5, Max: 3343, Diff: 3343, Sum: 8114, Workers: 4
[38.130s][debug][gc,phases      ] GC(12)   JNI Weak                       Min:  0.0, Avg:  0.0, Max:  0.0, Diff:  0.0, Sum:  0.0, Workers: 4
[38.130s][debug][gc,phases      ] GC(12)     Dead                           Min: 0, Avg:  0.0, Max: 0, Diff: 0, Sum: 0, Workers: 4
[38.130s][debug][gc,phases      ] GC(12)     Total                          Min: 0, Avg: 20.0, Max: 77, Diff: 77, Sum: 80, Workers: 4
[38.130s][debug][gc,phases      ] GC(12)   StringDedup Table Weak         Min:  0.0, Avg:  0.0, Max:  0.0, Diff:  0.0, Sum:  0.0, Workers: 4
[38.130s][debug][gc,phases      ] GC(12)     Dead                           Min: 0, Avg:  0.0, Max: 0, Diff: 0, Sum: 0, Workers: 4
[38.130s][debug][gc,phases      ] GC(12)     Total                          Min: 0, Avg:  0.0, Max: 0, Diff: 0, Sum: 0, Workers: 4
[38.130s][debug][gc,phases      ] GC(12)   StringDedup Requests0 Weak     Min:  0.0, Avg:  0.0, Max:  0.0, Diff:  0.0, Sum:  0.0, Workers: 4
[38.130s][debug][gc,phases      ] GC(12)     Dead                           Min: 0, Avg:  0.0, Max: 0, Diff: 0, Sum: 0, Workers: 4
[38.130s][debug][gc,phases      ] GC(12)     Total                          Min: 0, Avg:  0.0, Max: 0, Diff: 0, Sum: 0, Workers: 4
[38.130s][debug][gc,phases      ] GC(12)   StringDedup Requests1 Weak     Min:  0.0, Avg:  0.0, Max:  0.0, Diff:  0.0, Sum:  0.0, Workers: 4
[38.130s][debug][gc,phases      ] GC(12)     Dead                           Min: 0, Avg:  0.0, Max: 0, Diff: 0, Sum: 0, Workers: 4
[38.130s][debug][gc,phases      ] GC(12)     Total                          Min: 0, Avg:  0.0, Max: 0, Diff: 0, Sum: 0, Workers: 4
[38.130s][debug][gc,phases      ] GC(12)   Weak JFR Old Object Samples    Min:  0.0, Avg:  0.0, Max:  0.0, Diff:  0.0, Sum:  0.0, Workers: 4
[38.130s][debug][gc,phases      ] GC(12)     Dead                           Min: 0, Avg:  0.0, Max: 0, Diff: 0, Sum: 0, Workers: 4
[38.130s][debug][gc,phases      ] GC(12)     Total                          Min: 0, Avg:  0.0, Max: 0, Diff: 0, Sum: 0, Workers: 4
[38.130s][debug][gc,phases      ] GC(12) Weak Processing 0.777ms
[38.130s][debug][gc,age         ] GC(12) Desired survivor size 364904448 bytes, new threshold 12 (max threshold 15)
[38.131s][info ][gc,heap        ] GC(12) PSYoungGen: 1706856K(1707008K)->256213K(1721856K) Eden: 1463296K(1463296K)->0K(1384448K) From: 243560K(243712K)->256213K(337408K)
[38.131s][info ][gc,heap        ] GC(12) ParOldGen: 6511K(18432K)->6519K(18432K)
[38.131s][info ][gc,metaspace   ] GC(12) Metaspace: 77022K(77888K)->77022K(77888K) NonClass: 65989K(66496K)->65989K(66496K) Class: 11033K(11392K)->11033K(11392K)
[38.131s][info ][gc             ] GC(12) Pause Young (Allocation Failure) 1673M->256M(1699M) 109.317ms
[38.131s][info ][gc,cpu         ] GC(12) User=0.37s Sys=0.02s Real=0.11s
[38.131s][info ][safepoint      ] Safepoint "ParallelGCFailedAllocation", Time since last: 967831730 ns, Reaching safepoint: 158606 ns, At safepoint: 109415443 ns, Total: 109574049 ns
[39.298s][info ][safepoint      ] Safepoint "Cleanup", Time since last: 1166931759 ns, Reaching safepoint: 292410 ns, At safepoint: 12100 ns, Total: 304510 ns
[40.298s][info ][safepoint      ] Safepoint "Cleanup", Time since last: 1000111402 ns, Reaching safepoint: 203507 ns, At safepoint: 14900 ns, Total: 218407 ns
[41.298s][info ][safepoint      ] Safepoint "Cleanup", Time since last: 1000122101 ns, Reaching safepoint: 195007 ns, At safepoint: 15400 ns, Total: 210407 ns
[41.448s][info ][gc,start       ] GC(13) Pause Young (Allocation Failure)
[41.548s][debug][gc,phases      ] GC(13) Scavenge 100.349ms
[41.548s][debug][gc,ref         ] GC(13) Skipped phase 1 of Reference Processing: no references
[41.548s][debug][gc,ref         ] GC(13) ReferenceProcessor::execute queues: 4, RefProcThreadModel::Multi, marks_oops_alive: false
[41.549s][debug][gc,ref         ] GC(13) Skipped phase 3 of Reference Processing: no references
[41.549s][debug][gc,ref         ] GC(13) ReferenceProcessor::execute queues: 1, RefProcThreadModel::Single, marks_oops_alive: false
[41.549s][debug][gc,phases      ] GC(13) Reference Processing 0.900ms
[41.549s][debug][gc,phases      ] GC(13)   VM Weak                        Min:  0.0, Avg:  0.0, Max:  0.0, Diff:  0.0, Sum:  0.0, Workers: 4
[41.550s][debug][gc,phases      ] GC(13)     Dead                           Min: 0, Avg:  0.0, Max: 0, Diff: 0, Sum: 0, Workers: 4
[41.550s][debug][gc,phases      ] GC(13)     Total                          Min: 64, Avg: 179.0, Max: 332, Diff: 268, Sum: 716, Workers: 4
[41.550s][debug][gc,phases      ] GC(13)   ObjectSynchronizer Weak        Min:  0.0, Avg:  0.0, Max:  0.0, Diff:  0.0, Sum:  0.0, Workers: 4
[41.550s][debug][gc,phases      ] GC(13)     Dead                           Min: 0, Avg:  0.0, Max: 0, Diff: 0, Sum: 0, Workers: 4
[41.550s][debug][gc,phases      ] GC(13)     Total                          Min: 0, Avg: 12.0, Max: 48, Diff: 48, Sum: 48, Workers: 4
[41.550s][debug][gc,phases      ] GC(13)   JVMTI Tag Weak OopStorage      Min:  0.0, Avg:  0.0, Max:  0.0, Diff:  0.0, Sum:  0.0, Workers: 4
[41.550s][debug][gc,phases      ] GC(13)     Dead                           Min: 0, Avg:  0.0, Max: 0, Diff: 0, Sum: 0, Workers: 4
[41.550s][debug][gc,phases      ] GC(13)     Total                          Min: 0, Avg:  0.0, Max: 0, Diff: 0, Sum: 0, Workers: 4
[41.550s][debug][gc,phases      ] GC(13)   StringTable Weak               Min:  0.4, Avg:  0.4, Max:  0.4, Diff:  0.0, Sum:  1.7, Workers: 4
[41.550s][debug][gc,phases      ] GC(13)     Dead                           Min: 0, Avg:  0.2, Max: 1, Diff: 1, Sum: 1, Workers: 4
[41.550s][debug][gc,phases      ] GC(13)     Total                          Min: 10048, Avg: 10445.2, Max: 11071, Diff: 1023, Sum: 41781, Workers: 4
[41.550s][debug][gc,phases      ] GC(13)   ResolvedMethodTable Weak       Min:  0.1, Avg:  0.1, Max:  0.1, Diff:  0.0, Sum:  0.4, Workers: 4
[41.550s][debug][gc,phases      ] GC(13)     Dead                           Min: 0, Avg:  0.0, Max: 0, Diff: 0, Sum: 0, Workers: 4
[41.550s][debug][gc,phases      ] GC(13)     Total                          Min: 1950, Avg: 2034.0, Max: 2178, Diff: 228, Sum: 8136, Workers: 4
[41.550s][debug][gc,phases      ] GC(13)   JNI Weak                       Min:  0.0, Avg:  0.0, Max:  0.0, Diff:  0.0, Sum:  0.0, Workers: 4
[41.550s][debug][gc,phases      ] GC(13)     Dead                           Min: 0, Avg:  0.0, Max: 0, Diff: 0, Sum: 0, Workers: 4
[41.550s][debug][gc,phases      ] GC(13)     Total                          Min: 0, Avg: 19.2, Max: 74, Diff: 74, Sum: 77, Workers: 4
[41.550s][debug][gc,phases      ] GC(13)   StringDedup Table Weak         Min:  0.0, Avg:  0.0, Max:  0.0, Diff:  0.0, Sum:  0.0, Workers: 4
[41.550s][debug][gc,phases      ] GC(13)     Dead                           Min: 0, Avg:  0.0, Max: 0, Diff: 0, Sum: 0, Workers: 4
[41.550s][debug][gc,phases      ] GC(13)     Total                          Min: 0, Avg:  0.0, Max: 0, Diff: 0, Sum: 0, Workers: 4
[41.550s][debug][gc,phases      ] GC(13)   StringDedup Requests0 Weak     Min:  0.0, Avg:  0.0, Max:  0.0, Diff:  0.0, Sum:  0.0, Workers: 4
[41.550s][debug][gc,phases      ] GC(13)     Dead                           Min: 0, Avg:  0.0, Max: 0, Diff: 0, Sum: 0, Workers: 4
[41.550s][debug][gc,phases      ] GC(13)     Total                          Min: 0, Avg:  0.0, Max: 0, Diff: 0, Sum: 0, Workers: 4
[41.550s][debug][gc,phases      ] GC(13)   StringDedup Requests1 Weak     Min:  0.0, Avg:  0.0, Max:  0.0, Diff:  0.0, Sum:  0.0, Workers: 4
[41.550s][debug][gc,phases      ] GC(13)     Dead                           Min: 0, Avg:  0.0, Max: 0, Diff: 0, Sum: 0, Workers: 4
[41.550s][debug][gc,phases      ] GC(13)     Total                          Min: 0, Avg:  0.0, Max: 0, Diff: 0, Sum: 0, Workers: 4
[41.550s][debug][gc,phases      ] GC(13)   Weak JFR Old Object Samples    Min:  0.0, Avg:  0.0, Max:  0.0, Diff:  0.0, Sum:  0.0, Workers: 4
[41.550s][debug][gc,phases      ] GC(13)     Dead                           Min: 0, Avg:  0.0, Max: 0, Diff: 0, Sum: 0, Workers: 4
[41.550s][debug][gc,phases      ] GC(13)     Total                          Min: 0, Avg:  0.0, Max: 0, Diff: 0, Sum: 0, Workers: 4
[41.550s][debug][gc,phases      ] GC(13) Weak Processing 0.733ms
[41.550s][debug][gc,age         ] GC(13) Desired survivor size 382730240 bytes, new threshold 13 (max threshold 15)
[41.550s][info ][gc,heap        ] GC(13) PSYoungGen: 1640661K(1721856K)->268628K(1653248K) Eden: 1384448K(1384448K)->0K(1384448K) From: 256213K(337408K)->268628K(268800K)
[41.550s][info ][gc,heap        ] GC(13) ParOldGen: 6519K(18432K)->6527K(18432K)
[41.550s][info ][gc,metaspace   ] GC(13) Metaspace: 77119K(78016K)->77119K(78016K) NonClass: 66079K(66560K)->66079K(66560K) Class: 11039K(11456K)->11039K(11456K)
[41.550s][info ][gc             ] GC(13) Pause Young (Allocation Failure) 1608M->268M(1632M) 102.125ms
[41.550s][info ][gc,cpu         ] GC(13) User=0.34s Sys=0.00s Real=0.10s
[41.550s][info ][safepoint      ] Safepoint "ParallelGCFailedAllocation", Time since last: 148936759 ns, Reaching safepoint: 123604 ns, At safepoint: 102217404 ns, Total: 102341008 ns
[42.550s][info ][safepoint      ] Safepoint "Cleanup", Time since last: 1000097098 ns, Reaching safepoint: 208707 ns, At safepoint: 8100 ns, Total: 216807 ns
[43.550s][info ][safepoint      ] Safepoint "Cleanup", Time since last: 1000080997 ns, Reaching safepoint: 193406 ns, At safepoint: 12301 ns, Total: 205707 ns
[44.552s][info ][safepoint      ] Safepoint "Cleanup", Time since last: 1001408639 ns, Reaching safepoint: 157805 ns, At safepoint: 11100 ns, Total: 168905 ns
[45.552s][info ][safepoint      ] Safepoint "Cleanup", Time since last: 1000119395 ns, Reaching safepoint: 119004 ns, At safepoint: 6300 ns, Total: 125304 ns
[46.552s][info ][safepoint      ] Safepoint "Cleanup", Time since last: 1000111693 ns, Reaching safepoint: 105704 ns, At safepoint: 11200 ns, Total: 116904 ns
[47.553s][info ][safepoint      ] Safepoint "Cleanup", Time since last: 1000125393 ns, Reaching safepoint: 74302 ns, At safepoint: 6100 ns, Total: 80402 ns
[48.553s][info ][safepoint      ] Safepoint "Cleanup", Time since last: 1000121291 ns, Reaching safepoint: 82303 ns, At safepoint: 6900 ns, Total: 89203 ns
[49.620s][info ][safepoint      ] Safepoint "Cleanup", Time since last: 1066517999 ns, Reaching safepoint: 249008 ns, At safepoint: 15301 ns, Total: 264309 ns
[50.216s][info ][safepoint      ] Safepoint "ICBufferFull", Time since last: 594651592 ns, Reaching safepoint: 1242841 ns, At safepoint: 17801 ns, Total: 1260642 ns
[51.035s][info ][gc,start       ] GC(14) Pause Young (Allocation Failure)
[51.134s][debug][gc,phases      ] GC(14) Scavenge 98.640ms
[51.134s][debug][gc,ref         ] GC(14) Skipped phase 1 of Reference Processing: no references
[51.134s][debug][gc,ref         ] GC(14) ReferenceProcessor::execute queues: 4, RefProcThreadModel::Multi, marks_oops_alive: false
[51.135s][debug][gc,ref         ] GC(14) Skipped phase 3 of Reference Processing: no references
[51.135s][debug][gc,ref         ] GC(14) ReferenceProcessor::execute queues: 1, RefProcThreadModel::Single, marks_oops_alive: false
[51.135s][debug][gc,phases      ] GC(14) Reference Processing 0.903ms
[51.135s][debug][gc,phases      ] GC(14)   VM Weak                        Min:  0.0, Avg:  0.0, Max:  0.0, Diff:  0.0, Sum:  0.0, Workers: 4
[51.135s][debug][gc,phases      ] GC(14)     Dead                           Min: 0, Avg:  0.0, Max: 0, Diff: 0, Sum: 0, Workers: 4
[51.135s][debug][gc,phases      ] GC(14)     Total                          Min: 64, Avg: 179.8, Max: 335, Diff: 271, Sum: 719, Workers: 4
[51.135s][debug][gc,phases      ] GC(14)   ObjectSynchronizer Weak        Min:  0.0, Avg:  0.0, Max:  0.0, Diff:  0.0, Sum:  0.0, Workers: 4
[51.135s][debug][gc,phases      ] GC(14)     Dead                           Min: 0, Avg:  0.0, Max: 0, Diff: 0, Sum: 0, Workers: 4
[51.135s][debug][gc,phases      ] GC(14)     Total                          Min: 0, Avg: 12.0, Max: 48, Diff: 48, Sum: 48, Workers: 4
[51.135s][debug][gc,phases      ] GC(14)   JVMTI Tag Weak OopStorage      Min:  0.0, Avg:  0.0, Max:  0.0, Diff:  0.0, Sum:  0.0, Workers: 4
[51.135s][debug][gc,phases      ] GC(14)     Dead                           Min: 0, Avg:  0.0, Max: 0, Diff: 0, Sum: 0, Workers: 4
[51.135s][debug][gc,phases      ] GC(14)     Total                          Min: 0, Avg:  0.0, Max: 0, Diff: 0, Sum: 0, Workers: 4
[51.135s][debug][gc,phases      ] GC(14)   StringTable Weak               Min:  0.4, Avg:  0.4, Max:  0.4, Diff:  0.0, Sum:  1.7, Workers: 4
[51.135s][debug][gc,phases      ] GC(14)     Dead                           Min: 0, Avg:  0.5, Max: 2, Diff: 2, Sum: 2, Workers: 4
[51.135s][debug][gc,phases      ] GC(14)     Total                          Min: 8704, Avg: 10504.0, Max: 12832, Diff: 4128, Sum: 42016, Workers: 4
[51.135s][debug][gc,phases      ] GC(14)   ResolvedMethodTable Weak       Min:  0.1, Avg:  0.1, Max:  0.1, Diff:  0.0, Sum:  0.4, Workers: 4
[51.135s][debug][gc,phases      ] GC(14)     Dead                           Min: 0, Avg:  0.0, Max: 0, Diff: 0, Sum: 0, Workers: 4
[51.135s][debug][gc,phases      ] GC(14)     Total                          Min: 1761, Avg: 2040.8, Max: 2299, Diff: 538, Sum: 8163, Workers: 4
[51.135s][debug][gc,phases      ] GC(14)   JNI Weak                       Min:  0.0, Avg:  0.0, Max:  0.0, Diff:  0.0, Sum:  0.0, Workers: 4
[51.135s][debug][gc,phases      ] GC(14)     Dead                           Min: 0, Avg:  0.0, Max: 0, Diff: 0, Sum: 0, Workers: 4
[51.135s][debug][gc,phases      ] GC(14)     Total                          Min: 0, Avg: 13.5, Max: 54, Diff: 54, Sum: 54, Workers: 4
[51.135s][debug][gc,phases      ] GC(14)   StringDedup Table Weak         Min:  0.0, Avg:  0.0, Max:  0.0, Diff:  0.0, Sum:  0.0, Workers: 4
[51.135s][debug][gc,phases      ] GC(14)     Dead                           Min: 0, Avg:  0.0, Max: 0, Diff: 0, Sum: 0, Workers: 4
[51.135s][debug][gc,phases      ] GC(14)     Total                          Min: 0, Avg:  0.0, Max: 0, Diff: 0, Sum: 0, Workers: 4
[51.135s][debug][gc,phases      ] GC(14)   StringDedup Requests0 Weak     Min:  0.0, Avg:  0.0, Max:  0.0, Diff:  0.0, Sum:  0.0, Workers: 4
[51.135s][debug][gc,phases      ] GC(14)     Dead                           Min: 0, Avg:  0.0, Max: 0, Diff: 0, Sum: 0, Workers: 4
[51.135s][debug][gc,phases      ] GC(14)     Total                          Min: 0, Avg:  0.0, Max: 0, Diff: 0, Sum: 0, Workers: 4
[51.135s][debug][gc,phases      ] GC(14)   StringDedup Requests1 Weak     Min:  0.0, Avg:  0.0, Max:  0.0, Diff:  0.0, Sum:  0.0, Workers: 4
[51.135s][debug][gc,phases      ] GC(14)     Dead                           Min: 0, Avg:  0.0, Max: 0, Diff: 0, Sum: 0, Workers: 4
[51.136s][debug][gc,phases      ] GC(14)     Total                          Min: 0, Avg:  0.0, Max: 0, Diff: 0, Sum: 0, Workers: 4
[51.136s][debug][gc,phases      ] GC(14)   Weak JFR Old Object Samples    Min:  0.0, Avg:  0.0, Max:  0.0, Diff:  0.0, Sum:  0.0, Workers: 4
[51.136s][debug][gc,phases      ] GC(14)     Dead                           Min: 0, Avg:  0.0, Max: 0, Diff: 0, Sum: 0, Workers: 4
[51.136s][debug][gc,phases      ] GC(14)     Total                          Min: 0, Avg:  0.0, Max: 0, Diff: 0, Sum: 0, Workers: 4
[51.136s][debug][gc,phases      ] GC(14) Weak Processing 0.750ms
[51.136s][debug][gc,age         ] GC(14) Desired survivor size 395837440 bytes, new threshold 14 (max threshold 15)
[51.136s][info ][gc,heap        ] GC(14) PSYoungGen: 1653076K(1653248K)->267996K(1697792K) Eden: 1384448K(1384448K)->0K(1324032K) From: 268628K(268800K)->267996K(373760K)
[51.136s][info ][gc,heap        ] GC(14) ParOldGen: 6527K(18432K)->6535K(18432K)
[51.136s][info ][gc,metaspace   ] GC(14) Metaspace: 77304K(78208K)->77304K(78208K) NonClass: 66255K(66752K)->66255K(66752K) Class: 11049K(11456K)->11049K(11456K)
[51.136s][info ][gc             ] GC(14) Pause Young (Allocation Failure) 1620M->268M(1676M) 100.435ms
[51.136s][info ][gc,cpu         ] GC(14) User=0.35s Sys=0.00s Real=0.10s
[51.136s][info ][safepoint      ] Safepoint "ParallelGCFailedAllocation", Time since last: 819517376 ns, Reaching safepoint: 66902 ns, At safepoint: 100514845 ns, Total: 100581747 ns
[52.136s][info ][safepoint      ] Safepoint "Cleanup", Time since last: 1000098685 ns, Reaching safepoint: 131905 ns, At safepoint: 15200 ns, Total: 147105 ns
[53.136s][info ][safepoint      ] Safepoint "Cleanup", Time since last: 1000090483 ns, Reaching safepoint: 168806 ns, At safepoint: 16500 ns, Total: 185306 ns
[54.137s][info ][safepoint      ] Safepoint "Cleanup", Time since last: 1000129783 ns, Reaching safepoint: 471316 ns, At safepoint: 20901 ns, Total: 492217 ns
[55.270s][info ][safepoint      ] Safepoint "Cleanup", Time since last: 1132549988 ns, Reaching safepoint: 265108 ns, At safepoint: 18101 ns, Total: 283209 ns
[56.137s][info ][gc,start       ] GC(15) Pause Young (Allocation Failure)
[56.241s][debug][gc,phases      ] GC(15) Scavenge 103.661ms
[56.241s][debug][gc,ref         ] GC(15) Skipped phase 1 of Reference Processing: no references
[56.241s][debug][gc,ref         ] GC(15) ReferenceProcessor::execute queues: 4, RefProcThreadModel::Multi, marks_oops_alive: false
[56.242s][debug][gc,ref         ] GC(15) Skipped phase 3 of Reference Processing: no references
[56.242s][debug][gc,ref         ] GC(15) ReferenceProcessor::execute queues: 1, RefProcThreadModel::Single, marks_oops_alive: false
[56.242s][debug][gc,phases      ] GC(15) Reference Processing 0.997ms
[56.243s][debug][gc,phases      ] GC(15)   VM Weak                        Min:  0.0, Avg:  0.0, Max:  0.0, Diff:  0.0, Sum:  0.0, Workers: 4
[56.243s][debug][gc,phases      ] GC(15)     Dead                           Min: 0, Avg:  0.0, Max: 0, Diff: 0, Sum: 0, Workers: 4
[56.243s][debug][gc,phases      ] GC(15)     Total                          Min: 0, Avg: 179.8, Max: 384, Diff: 384, Sum: 719, Workers: 4
[56.243s][debug][gc,phases      ] GC(15)   ObjectSynchronizer Weak        Min:  0.0, Avg:  0.0, Max:  0.0, Diff:  0.0, Sum:  0.0, Workers: 4
[56.243s][debug][gc,phases      ] GC(15)     Dead                           Min: 0, Avg:  0.0, Max: 0, Diff: 0, Sum: 0, Workers: 4
[56.243s][debug][gc,phases      ] GC(15)     Total                          Min: 0, Avg: 12.0, Max: 48, Diff: 48, Sum: 48, Workers: 4
[56.243s][debug][gc,phases      ] GC(15)   JVMTI Tag Weak OopStorage      Min:  0.0, Avg:  0.0, Max:  0.0, Diff:  0.0, Sum:  0.0, Workers: 4
[56.243s][debug][gc,phases      ] GC(15)     Dead                           Min: 0, Avg:  0.0, Max: 0, Diff: 0, Sum: 0, Workers: 4
[56.243s][debug][gc,phases      ] GC(15)     Total                          Min: 0, Avg:  0.0, Max: 0, Diff: 0, Sum: 0, Workers: 4
[56.243s][debug][gc,phases      ] GC(15)   StringTable Weak               Min:  0.0, Avg:  0.4, Max:  0.5, Diff:  0.5, Sum:  1.4, Workers: 4
[56.243s][debug][gc,phases      ] GC(15)     Dead                           Min: 0, Avg:  0.0, Max: 0, Diff: 0, Sum: 0, Workers: 4
[56.243s][debug][gc,phases      ] GC(15)     Total                          Min: 0, Avg: 10539.2, Max: 17197, Diff: 17197, Sum: 42157, Workers: 4
[56.243s][debug][gc,phases      ] GC(15)   ResolvedMethodTable Weak       Min:  0.0, Avg:  0.1, Max:  0.1, Diff:  0.1, Sum:  0.3, Workers: 4
[56.243s][debug][gc,phases      ] GC(15)     Dead                           Min: 0, Avg:  0.0, Max: 0, Diff: 0, Sum: 0, Workers: 4
[56.243s][debug][gc,phases      ] GC(15)     Total                          Min: 0, Avg: 2041.8, Max: 3495, Diff: 3495, Sum: 8167, Workers: 4
[56.243s][debug][gc,phases      ] GC(15)   JNI Weak                       Min:  0.0, Avg:  0.0, Max:  0.0, Diff:  0.0, Sum:  0.0, Workers: 4
[56.243s][debug][gc,phases      ] GC(15)     Dead                           Min: 0, Avg:  0.0, Max: 0, Diff: 0, Sum: 0, Workers: 4
[56.243s][debug][gc,phases      ] GC(15)     Total                          Min: 0, Avg: 12.5, Max: 50, Diff: 50, Sum: 50, Workers: 4
[56.243s][debug][gc,phases      ] GC(15)   StringDedup Table Weak         Min:  0.0, Avg:  0.0, Max:  0.0, Diff:  0.0, Sum:  0.0, Workers: 4
[56.243s][debug][gc,phases      ] GC(15)     Dead                           Min: 0, Avg:  0.0, Max: 0, Diff: 0, Sum: 0, Workers: 4
[56.243s][debug][gc,phases      ] GC(15)     Total                          Min: 0, Avg:  0.0, Max: 0, Diff: 0, Sum: 0, Workers: 4
[56.243s][debug][gc,phases      ] GC(15)   StringDedup Requests0 Weak     Min:  0.0, Avg:  0.0, Max:  0.0, Diff:  0.0, Sum:  0.0, Workers: 4
[56.243s][debug][gc,phases      ] GC(15)     Dead                           Min: 0, Avg:  0.0, Max: 0, Diff: 0, Sum: 0, Workers: 4
[56.243s][debug][gc,phases      ] GC(15)     Total                          Min: 0, Avg:  0.0, Max: 0, Diff: 0, Sum: 0, Workers: 4
[56.243s][debug][gc,phases      ] GC(15)   StringDedup Requests1 Weak     Min:  0.0, Avg:  0.0, Max:  0.0, Diff:  0.0, Sum:  0.0, Workers: 4
[56.243s][debug][gc,phases      ] GC(15)     Dead                           Min: 0, Avg:  0.0, Max: 0, Diff: 0, Sum: 0, Workers: 4
[56.243s][debug][gc,phases      ] GC(15)     Total                          Min: 0, Avg:  0.0, Max: 0, Diff: 0, Sum: 0, Workers: 4
[56.243s][debug][gc,phases      ] GC(15)   Weak JFR Old Object Samples    Min:  0.0, Avg:  0.0, Max:  0.0, Diff:  0.0, Sum:  0.0, Workers: 4
[56.243s][debug][gc,phases      ] GC(15)     Dead                           Min: 0, Avg:  0.0, Max: 0, Diff: 0, Sum: 0, Workers: 4
[56.243s][debug][gc,phases      ] GC(15)     Total                          Min: 0, Avg:  0.0, Max: 0, Diff: 0, Sum: 0, Workers: 4
[56.243s][debug][gc,phases      ] GC(15) Weak Processing 0.783ms
[56.243s][debug][gc,age         ] GC(15) Desired survivor size 407896064 bytes, new threshold 15 (max threshold 15)
[56.243s][info ][gc,heap        ] GC(15) PSYoungGen: 1592028K(1697792K)->275978K(1600512K) Eden: 1324032K(1324032K)->0K(1324032K) From: 267996K(373760K)->275978K(276480K)
[56.243s][info ][gc,heap        ] GC(15) ParOldGen: 6535K(18432K)->6543K(18432K)
[56.243s][info ][gc,metaspace   ] GC(15) Metaspace: 77410K(78272K)->77410K(78272K) NonClass: 66356K(66816K)->66356K(66816K) Class: 11053K(11456K)->11053K(11456K)
[56.243s][info ][gc             ] GC(15) Pause Young (Allocation Failure) 1561M->275M(1581M) 105.589ms
[56.243s][info ][gc,cpu         ] GC(15) User=0.34s Sys=0.01s Real=0.10s
[56.243s][info ][safepoint      ] Safepoint "ParallelGCFailedAllocation", Time since last: 867546568 ns, Reaching safepoint: 198807 ns, At safepoint: 105682417 ns, Total: 105881224 ns
[57.243s][info ][safepoint      ] Safepoint "Cleanup", Time since last: 1000098977 ns, Reaching safepoint: 60602 ns, At safepoint: 11601 ns, Total: 72203 ns
[58.243s][info ][safepoint      ] Safepoint "Cleanup", Time since last: 1000105876 ns, Reaching safepoint: 81303 ns, At safepoint: 6400 ns, Total: 87703 ns
[59.244s][info ][safepoint      ] Safepoint "Cleanup", Time since last: 1000108275 ns, Reaching safepoint: 80003 ns, At safepoint: 2600 ns, Total: 82603 ns
[60.244s][info ][safepoint      ] Safepoint "Cleanup", Time since last: 1000115774 ns, Reaching safepoint: 48701 ns, At safepoint: 3100 ns, Total: 51801 ns
[61.244s][info ][safepoint      ] Safepoint "Cleanup", Time since last: 1000116373 ns, Reaching safepoint: 80403 ns, At safepoint: 5500 ns, Total: 85903 ns
[62.596s][info ][safepoint      ] Safepoint "Cleanup", Time since last: 1351677166 ns, Reaching safepoint: 186506 ns, At safepoint: 7001 ns, Total: 193507 ns
[63.596s][info ][safepoint      ] Safepoint "Cleanup", Time since last: 1000118969 ns, Reaching safepoint: 48402 ns, At safepoint: 3600 ns, Total: 52002 ns
[64.596s][info ][safepoint      ] Safepoint "Cleanup", Time since last: 1000100267 ns, Reaching safepoint: 79003 ns, At safepoint: 5900 ns, Total: 84903 ns
[66.397s][info ][safepoint      ] Safepoint "Cleanup", Time since last: 1800420686 ns, Reaching safepoint: 85903 ns, At safepoint: 2800 ns, Total: 88703 ns
[67.397s][info ][safepoint      ] Safepoint "Cleanup", Time since last: 1000090563 ns, Reaching safepoint: 51102 ns, At safepoint: 2500 ns, Total: 53602 ns
[68.397s][info ][safepoint      ] Safepoint "Cleanup", Time since last: 1000112662 ns, Reaching safepoint: 52702 ns, At safepoint: 5600 ns, Total: 58302 ns
[69.397s][info ][safepoint      ] Safepoint "Cleanup", Time since last: 1000120462 ns, Reaching safepoint: 49201 ns, At safepoint: 3801 ns, Total: 53002 ns
[70.397s][info ][safepoint      ] Safepoint "Cleanup", Time since last: 1000116460 ns, Reaching safepoint: 43701 ns, At safepoint: 3100 ns, Total: 46801 ns
[71.398s][info ][safepoint      ] Safepoint "Cleanup", Time since last: 1000122859 ns, Reaching safepoint: 87403 ns, At safepoint: 6100 ns, Total: 93503 ns
[73.096s][info ][safepoint      ] Safepoint "Cleanup", Time since last: 1698790790 ns, Reaching safepoint: 94103 ns, At safepoint: 6700 ns, Total: 100803 ns
[74.097s][info ][safepoint      ] Safepoint "Cleanup", Time since last: 1000124155 ns, Reaching safepoint: 61603 ns, At safepoint: 3100 ns, Total: 64703 ns
[75.097s][info ][safepoint      ] Safepoint "Cleanup", Time since last: 1000101953 ns, Reaching safepoint: 54902 ns, At safepoint: 3600 ns, Total: 58502 ns
[76.097s][info ][safepoint      ] Safepoint "Cleanup", Time since last: 1000111752 ns, Reaching safepoint: 58902 ns, At safepoint: 5600 ns, Total: 64502 ns
[78.097s][info ][safepoint      ] Safepoint "Cleanup", Time since last: 2000152998 ns, Reaching safepoint: 61802 ns, At safepoint: 3600 ns, Total: 65402 ns
[79.098s][info ][safepoint      ] Safepoint "Cleanup", Time since last: 1000134049 ns, Reaching safepoint: 190206 ns, At safepoint: 16001 ns, Total: 206207 ns
[80.098s][info ][safepoint      ] Safepoint "Cleanup", Time since last: 1000120347 ns, Reaching safepoint: 69602 ns, At safepoint: 2900 ns, Total: 72502 ns
[80.537s][info ][safepoint      ] Safepoint "ParallelGCFailedAllocation", Time since last: 439499210 ns, Reaching safepoint: 46701 ns, At safepoint: 8201 ns, Total: 54902 ns
[80.538s][info ][gc,start       ] GC(16) Pause Young (GCLocker Initiated GC)
[80.649s][debug][gc,phases      ] GC(16) Scavenge 111.743ms
[80.649s][debug][gc,ref         ] GC(16) Skipped phase 1 of Reference Processing: no references
[80.650s][debug][gc,ref         ] GC(16) ReferenceProcessor::execute queues: 4, RefProcThreadModel::Multi, marks_oops_alive: false
[80.650s][debug][gc,ref         ] GC(16) Skipped phase 3 of Reference Processing: no references
[80.650s][debug][gc,ref         ] GC(16) ReferenceProcessor::execute queues: 1, RefProcThreadModel::Single, marks_oops_alive: false
[80.650s][debug][gc,phases      ] GC(16) Reference Processing 0.955ms
[80.651s][debug][gc,phases      ] GC(16)   VM Weak                        Min:  0.0, Avg:  0.0, Max:  0.0, Diff:  0.0, Sum:  0.0, Workers: 4
[80.651s][debug][gc,phases      ] GC(16)     Dead                           Min: 0, Avg:  0.0, Max: 0, Diff: 0, Sum: 0, Workers: 4
[80.651s][debug][gc,phases      ] GC(16)     Total                          Min: 0, Avg: 179.8, Max: 399, Diff: 399, Sum: 719, Workers: 4
[80.651s][debug][gc,phases      ] GC(16)   ObjectSynchronizer Weak        Min:  0.0, Avg:  0.0, Max:  0.0, Diff:  0.0, Sum:  0.0, Workers: 4
[80.651s][debug][gc,phases      ] GC(16)     Dead                           Min: 0, Avg:  0.0, Max: 0, Diff: 0, Sum: 0, Workers: 4
[80.651s][debug][gc,phases      ] GC(16)     Total                          Min: 0, Avg: 12.0, Max: 48, Diff: 48, Sum: 48, Workers: 4
[80.651s][debug][gc,phases      ] GC(16)   JVMTI Tag Weak OopStorage      Min:  0.0, Avg:  0.0, Max:  0.0, Diff:  0.0, Sum:  0.0, Workers: 4
[80.651s][debug][gc,phases      ] GC(16)     Dead                           Min: 0, Avg:  0.0, Max: 0, Diff: 0, Sum: 0, Workers: 4
[80.651s][debug][gc,phases      ] GC(16)     Total                          Min: 0, Avg:  0.0, Max: 0, Diff: 0, Sum: 0, Workers: 4
[80.651s][debug][gc,phases      ] GC(16)   StringTable Weak               Min:  0.0, Avg:  0.3, Max:  0.4, Diff:  0.4, Sum:  1.3, Workers: 4
[80.651s][debug][gc,phases      ] GC(16)     Dead                           Min: 0, Avg:  0.0, Max: 0, Diff: 0, Sum: 0, Workers: 4
[80.651s][debug][gc,phases      ] GC(16)     Total                          Min: 0, Avg: 10558.8, Max: 17403, Diff: 17403, Sum: 42235, Workers: 4
[80.651s][debug][gc,phases      ] GC(16)   ResolvedMethodTable Weak       Min:  0.0, Avg:  0.1, Max:  0.1, Diff:  0.1, Sum:  0.3, Workers: 4
[80.651s][debug][gc,phases      ] GC(16)     Dead                           Min: 0, Avg:  0.5, Max: 2, Diff: 2, Sum: 2, Workers: 4
[80.651s][debug][gc,phases      ] GC(16)     Total                          Min: 0, Avg: 2042.2, Max: 3438, Diff: 3438, Sum: 8169, Workers: 4
[80.651s][debug][gc,phases      ] GC(16)   JNI Weak                       Min:  0.0, Avg:  0.0, Max:  0.0, Diff:  0.0, Sum:  0.0, Workers: 4
[80.651s][debug][gc,phases      ] GC(16)     Dead                           Min: 0, Avg:  0.0, Max: 0, Diff: 0, Sum: 0, Workers: 4
[80.651s][debug][gc,phases      ] GC(16)     Total                          Min: 0, Avg: 11.2, Max: 45, Diff: 45, Sum: 45, Workers: 4
[80.651s][debug][gc,phases      ] GC(16)   StringDedup Table Weak         Min:  0.0, Avg:  0.0, Max:  0.0, Diff:  0.0, Sum:  0.0, Workers: 4
[80.651s][debug][gc,phases      ] GC(16)     Dead                           Min: 0, Avg:  0.0, Max: 0, Diff: 0, Sum: 0, Workers: 4
[80.651s][debug][gc,phases      ] GC(16)     Total                          Min: 0, Avg:  0.0, Max: 0, Diff: 0, Sum: 0, Workers: 4
[80.651s][debug][gc,phases      ] GC(16)   StringDedup Requests0 Weak     Min:  0.0, Avg:  0.0, Max:  0.0, Diff:  0.0, Sum:  0.0, Workers: 4
[80.651s][debug][gc,phases      ] GC(16)     Dead                           Min: 0, Avg:  0.0, Max: 0, Diff: 0, Sum: 0, Workers: 4
[80.651s][debug][gc,phases      ] GC(16)     Total                          Min: 0, Avg:  0.0, Max: 0, Diff: 0, Sum: 0, Workers: 4
[80.651s][debug][gc,phases      ] GC(16)   StringDedup Requests1 Weak     Min:  0.0, Avg:  0.0, Max:  0.0, Diff:  0.0, Sum:  0.0, Workers: 4
[80.651s][debug][gc,phases      ] GC(16)     Dead                           Min: 0, Avg:  0.0, Max: 0, Diff: 0, Sum: 0, Workers: 4
[80.651s][debug][gc,phases      ] GC(16)     Total                          Min: 0, Avg:  0.0, Max: 0, Diff: 0, Sum: 0, Workers: 4
[80.651s][debug][gc,phases      ] GC(16)   Weak JFR Old Object Samples    Min:  0.0, Avg:  0.0, Max:  0.0, Diff:  0.0, Sum:  0.0, Workers: 4
[80.651s][debug][gc,phases      ] GC(16)     Dead                           Min: 0, Avg:  0.0, Max: 0, Diff: 0, Sum: 0, Workers: 4
[80.651s][debug][gc,phases      ] GC(16)     Total                          Min: 0, Avg:  0.0, Max: 0, Diff: 0, Sum: 0, Workers: 4
[80.651s][debug][gc,phases      ] GC(16) Weak Processing 0.757ms
[80.651s][debug][gc,age         ] GC(16) Desired survivor size 417857536 bytes, new threshold 15 (max threshold 15)
[80.651s][info ][gc,heap        ] GC(16) PSYoungGen: 1600010K(1600512K)->278009K(1679360K) Eden: 1324032K(1324032K)->0K(1281024K) From: 275978K(276480K)->278009K(398336K)
[80.651s][info ][gc,heap        ] GC(16) ParOldGen: 6551K(18432K)->6559K(18432K)
[80.651s][info ][gc,metaspace   ] GC(16) Metaspace: 77532K(78400K)->77532K(78400K) NonClass: 66476K(66944K)->66476K(66944K) Class: 11056K(11456K)->11056K(11456K)
[80.651s][info ][gc             ] GC(16) Pause Young (GCLocker Initiated GC) 1568M->277M(1658M) 113.568ms
[80.651s][info ][gc,cpu         ] GC(16) User=0.33s Sys=0.00s Real=0.11s
[80.651s][info ][safepoint      ] Safepoint "ParallelGCSystemGC", Time since last: 185706 ns, Reaching safepoint: 19301 ns, At safepoint: 113649977 ns, Total: 113669278 ns
[81.651s][info ][safepoint      ] Safepoint "Cleanup", Time since last: 1000094045 ns, Reaching safepoint: 57701 ns, At safepoint: 3001 ns, Total: 60702 ns
[82.651s][info ][safepoint      ] Safepoint "Cleanup", Time since last: 1000123843 ns, Reaching safepoint: 63502 ns, At safepoint: 3601 ns, Total: 67103 ns
[83.652s][info ][safepoint      ] Safepoint "Cleanup", Time since last: 1000120242 ns, Reaching safepoint: 66802 ns, At safepoint: 4000 ns, Total: 70802 ns
[84.652s][info ][safepoint      ] Safepoint "Cleanup", Time since last: 1000118141 ns, Reaching safepoint: 53802 ns, At safepoint: 7400 ns, Total: 61202 ns
[85.652s][info ][safepoint      ] Safepoint "Cleanup", Time since last: 1000115440 ns, Reaching safepoint: 55001 ns, At safepoint: 2901 ns, Total: 57902 ns
[86.652s][info ][safepoint      ] Safepoint "Cleanup", Time since last: 1000243442 ns, Reaching safepoint: 145705 ns, At safepoint: 12900 ns, Total: 158605 ns
[87.653s][info ][safepoint      ] Safepoint "Cleanup", Time since last: 1000122237 ns, Reaching safepoint: 71403 ns, At safepoint: 3000 ns, Total: 74403 ns
[89.468s][info ][safepoint      ] Safepoint "Cleanup", Time since last: 1815619535 ns, Reaching safepoint: 156105 ns, At safepoint: 6100 ns, Total: 162205 ns
[90.469s][info ][safepoint      ] Safepoint "Cleanup", Time since last: 1000131034 ns, Reaching safepoint: 74102 ns, At safepoint: 3100 ns, Total: 77202 ns
[91.469s][info ][safepoint      ] Safepoint "Cleanup", Time since last: 1000135633 ns, Reaching safepoint: 72502 ns, At safepoint: 6301 ns, Total: 78803 ns
[92.469s][info ][safepoint      ] Safepoint "Cleanup", Time since last: 1000121530 ns, Reaching safepoint: 64802 ns, At safepoint: 2900 ns, Total: 67702 ns
[93.469s][info ][safepoint      ] Safepoint "Cleanup", Time since last: 1000113230 ns, Reaching safepoint: 48801 ns, At safepoint: 12401 ns, Total: 61202 ns
[94.469s][info ][safepoint      ] Safepoint "Cleanup", Time since last: 1000083126 ns, Reaching safepoint: 62103 ns, At safepoint: 6800 ns, Total: 68903 ns
[95.470s][info ][safepoint      ] Safepoint "Cleanup", Time since last: 1000133927 ns, Reaching safepoint: 79303 ns, At safepoint: 7300 ns, Total: 86603 ns
[96.470s][info ][safepoint      ] Safepoint "Cleanup", Time since last: 1000103525 ns, Reaching safepoint: 63202 ns, At safepoint: 2800 ns, Total: 66002 ns
[97.470s][info ][safepoint      ] Safepoint "Cleanup", Time since last: 1000114924 ns, Reaching safepoint: 71402 ns, At safepoint: 8201 ns, Total: 79603 ns
[98.470s][info ][safepoint      ] Safepoint "Cleanup", Time since last: 1000107922 ns, Reaching safepoint: 59402 ns, At safepoint: 3300 ns, Total: 62702 ns
[99.470s][info ][safepoint      ] Safepoint "Cleanup", Time since last: 1000130422 ns, Reaching safepoint: 60902 ns, At safepoint: 3200 ns, Total: 64102 ns
[100.470s][info ][safepoint      ] Safepoint "Cleanup", Time since last: 1000121321 ns, Reaching safepoint: 38901 ns, At safepoint: 2900 ns, Total: 41801 ns
[101.471s][info ][safepoint      ] Safepoint "Cleanup", Time since last: 1000076418 ns, Reaching safepoint: 50201 ns, At safepoint: 3400 ns, Total: 53601 ns
[102.471s][info ][safepoint      ] Safepoint "Cleanup", Time since last: 1000131318 ns, Reaching safepoint: 57802 ns, At safepoint: 5601 ns, Total: 63403 ns
[103.471s][info ][safepoint      ] Safepoint "Cleanup", Time since last: 1000067614 ns, Reaching safepoint: 48302 ns, At safepoint: 3600 ns, Total: 51902 ns
[104.471s][info ][safepoint      ] Safepoint "Cleanup", Time since last: 1000132216 ns, Reaching safepoint: 65802 ns, At safepoint: 6400 ns, Total: 72202 ns
[104.535s][info ][gc,start       ] GC(17) Pause Young (Allocation Failure)
[104.636s][debug][gc,phases      ] GC(17) Scavenge 100.159ms
[104.636s][debug][gc,ref         ] GC(17) Skipped phase 1 of Reference Processing: no references
[104.636s][debug][gc,ref         ] GC(17) ReferenceProcessor::execute queues: 4, RefProcThreadModel::Multi, marks_oops_alive: false
[104.637s][debug][gc,ref         ] GC(17) Skipped phase 3 of Reference Processing: no references
[104.637s][debug][gc,ref         ] GC(17) ReferenceProcessor::execute queues: 1, RefProcThreadModel::Single, marks_oops_alive: false
[104.637s][debug][gc,phases      ] GC(17) Reference Processing 0.938ms
[104.637s][debug][gc,phases      ] GC(17)   VM Weak                        Min:  0.0, Avg:  0.0, Max:  0.0, Diff:  0.0, Sum:  0.0, Workers: 4
[104.637s][debug][gc,phases      ] GC(17)     Dead                           Min: 0, Avg:  0.0, Max: 0, Diff: 0, Sum: 0, Workers: 4
[104.637s][debug][gc,phases      ] GC(17)     Total                          Min: 0, Avg: 181.8, Max: 448, Diff: 448, Sum: 727, Workers: 4
[104.637s][debug][gc,phases      ] GC(17)   ObjectSynchronizer Weak        Min:  0.0, Avg:  0.0, Max:  0.0, Diff:  0.0, Sum:  0.0, Workers: 4
[104.637s][debug][gc,phases      ] GC(17)     Dead                           Min: 0, Avg:  0.0, Max: 0, Diff: 0, Sum: 0, Workers: 4
[104.637s][debug][gc,phases      ] GC(17)     Total                          Min: 0, Avg: 12.0, Max: 48, Diff: 48, Sum: 48, Workers: 4
[104.637s][debug][gc,phases      ] GC(17)   JVMTI Tag Weak OopStorage      Min:  0.0, Avg:  0.0, Max:  0.0, Diff:  0.0, Sum:  0.0, Workers: 4
[104.637s][debug][gc,phases      ] GC(17)     Dead                           Min: 0, Avg:  0.0, Max: 0, Diff: 0, Sum: 0, Workers: 4
[104.637s][debug][gc,phases      ] GC(17)     Total                          Min: 0, Avg:  0.0, Max: 0, Diff: 0, Sum: 0, Workers: 4
[104.637s][debug][gc,phases      ] GC(17)   StringTable Weak               Min:  0.4, Avg:  0.4, Max:  0.5, Diff:  0.1, Sum:  1.7, Workers: 4
[104.637s][debug][gc,phases      ] GC(17)     Dead                           Min: 0, Avg:  0.2, Max: 1, Diff: 1, Sum: 1, Workers: 4
[104.637s][debug][gc,phases      ] GC(17)     Total                          Min: 9152, Avg: 10570.0, Max: 11753, Diff: 2601, Sum: 42280, Workers: 4
[104.637s][debug][gc,phases      ] GC(17)   ResolvedMethodTable Weak       Min:  0.1, Avg:  0.1, Max:  0.1, Diff:  0.0, Sum:  0.4, Workers: 4
[104.637s][debug][gc,phases      ] GC(17)     Dead                           Min: 0, Avg:  0.0, Max: 0, Diff: 0, Sum: 0, Workers: 4
[104.637s][debug][gc,phases      ] GC(17)     Total                          Min: 1978, Avg: 2049.5, Max: 2124, Diff: 146, Sum: 8198, Workers: 4
[104.637s][debug][gc,phases      ] GC(17)   JNI Weak                       Min:  0.0, Avg:  0.0, Max:  0.0, Diff:  0.0, Sum:  0.0, Workers: 4
[104.637s][debug][gc,phases      ] GC(17)     Dead                           Min: 0, Avg:  0.0, Max: 0, Diff: 0, Sum: 0, Workers: 4
[104.637s][debug][gc,phases      ] GC(17)     Total                          Min: 0, Avg: 11.2, Max: 45, Diff: 45, Sum: 45, Workers: 4
[104.637s][debug][gc,phases      ] GC(17)   StringDedup Table Weak         Min:  0.0, Avg:  0.0, Max:  0.0, Diff:  0.0, Sum:  0.0, Workers: 4
[104.637s][debug][gc,phases      ] GC(17)     Dead                           Min: 0, Avg:  0.0, Max: 0, Diff: 0, Sum: 0, Workers: 4
[104.637s][debug][gc,phases      ] GC(17)     Total                          Min: 0, Avg:  0.0, Max: 0, Diff: 0, Sum: 0, Workers: 4
[104.637s][debug][gc,phases      ] GC(17)   StringDedup Requests0 Weak     Min:  0.0, Avg:  0.0, Max:  0.0, Diff:  0.0, Sum:  0.0, Workers: 4
[104.637s][debug][gc,phases      ] GC(17)     Dead                           Min: 0, Avg:  0.0, Max: 0, Diff: 0, Sum: 0, Workers: 4
[104.637s][debug][gc,phases      ] GC(17)     Total                          Min: 0, Avg:  0.0, Max: 0, Diff: 0, Sum: 0, Workers: 4
[104.637s][debug][gc,phases      ] GC(17)   StringDedup Requests1 Weak     Min:  0.0, Avg:  0.0, Max:  0.0, Diff:  0.0, Sum:  0.0, Workers: 4
[104.637s][debug][gc,phases      ] GC(17)     Dead                           Min: 0, Avg:  0.0, Max: 0, Diff: 0, Sum: 0, Workers: 4
[104.637s][debug][gc,phases      ] GC(17)     Total                          Min: 0, Avg:  0.0, Max: 0, Diff: 0, Sum: 0, Workers: 4
[104.637s][debug][gc,phases      ] GC(17)   Weak JFR Old Object Samples    Min:  0.0, Avg:  0.0, Max:  0.0, Diff:  0.0, Sum:  0.0, Workers: 4
[104.637s][debug][gc,phases      ] GC(17)     Dead                           Min: 0, Avg:  0.0, Max: 0, Diff: 0, Sum: 0, Workers: 4
[104.637s][debug][gc,phases      ] GC(17)     Total                          Min: 0, Avg:  0.0, Max: 0, Diff: 0, Sum: 0, Workers: 4
[104.637s][debug][gc,phases      ] GC(17) Weak Processing 0.804ms
[104.637s][debug][gc,age         ] GC(17) Desired survivor size 425197568 bytes, new threshold 15 (max threshold 15)
[104.637s][info ][gc,heap        ] GC(17) PSYoungGen: 1559033K(1679360K)->280920K(1562112K) Eden: 1281024K(1281024K)->0K(1281024K) From: 278009K(398336K)->280920K(281088K)
[104.637s][info ][gc,heap        ] GC(17) ParOldGen: 6561K(18432K)->6569K(18432K)
[104.637s][info ][gc,metaspace   ] GC(17) Metaspace: 77637K(78464K)->77637K(78464K) NonClass: 66567K(67008K)->66567K(67008K) Class: 11070K(11456K)->11070K(11456K)
[104.637s][info ][gc             ] GC(17) Pause Young (Allocation Failure) 1528M->280M(1543M) 102.044ms
[104.638s][info ][gc,cpu         ] GC(17) User=0.36s Sys=0.00s Real=0.10s
[104.638s][info ][safepoint      ] Safepoint "ParallelGCFailedAllocation", Time since last: 64271134 ns, Reaching safepoint: 33702 ns, At safepoint: 102135792 ns, Total: 102169494 ns
[105.638s][info ][safepoint      ] Safepoint "Cleanup", Time since last: 1000105813 ns, Reaching safepoint: 54102 ns, At safepoint: 4100 ns, Total: 58202 ns
[106.638s][info ][safepoint      ] Safepoint "Cleanup", Time since last: 1000109212 ns, Reaching safepoint: 27801 ns, At safepoint: 2400 ns, Total: 30201 ns
[108.638s][info ][safepoint      ] Safepoint "Cleanup", Time since last: 2000180519 ns, Reaching safepoint: 46201 ns, At safepoint: 3300 ns, Total: 49501 ns
[109.638s][info ][safepoint      ] Safepoint "Cleanup", Time since last: 1000127709 ns, Reaching safepoint: 51102 ns, At safepoint: 4800 ns, Total: 55902 ns
[110.638s][info ][safepoint      ] Safepoint "Cleanup", Time since last: 1000118008 ns, Reaching safepoint: 37001 ns, At safepoint: 3300 ns, Total: 40301 ns
[111.639s][info ][safepoint      ] Safepoint "Cleanup", Time since last: 1000127806 ns, Reaching safepoint: 46702 ns, At safepoint: 2900 ns, Total: 49602 ns
[112.639s][info ][safepoint      ] Safepoint "Cleanup", Time since last: 1000102304 ns, Reaching safepoint: 69002 ns, At safepoint: 7401 ns, Total: 76403 ns
[113.639s][info ][safepoint      ] Safepoint "Cleanup", Time since last: 1000124003 ns, Reaching safepoint: 186607 ns, At safepoint: 17300 ns, Total: 203907 ns
[114.639s][info ][safepoint      ] Safepoint "Cleanup", Time since last: 1000105802 ns, Reaching safepoint: 63202 ns, At safepoint: 3200 ns, Total: 66402 ns
[115.639s][info ][safepoint      ] Safepoint "Cleanup", Time since last: 1000120401 ns, Reaching safepoint: 32101 ns, At safepoint: 3101 ns, Total: 35202 ns
[116.640s][info ][safepoint      ] Safepoint "Cleanup", Time since last: 1000117899 ns, Reaching safepoint: 58302 ns, At safepoint: 4000 ns, Total: 62302 ns
[117.640s][info ][safepoint      ] Safepoint "Cleanup", Time since last: 1000113699 ns, Reaching safepoint: 60602 ns, At safepoint: 2800 ns, Total: 63402 ns
[118.640s][info ][safepoint      ] Safepoint "Cleanup", Time since last: 1000117697 ns, Reaching safepoint: 45402 ns, At safepoint: 4100 ns, Total: 49502 ns
[120.633s][info ][safepoint      ] Safepoint "Cleanup", Time since last: 1993308861 ns, Reaching safepoint: 162705 ns, At safepoint: 6000 ns, Total: 168705 ns
[121.634s][info ][safepoint      ] Safepoint "Cleanup", Time since last: 1000124694 ns, Reaching safepoint: 125804 ns, At safepoint: 15501 ns, Total: 141305 ns
[123.634s][info ][safepoint      ] Safepoint "Cleanup", Time since last: 2000163981 ns, Reaching safepoint: 114004 ns, At safepoint: 12900 ns, Total: 126904 ns
[124.634s][info ][safepoint      ] Safepoint "Cleanup", Time since last: 1000152391 ns, Reaching safepoint: 146405 ns, At safepoint: 6600 ns, Total: 153005 ns
[125.635s][info ][safepoint      ] Safepoint "Cleanup", Time since last: 1000111489 ns, Reaching safepoint: 108303 ns, At safepoint: 11501 ns, Total: 119804 ns
[127.093s][info ][safepoint      ] Safepoint "Cleanup", Time since last: 1458411895 ns, Reaching safepoint: 66102 ns, At safepoint: 2800 ns, Total: 68902 ns
[128.093s][info ][safepoint      ] Safepoint "Cleanup", Time since last: 1000098585 ns, Reaching safepoint: 25801 ns, At safepoint: 2400 ns, Total: 28201 ns
[128.787s][info ][gc,start       ] GC(18) Pause Young (Allocation Failure)
[128.888s][debug][gc,phases      ] GC(18) Scavenge 100.220ms
[128.888s][debug][gc,ref         ] GC(18) Skipped phase 1 of Reference Processing: no references
[128.888s][debug][gc,ref         ] GC(18) ReferenceProcessor::execute queues: 4, RefProcThreadModel::Multi, marks_oops_alive: false
[128.888s][debug][gc,ref         ] GC(18) Skipped phase 3 of Reference Processing: no references
[128.888s][debug][gc,ref         ] GC(18) ReferenceProcessor::execute queues: 1, RefProcThreadModel::Single, marks_oops_alive: false
[128.888s][debug][gc,phases      ] GC(18) Reference Processing 0.868ms
[128.889s][debug][gc,phases      ] GC(18)   VM Weak                        Min:  0.0, Avg:  0.0, Max:  0.0, Diff:  0.0, Sum:  0.0, Workers: 4
[128.889s][debug][gc,phases      ] GC(18)     Dead                           Min: 0, Avg:  0.0, Max: 0, Diff: 0, Sum: 0, Workers: 4
[128.889s][debug][gc,phases      ] GC(18)     Total                          Min: 64, Avg: 181.8, Max: 320, Diff: 256, Sum: 727, Workers: 4
[128.889s][debug][gc,phases      ] GC(18)   ObjectSynchronizer Weak        Min:  0.0, Avg:  0.0, Max:  0.0, Diff:  0.0, Sum:  0.0, Workers: 4
[128.889s][debug][gc,phases      ] GC(18)     Dead                           Min: 0, Avg:  0.0, Max: 0, Diff: 0, Sum: 0, Workers: 4
[128.889s][debug][gc,phases      ] GC(18)     Total                          Min: 0, Avg: 12.2, Max: 49, Diff: 49, Sum: 49, Workers: 4
[128.889s][debug][gc,phases      ] GC(18)   JVMTI Tag Weak OopStorage      Min:  0.0, Avg:  0.0, Max:  0.0, Diff:  0.0, Sum:  0.0, Workers: 4
[128.889s][debug][gc,phases      ] GC(18)     Dead                           Min: 0, Avg:  0.0, Max: 0, Diff: 0, Sum: 0, Workers: 4
[128.889s][debug][gc,phases      ] GC(18)     Total                          Min: 0, Avg:  0.0, Max: 0, Diff: 0, Sum: 0, Workers: 4
[128.889s][debug][gc,phases      ] GC(18)   StringTable Weak               Min:  0.4, Avg:  0.4, Max:  0.4, Diff:  0.0, Sum:  1.7, Workers: 4
[128.889s][debug][gc,phases      ] GC(18)     Dead                           Min: 0, Avg:  0.0, Max: 0, Diff: 0, Sum: 0, Workers: 4
[128.889s][debug][gc,phases      ] GC(18)     Total                          Min: 10239, Avg: 10573.0, Max: 11253, Diff: 1014, Sum: 42292, Workers: 4
[128.889s][debug][gc,phases      ] GC(18)   ResolvedMethodTable Weak       Min:  0.1, Avg:  0.1, Max:  0.1, Diff:  0.0, Sum:  0.4, Workers: 4
[128.889s][debug][gc,phases      ] GC(18)     Dead                           Min: 0, Avg:  0.0, Max: 0, Diff: 0, Sum: 0, Workers: 4
[128.889s][debug][gc,phases      ] GC(18)     Total                          Min: 1728, Avg: 2049.5, Max: 2368, Diff: 640, Sum: 8198, Workers: 4
[128.889s][debug][gc,phases      ] GC(18)   JNI Weak                       Min:  0.0, Avg:  0.0, Max:  0.0, Diff:  0.0, Sum:  0.0, Workers: 4
[128.889s][debug][gc,phases      ] GC(18)     Dead                           Min: 0, Avg:  0.0, Max: 0, Diff: 0, Sum: 0, Workers: 4
[128.889s][debug][gc,phases      ] GC(18)     Total                          Min: 0, Avg: 11.2, Max: 45, Diff: 45, Sum: 45, Workers: 4
[128.889s][debug][gc,phases      ] GC(18)   StringDedup Table Weak         Min:  0.0, Avg:  0.0, Max:  0.0, Diff:  0.0, Sum:  0.0, Workers: 4
[128.889s][debug][gc,phases      ] GC(18)     Dead                           Min: 0, Avg:  0.0, Max: 0, Diff: 0, Sum: 0, Workers: 4
[128.889s][debug][gc,phases      ] GC(18)     Total                          Min: 0, Avg:  0.0, Max: 0, Diff: 0, Sum: 0, Workers: 4
[128.889s][debug][gc,phases      ] GC(18)   StringDedup Requests0 Weak     Min:  0.0, Avg:  0.0, Max:  0.0, Diff:  0.0, Sum:  0.0, Workers: 4
[128.889s][debug][gc,phases      ] GC(18)     Dead                           Min: 0, Avg:  0.0, Max: 0, Diff: 0, Sum: 0, Workers: 4
[128.889s][debug][gc,phases      ] GC(18)     Total                          Min: 0, Avg:  0.0, Max: 0, Diff: 0, Sum: 0, Workers: 4
[128.889s][debug][gc,phases      ] GC(18)   StringDedup Requests1 Weak     Min:  0.0, Avg:  0.0, Max:  0.0, Diff:  0.0, Sum:  0.0, Workers: 4
[128.889s][debug][gc,phases      ] GC(18)     Dead                           Min: 0, Avg:  0.0, Max: 0, Diff: 0, Sum: 0, Workers: 4
[128.889s][debug][gc,phases      ] GC(18)     Total                          Min: 0, Avg:  0.0, Max: 0, Diff: 0, Sum: 0, Workers: 4
[128.889s][debug][gc,phases      ] GC(18)   Weak JFR Old Object Samples    Min:  0.0, Avg:  0.0, Max:  0.0, Diff:  0.0, Sum:  0.0, Workers: 4
[128.889s][debug][gc,phases      ] GC(18)     Dead                           Min: 0, Avg:  0.0, Max: 0, Diff: 0, Sum: 0, Workers: 4
[128.889s][debug][gc,phases      ] GC(18)     Total                          Min: 0, Avg:  0.0, Max: 0, Diff: 0, Sum: 0, Workers: 4
[128.889s][debug][gc,phases      ] GC(18) Weak Processing 0.750ms
[128.889s][debug][gc,age         ] GC(18) Desired survivor size 430964736 bytes, new threshold 15 (max threshold 15)
[128.889s][info ][gc,heap        ] GC(18) PSYoungGen: 1561944K(1562112K)->283324K(1670656K) Eden: 1281024K(1281024K)->0K(1255424K) From: 280920K(281088K)->283324K(415232K)
[128.889s][info ][gc,heap        ] GC(18) ParOldGen: 6569K(18432K)->6577K(18432K)
[128.889s][info ][gc,metaspace   ] GC(18) Metaspace: 77718K(78592K)->77718K(78592K) NonClass: 66647K(67136K)->66647K(67136K) Class: 11071K(11456K)->11071K(11456K)
[128.889s][info ][gc             ] GC(18) Pause Young (Allocation Failure) 1531M->283M(1649M) 101.973ms
[128.889s][info ][gc,cpu         ] GC(18) User=0.36s Sys=0.00s Real=0.10s
[128.889s][info ][safepoint      ] Safepoint "ParallelGCFailedAllocation", Time since last: 694062129 ns, Reaching safepoint: 26101 ns, At safepoint: 102060587 ns, Total: 102086688 ns
[129.889s][info ][safepoint      ] Safepoint "Cleanup", Time since last: 1000088082 ns, Reaching safepoint: 49502 ns, At safepoint: 5800 ns, Total: 55302 ns
[130.890s][info ][safepoint      ] Safepoint "Cleanup", Time since last: 1000121782 ns, Reaching safepoint: 44002 ns, At safepoint: 2800 ns, Total: 46802 ns
[132.890s][info ][safepoint      ] Safepoint "Cleanup", Time since last: 2000126557 ns, Reaching safepoint: 56002 ns, At safepoint: 3700 ns, Total: 59702 ns
[133.890s][info ][safepoint      ] Safepoint "Cleanup", Time since last: 1000112979 ns, Reaching safepoint: 41301 ns, At safepoint: 4600 ns, Total: 45901 ns
[135.335s][info ][safepoint      ] Safepoint "Cleanup", Time since last: 1444500019 ns, Reaching safepoint: 158705 ns, At safepoint: 10800 ns, Total: 169505 ns
[136.335s][info ][safepoint      ] Safepoint "Cleanup", Time since last: 1000117876 ns, Reaching safepoint: 135405 ns, At safepoint: 6300 ns, Total: 141705 ns
[137.335s][info ][safepoint      ] Safepoint "Cleanup", Time since last: 1000112574 ns, Reaching safepoint: 122304 ns, At safepoint: 5700 ns, Total: 128004 ns
[138.335s][info ][safepoint      ] Safepoint "Cleanup", Time since last: 1000112274 ns, Reaching safepoint: 117704 ns, At safepoint: 6600 ns, Total: 124304 ns
[139.336s][info ][safepoint      ] Safepoint "Cleanup", Time since last: 1000115372 ns, Reaching safepoint: 111804 ns, At safepoint: 9400 ns, Total: 121204 ns
[140.337s][info ][safepoint      ] Safepoint "Cleanup", Time since last: 1000917297 ns, Reaching safepoint: 127505 ns, At safepoint: 7200 ns, Total: 134705 ns
[141.337s][info ][safepoint      ] Safepoint "Cleanup", Time since last: 1000107269 ns, Reaching safepoint: 118004 ns, At safepoint: 7200 ns, Total: 125204 ns
[142.337s][info ][safepoint      ] Safepoint "Cleanup", Time since last: 1000103868 ns, Reaching safepoint: 50202 ns, At safepoint: 2400 ns, Total: 52602 ns
[143.337s][info ][safepoint      ] Safepoint "Cleanup", Time since last: 1000121768 ns, Reaching safepoint: 104803 ns, At safepoint: 7800 ns, Total: 112603 ns
[145.337s][info ][safepoint      ] Safepoint "Cleanup", Time since last: 2000138528 ns, Reaching safepoint: 65003 ns, At safepoint: 6100 ns, Total: 71103 ns
[146.338s][info ][safepoint      ] Safepoint "Cleanup", Time since last: 1000115864 ns, Reaching safepoint: 37601 ns, At safepoint: 8500 ns, Total: 46101 ns
[147.338s][info ][safepoint      ] Safepoint "Cleanup", Time since last: 1000067161 ns, Reaching safepoint: 44402 ns, At safepoint: 2700 ns, Total: 47102 ns
[149.338s][info ][safepoint      ] Safepoint "Cleanup", Time since last: 2000189320 ns, Reaching safepoint: 116404 ns, At safepoint: 14000 ns, Total: 130404 ns
[150.338s][info ][safepoint      ] Safepoint "Cleanup", Time since last: 1000113259 ns, Reaching safepoint: 143905 ns, At safepoint: 17101 ns, Total: 161006 ns
[151.218s][info ][gc,start       ] GC(19) Pause Young (Allocation Failure)
[151.332s][debug][gc,phases      ] GC(19) Scavenge 113.465ms
[151.332s][debug][gc,ref         ] GC(19) Skipped phase 1 of Reference Processing: no references
[151.332s][debug][gc,ref         ] GC(19) ReferenceProcessor::execute queues: 4, RefProcThreadModel::Multi, marks_oops_alive: false
[151.333s][debug][gc,ref         ] GC(19) Skipped phase 3 of Reference Processing: no references
[151.333s][debug][gc,ref         ] GC(19) ReferenceProcessor::execute queues: 1, RefProcThreadModel::Single, marks_oops_alive: false
[151.333s][debug][gc,phases      ] GC(19) Reference Processing 0.760ms
[151.333s][debug][gc,phases      ] GC(19)   VM Weak                        Min:  0.0, Avg:  0.0, Max:  0.0, Diff:  0.0, Sum:  0.0, Workers: 4
[151.333s][debug][gc,phases      ] GC(19)     Dead                           Min: 0, Avg:  0.0, Max: 0, Diff: 0, Sum: 0, Workers: 4
[151.333s][debug][gc,phases      ] GC(19)     Total                          Min: 0, Avg: 182.0, Max: 536, Diff: 536, Sum: 728, Workers: 4
[151.333s][debug][gc,phases      ] GC(19)   ObjectSynchronizer Weak        Min:  0.0, Avg:  0.0, Max:  0.0, Diff:  0.0, Sum:  0.0, Workers: 4
[151.333s][debug][gc,phases      ] GC(19)     Dead                           Min: 0, Avg:  0.0, Max: 0, Diff: 0, Sum: 0, Workers: 4
[151.333s][debug][gc,phases      ] GC(19)     Total                          Min: 0, Avg: 12.2, Max: 49, Diff: 49, Sum: 49, Workers: 4
[151.333s][debug][gc,phases      ] GC(19)   JVMTI Tag Weak OopStorage      Min:  0.0, Avg:  0.0, Max:  0.0, Diff:  0.0, Sum:  0.0, Workers: 4
[151.333s][debug][gc,phases      ] GC(19)     Dead                           Min: 0, Avg:  0.0, Max: 0, Diff: 0, Sum: 0, Workers: 4
[151.333s][debug][gc,phases      ] GC(19)     Total                          Min: 0, Avg:  0.0, Max: 0, Diff: 0, Sum: 0, Workers: 4
[151.333s][debug][gc,phases      ] GC(19)   StringTable Weak               Min:  0.5, Avg:  0.5, Max:  0.5, Diff:  0.0, Sum:  1.9, Workers: 4
[151.333s][debug][gc,phases      ] GC(19)     Dead                           Min: 0, Avg:  0.0, Max: 0, Diff: 0, Sum: 0, Workers: 4
[151.333s][debug][gc,phases      ] GC(19)     Total                          Min: 9600, Avg: 10582.5, Max: 12186, Diff: 2586, Sum: 42330, Workers: 4
[151.333s][debug][gc,phases      ] GC(19)   ResolvedMethodTable Weak       Min:  0.1, Avg:  0.1, Max:  0.1, Diff:  0.0, Sum:  0.4, Workers: 4
[151.333s][debug][gc,phases      ] GC(19)     Dead                           Min: 0, Avg:  0.0, Max: 0, Diff: 0, Sum: 0, Workers: 4
[151.333s][debug][gc,phases      ] GC(19)     Total                          Min: 1792, Avg: 2052.0, Max: 2304, Diff: 512, Sum: 8208, Workers: 4
[151.333s][debug][gc,phases      ] GC(19)   JNI Weak                       Min:  0.0, Avg:  0.0, Max:  0.0, Diff:  0.0, Sum:  0.0, Workers: 4
[151.333s][debug][gc,phases      ] GC(19)     Dead                           Min: 0, Avg:  0.0, Max: 0, Diff: 0, Sum: 0, Workers: 4
[151.333s][debug][gc,phases      ] GC(19)     Total                          Min: 0, Avg: 11.2, Max: 45, Diff: 45, Sum: 45, Workers: 4
[151.333s][debug][gc,phases      ] GC(19)   StringDedup Table Weak         Min:  0.0, Avg:  0.0, Max:  0.0, Diff:  0.0, Sum:  0.0, Workers: 4
[151.333s][debug][gc,phases      ] GC(19)     Dead                           Min: 0, Avg:  0.0, Max: 0, Diff: 0, Sum: 0, Workers: 4
[151.333s][debug][gc,phases      ] GC(19)     Total                          Min: 0, Avg:  0.0, Max: 0, Diff: 0, Sum: 0, Workers: 4
[151.333s][debug][gc,phases      ] GC(19)   StringDedup Requests0 Weak     Min:  0.0, Avg:  0.0, Max:  0.0, Diff:  0.0, Sum:  0.0, Workers: 4
[151.333s][debug][gc,phases      ] GC(19)     Dead                           Min: 0, Avg:  0.0, Max: 0, Diff: 0, Sum: 0, Workers: 4
[151.333s][debug][gc,phases      ] GC(19)     Total                          Min: 0, Avg:  0.0, Max: 0, Diff: 0, Sum: 0, Workers: 4
[151.333s][debug][gc,phases      ] GC(19)   StringDedup Requests1 Weak     Min:  0.0, Avg:  0.0, Max:  0.0, Diff:  0.0, Sum:  0.0, Workers: 4
[151.333s][debug][gc,phases      ] GC(19)     Dead                           Min: 0, Avg:  0.0, Max: 0, Diff: 0, Sum: 0, Workers: 4
[151.333s][debug][gc,phases      ] GC(19)     Total                          Min: 0, Avg:  0.0, Max: 0, Diff: 0, Sum: 0, Workers: 4
[151.333s][debug][gc,phases      ] GC(19)   Weak JFR Old Object Samples    Min:  0.0, Avg:  0.0, Max:  0.0, Diff:  0.0, Sum:  0.0, Workers: 4
[151.333s][debug][gc,phases      ] GC(19)     Dead                           Min: 0, Avg:  0.0, Max: 0, Diff: 0, Sum: 0, Workers: 4
[151.333s][debug][gc,phases      ] GC(19)     Total                          Min: 0, Avg:  0.0, Max: 0, Diff: 0, Sum: 0, Workers: 4
[151.333s][debug][gc,phases      ] GC(19) Weak Processing 0.780ms
[151.333s][debug][gc,age         ] GC(19) Desired survivor size 425721856 bytes, new threshold 15 (max threshold 15)
[151.333s][info ][gc,heap        ] GC(19) PSYoungGen: 1538748K(1670656K)->262335K(1676288K) Eden: 1255424K(1255424K)->0K(1255424K) From: 283324K(415232K)->262335K(420864K)
[151.333s][info ][gc,heap        ] GC(19) ParOldGen: 6577K(18432K)->31289K(31744K)
[151.333s][info ][gc,metaspace   ] GC(19) Metaspace: 77790K(78656K)->77790K(78656K) NonClass: 66715K(67200K)->66715K(67200K) Class: 11075K(11456K)->11075K(11456K)
[151.333s][info ][gc             ] GC(19) Pause Young (Allocation Failure) 1509M->286M(1668M) 115.142ms
[151.333s][info ][gc,cpu         ] GC(19) User=0.36s Sys=0.01s Real=0.12s
[151.333s][debug][gc,phases      ] GC(20) Pre Compact 0.011ms
[151.333s][info ][gc,start       ] GC(20) Pause Full (Ergonomics)
[151.333s][info ][gc,phases,start] GC(20) Marking Phase
[151.428s][debug][gc,phases      ] GC(20) Par Mark 94.592ms
[151.428s][debug][gc,ref         ] GC(20) Skipped phase 1 of Reference Processing: no references
[151.428s][debug][gc,ref         ] GC(20) ReferenceProcessor::execute queues: 4, RefProcThreadModel::Multi, marks_oops_alive: false
[151.428s][debug][gc,ref         ] GC(20) Skipped phase 3 of Reference Processing: no references
[151.428s][debug][gc,ref         ] GC(20) ReferenceProcessor::execute queues: 1, RefProcThreadModel::Single, marks_oops_alive: false
[151.429s][debug][gc,phases      ] GC(20) Reference Processing 0.346ms
[151.429s][debug][gc,phases      ] GC(20)   VM Weak                        Min:  0.0, Avg:  0.0, Max:  0.0, Diff:  0.0, Sum:  0.0, Workers: 4
[151.429s][debug][gc,phases      ] GC(20)     Dead                           Min: 0, Avg:  0.2, Max: 1, Diff: 1, Sum: 1, Workers: 4
[151.429s][debug][gc,phases      ] GC(20)     Total                          Min: 0, Avg: 182.0, Max: 408, Diff: 408, Sum: 728, Workers: 4
[151.429s][debug][gc,phases      ] GC(20)   ObjectSynchronizer Weak        Min:  0.0, Avg:  0.0, Max:  0.0, Diff:  0.0, Sum:  0.0, Workers: 4
[151.429s][debug][gc,phases      ] GC(20)     Dead                           Min: 0, Avg:  0.0, Max: 0, Diff: 0, Sum: 0, Workers: 4
[151.429s][debug][gc,phases      ] GC(20)     Total                          Min: 0, Avg: 12.2, Max: 49, Diff: 49, Sum: 49, Workers: 4
[151.429s][debug][gc,phases      ] GC(20)   JVMTI Tag Weak OopStorage      Min:  0.0, Avg:  0.0, Max:  0.0, Diff:  0.0, Sum:  0.0, Workers: 4
[151.429s][debug][gc,phases      ] GC(20)     Dead                           Min: 0, Avg:  0.0, Max: 0, Diff: 0, Sum: 0, Workers: 4
[151.429s][debug][gc,phases      ] GC(20)     Total                          Min: 0, Avg:  0.0, Max: 0, Diff: 0, Sum: 0, Workers: 4
[151.429s][debug][gc,phases      ] GC(20)   StringTable Weak               Min:  0.0, Avg:  0.2, Max:  0.2, Diff:  0.2, Sum:  0.6, Workers: 4
[151.429s][debug][gc,phases      ] GC(20)     Dead                           Min: 0, Avg:  0.0, Max: 0, Diff: 0, Sum: 0, Workers: 4
[151.429s][debug][gc,phases      ] GC(20)     Total                          Min: 0, Avg: 10582.5, Max: 15642, Diff: 15642, Sum: 42330, Workers: 4
[151.429s][debug][gc,phases      ] GC(20)   ResolvedMethodTable Weak       Min:  0.0, Avg:  0.0, Max:  0.0, Diff:  0.0, Sum:  0.1, Workers: 4
[151.429s][debug][gc,phases      ] GC(20)     Dead                           Min: 0, Avg:  0.2, Max: 1, Diff: 1, Sum: 1, Workers: 4
[151.429s][debug][gc,phases      ] GC(20)     Total                          Min: 0, Avg: 2052.0, Max: 3222, Diff: 3222, Sum: 8208, Workers: 4
[151.429s][debug][gc,phases      ] GC(20)   JNI Weak                       Min:  0.0, Avg:  0.0, Max:  0.0, Diff:  0.0, Sum:  0.0, Workers: 4
[151.429s][debug][gc,phases      ] GC(20)     Dead                           Min: 0, Avg:  0.0, Max: 0, Diff: 0, Sum: 0, Workers: 4
[151.429s][debug][gc,phases      ] GC(20)     Total                          Min: 0, Avg: 11.2, Max: 45, Diff: 45, Sum: 45, Workers: 4
[151.429s][debug][gc,phases      ] GC(20)   StringDedup Table Weak         Min:  0.0, Avg:  0.0, Max:  0.0, Diff:  0.0, Sum:  0.0, Workers: 4
[151.429s][debug][gc,phases      ] GC(20)     Dead                           Min: 0, Avg:  0.0, Max: 0, Diff: 0, Sum: 0, Workers: 4
[151.429s][debug][gc,phases      ] GC(20)     Total                          Min: 0, Avg:  0.0, Max: 0, Diff: 0, Sum: 0, Workers: 4
[151.429s][debug][gc,phases      ] GC(20)   StringDedup Requests0 Weak     Min:  0.0, Avg:  0.0, Max:  0.0, Diff:  0.0, Sum:  0.0, Workers: 4
[151.429s][debug][gc,phases      ] GC(20)     Dead                           Min: 0, Avg:  0.0, Max: 0, Diff: 0, Sum: 0, Workers: 4
[151.429s][debug][gc,phases      ] GC(20)     Total                          Min: 0, Avg:  0.0, Max: 0, Diff: 0, Sum: 0, Workers: 4
[151.429s][debug][gc,phases      ] GC(20)   StringDedup Requests1 Weak     Min:  0.0, Avg:  0.0, Max:  0.0, Diff:  0.0, Sum:  0.0, Workers: 4
[151.429s][debug][gc,phases      ] GC(20)     Dead                           Min: 0, Avg:  0.0, Max: 0, Diff: 0, Sum: 0, Workers: 4
[151.429s][debug][gc,phases      ] GC(20)     Total                          Min: 0, Avg:  0.0, Max: 0, Diff: 0, Sum: 0, Workers: 4
[151.429s][debug][gc,phases      ] GC(20)   Weak JFR Old Object Samples    Min:  0.0, Avg:  0.0, Max:  0.0, Diff:  0.0, Sum:  0.0, Workers: 4
[151.429s][debug][gc,phases      ] GC(20)     Dead                           Min: 0, Avg:  0.0, Max: 0, Diff: 0, Sum: 0, Workers: 4
[151.429s][debug][gc,phases      ] GC(20)     Total                          Min: 0, Avg:  0.0, Max: 0, Diff: 0, Sum: 0, Workers: 4
[151.429s][debug][gc,phases      ] GC(20) Weak Processing 0.460ms
[151.429s][debug][gc,phases      ] GC(20) ClassLoaderData 0.175ms
[151.429s][debug][gc,phases      ] GC(20) Trigger cleanups 0.008ms
[151.456s][debug][gc,phases      ] GC(20) Class Unloading 26.953ms
[151.456s][info ][gc,phases      ] GC(20) Marking Phase 122.540ms
[151.456s][info ][gc,phases,start] GC(20) Summary Phase
[151.456s][info ][gc,phases      ] GC(20) Summary Phase 0.011ms
[151.456s][info ][gc,phases,start] GC(20) Adjust Roots
[151.476s][info ][gc,phases      ] GC(20) Adjust Roots 20.332ms
[151.476s][info ][gc,phases,start] GC(20) Compaction Phase
[152.070s][info ][gc,phases      ] GC(20) Compaction Phase 593.282ms
[152.070s][info ][gc,phases,start] GC(20) Post Compact
[152.072s][info ][gc,phases      ] GC(20) Post Compact 2.574ms
[152.072s][info ][gc,heap        ] GC(20) PSYoungGen: 262335K(1676288K)->258541K(1676288K) Eden: 0K(1255424K)->0K(1255424K) From: 262335K(420864K)->258541K(420864K)
[152.072s][info ][gc,heap        ] GC(20) ParOldGen: 31289K(31744K)->31611K(63488K)
[152.072s][info ][gc,metaspace   ] GC(20) Metaspace: 77790K(78656K)->77788K(78656K) NonClass: 66715K(67200K)->66713K(67200K) Class: 11075K(11456K)->11074K(11456K)
[152.072s][info ][gc             ] GC(20) Pause Full (Ergonomics) 286M->283M(1699M) 738.968ms
[152.072s][info ][gc,cpu         ] GC(20) User=1.96s Sys=0.02s Real=0.73s
[152.072s][info ][safepoint      ] Safepoint "ParallelGCFailedAllocation", Time since last: 879691065 ns, Reaching safepoint: 181606 ns, At safepoint: 854254721 ns, Total: 854436327 ns
[153.073s][info ][safepoint      ] Safepoint "Cleanup", Time since last: 1000093455 ns, Reaching safepoint: 103404 ns, At safepoint: 3800 ns, Total: 107204 ns
[154.073s][info ][safepoint      ] Safepoint "Cleanup", Time since last: 1000119755 ns, Reaching safepoint: 45401 ns, At safepoint: 6401 ns, Total: 51802 ns
[155.073s][info ][safepoint      ] Safepoint "Cleanup", Time since last: 1000116553 ns, Reaching safepoint: 50502 ns, At safepoint: 4400 ns, Total: 54902 ns
[156.073s][info ][safepoint      ] Safepoint "Cleanup", Time since last: 1000112952 ns, Reaching safepoint: 52302 ns, At safepoint: 2700 ns, Total: 55002 ns
[157.073s][info ][safepoint      ] Safepoint "Cleanup", Time since last: 1000118952 ns, Reaching safepoint: 50201 ns, At safepoint: 27101 ns, Total: 77302 ns
[159.074s][info ][safepoint      ] Safepoint "Cleanup", Time since last: 2000179398 ns, Reaching safepoint: 36101 ns, At safepoint: 3900 ns, Total: 40001 ns
[160.074s][info ][safepoint      ] Safepoint "Cleanup", Time since last: 1000131248 ns, Reaching safepoint: 46202 ns, At safepoint: 4000 ns, Total: 50202 ns
[162.074s][info ][safepoint      ] Safepoint "Cleanup", Time since last: 2000172990 ns, Reaching safepoint: 46402 ns, At safepoint: 3800 ns, Total: 50202 ns
[164.074s][info ][safepoint      ] Safepoint "Cleanup", Time since last: 2000175586 ns, Reaching safepoint: 59702 ns, At safepoint: 3800 ns, Total: 63502 ns
[166.074s][info ][safepoint      ] Safepoint "Cleanup", Time since last: 2000197882 ns, Reaching safepoint: 45902 ns, At safepoint: 3400 ns, Total: 49302 ns
[167.075s][info ][safepoint      ] Safepoint "Cleanup", Time since last: 1000082639 ns, Reaching safepoint: 61402 ns, At safepoint: 3300 ns, Total: 64702 ns
[168.075s][info ][safepoint      ] Safepoint "Cleanup", Time since last: 1000130839 ns, Reaching safepoint: 43701 ns, At safepoint: 4101 ns, Total: 47802 ns
[169.075s][info ][safepoint      ] Safepoint "Cleanup", Time since last: 1000101437 ns, Reaching safepoint: 42401 ns, At safepoint: 2100 ns, Total: 44501 ns
[170.075s][info ][safepoint      ] Safepoint "Cleanup", Time since last: 1000093236 ns, Reaching safepoint: 40101 ns, At safepoint: 2400 ns, Total: 42501 ns
[172.075s][info ][safepoint      ] Safepoint "Cleanup", Time since last: 2000188769 ns, Reaching safepoint: 36201 ns, At safepoint: 3000 ns, Total: 39201 ns
[173.075s][info ][safepoint      ] Safepoint "Cleanup", Time since last: 1000104833 ns, Reaching safepoint: 52702 ns, At safepoint: 5500 ns, Total: 58202 ns
[175.076s][info ][safepoint      ] Safepoint "Cleanup", Time since last: 2000181461 ns, Reaching safepoint: 50702 ns, At safepoint: 3200 ns, Total: 53902 ns
[176.076s][info ][safepoint      ] Safepoint "Cleanup", Time since last: 1000117730 ns, Reaching safepoint: 59702 ns, At safepoint: 2800 ns, Total: 62502 ns
[177.076s][info ][safepoint      ] Safepoint "Cleanup", Time since last: 1000107528 ns, Reaching safepoint: 48402 ns, At safepoint: 13800 ns, Total: 62202 ns
[178.076s][info ][safepoint      ] Safepoint "Cleanup", Time since last: 1000103328 ns, Reaching safepoint: 49301 ns, At safepoint: 3700 ns, Total: 53001 ns
[179.621s][info ][safepoint      ] Safepoint "Cleanup", Time since last: 1544680364 ns, Reaching safepoint: 94203 ns, At safepoint: 9800 ns, Total: 104003 ns
[180.621s][info ][safepoint      ] Safepoint "Cleanup", Time since last: 1000133026 ns, Reaching safepoint: 64102 ns, At safepoint: 2800 ns, Total: 66902 ns
[181.621s][info ][safepoint      ] Safepoint "Cleanup", Time since last: 1000114023 ns, Reaching safepoint: 57102 ns, At safepoint: 5101 ns, Total: 62203 ns
[183.622s][info ][safepoint      ] Safepoint "Cleanup", Time since last: 2000199143 ns, Reaching safepoint: 49501 ns, At safepoint: 2800 ns, Total: 52301 ns
[184.622s][info ][safepoint      ] Safepoint "Cleanup", Time since last: 1000114521 ns, Reaching safepoint: 60002 ns, At safepoint: 5800 ns, Total: 65802 ns
[185.622s][info ][safepoint      ] Safepoint "Cleanup", Time since last: 1000117219 ns, Reaching safepoint: 37702 ns, At safepoint: 3100 ns, Total: 40802 ns
[187.622s][info ][safepoint      ] Safepoint "Cleanup", Time since last: 2000174433 ns, Reaching safepoint: 68502 ns, At safepoint: 2801 ns, Total: 71303 ns
[188.622s][info ][safepoint      ] Safepoint "Cleanup", Time since last: 1000091215 ns, Reaching safepoint: 51602 ns, At safepoint: 4300 ns, Total: 55902 ns
[190.623s][info ][safepoint      ] Safepoint "Cleanup", Time since last: 2000147126 ns, Reaching safepoint: 46401 ns, At safepoint: 4101 ns, Total: 50502 ns
[191.623s][info ][safepoint      ] Safepoint "Cleanup", Time since last: 1000129913 ns, Reaching safepoint: 41701 ns, At safepoint: 4000 ns, Total: 45701 ns
[192.623s][info ][safepoint      ] Safepoint "Cleanup", Time since last: 1000108512 ns, Reaching safepoint: 48202 ns, At safepoint: 15600 ns, Total: 63802 ns
[193.623s][info ][safepoint      ] Safepoint "Cleanup", Time since last: 1000119811 ns, Reaching safepoint: 49101 ns, At safepoint: 2801 ns, Total: 51902 ns
[194.623s][info ][safepoint      ] Safepoint "Cleanup", Time since last: 1000120809 ns, Reaching safepoint: 56002 ns, At safepoint: 3100 ns, Total: 59102 ns
[195.623s][info ][safepoint      ] Safepoint "Cleanup", Time since last: 1000114009 ns, Reaching safepoint: 49001 ns, At safepoint: 3001 ns, Total: 52002 ns
[196.624s][info ][safepoint      ] Safepoint "Cleanup", Time since last: 1000095206 ns, Reaching safepoint: 53402 ns, At safepoint: 3700 ns, Total: 57102 ns
[198.624s][info ][safepoint      ] Safepoint "Cleanup", Time since last: 2000194211 ns, Reaching safepoint: 48302 ns, At safepoint: 2500 ns, Total: 50802 ns
[199.624s][info ][safepoint      ] Safepoint "Cleanup", Time since last: 1000125304 ns, Reaching safepoint: 41302 ns, At safepoint: 3200 ns, Total: 44502 ns
[200.624s][info ][safepoint      ] Safepoint "Cleanup", Time since last: 1000124503 ns, Reaching safepoint: 58702 ns, At safepoint: 3800 ns, Total: 62502 ns
[201.624s][info ][safepoint      ] Safepoint "Cleanup", Time since last: 1000116603 ns, Reaching safepoint: 42901 ns, At safepoint: 3100 ns, Total: 46001 ns
[202.625s][info ][safepoint      ] Safepoint "Cleanup", Time since last: 1000125202 ns, Reaching safepoint: 42001 ns, At safepoint: 3700 ns, Total: 45701 ns
[209.625s][info ][safepoint      ] Safepoint "Cleanup", Time since last: 7000480568 ns, Reaching safepoint: 59002 ns, At safepoint: 7300 ns, Total: 66302 ns
[210.625s][info ][safepoint      ] Safepoint "Cleanup", Time since last: 1000118093 ns, Reaching safepoint: 60802 ns, At safepoint: 2800 ns, Total: 63602 ns
[211.625s][info ][safepoint      ] Safepoint "Cleanup", Time since last: 1000116392 ns, Reaching safepoint: 56102 ns, At safepoint: 2700 ns, Total: 58802 ns
[212.626s][info ][safepoint      ] Safepoint "Cleanup", Time since last: 1000111290 ns, Reaching safepoint: 66803 ns, At safepoint: 6200 ns, Total: 73003 ns
[213.626s][info ][safepoint      ] Safepoint "Cleanup", Time since last: 1000124690 ns, Reaching safepoint: 60202 ns, At safepoint: 4500 ns, Total: 64702 ns
[214.333s][info ][gc,start       ] GC(21) Pause Young (Allocation Failure)
[214.441s][debug][gc,phases      ] GC(21) Scavenge 107.875ms
[214.441s][debug][gc,ref         ] GC(21) Skipped phase 1 of Reference Processing: no references
[214.441s][debug][gc,ref         ] GC(21) ReferenceProcessor::execute queues: 4, RefProcThreadModel::Multi, marks_oops_alive: false
[214.441s][debug][gc,ref         ] GC(21) Skipped phase 3 of Reference Processing: no references
[214.441s][debug][gc,ref         ] GC(21) ReferenceProcessor::execute queues: 1, RefProcThreadModel::Single, marks_oops_alive: false
[214.441s][debug][gc,phases      ] GC(21) Reference Processing 0.426ms
[214.442s][debug][gc,phases      ] GC(21)   VM Weak                        Min:  0.0, Avg:  0.0, Max:  0.0, Diff:  0.0, Sum:  0.0, Workers: 4
[214.442s][debug][gc,phases      ] GC(21)     Dead                           Min: 0, Avg:  0.0, Max: 0, Diff: 0, Sum: 0, Workers: 4
[214.442s][debug][gc,phases      ] GC(21)     Total                          Min: 0, Avg: 182.0, Max: 319, Diff: 319, Sum: 728, Workers: 4
[214.442s][debug][gc,phases      ] GC(21)   ObjectSynchronizer Weak        Min:  0.0, Avg:  0.0, Max:  0.0, Diff:  0.0, Sum:  0.0, Workers: 4
[214.442s][debug][gc,phases      ] GC(21)     Dead                           Min: 0, Avg:  0.0, Max: 0, Diff: 0, Sum: 0, Workers: 4
[214.442s][debug][gc,phases      ] GC(21)     Total                          Min: 0, Avg: 12.2, Max: 49, Diff: 49, Sum: 49, Workers: 4
[214.442s][debug][gc,phases      ] GC(21)   JVMTI Tag Weak OopStorage      Min:  0.0, Avg:  0.0, Max:  0.0, Diff:  0.0, Sum:  0.0, Workers: 4
[214.442s][debug][gc,phases      ] GC(21)     Dead                           Min: 0, Avg:  0.0, Max: 0, Diff: 0, Sum: 0, Workers: 4
[214.442s][debug][gc,phases      ] GC(21)     Total                          Min: 0, Avg:  0.0, Max: 0, Diff: 0, Sum: 0, Workers: 4
[214.442s][debug][gc,phases      ] GC(21)   StringTable Weak               Min:  0.0, Avg:  0.3, Max:  0.4, Diff:  0.4, Sum:  1.2, Workers: 4
[214.442s][debug][gc,phases      ] GC(21)     Dead                           Min: 0, Avg:  0.5, Max: 1, Diff: 1, Sum: 2, Workers: 4
[214.442s][debug][gc,phases      ] GC(21)     Total                          Min: 0, Avg: 10605.8, Max: 17280, Diff: 17280, Sum: 42423, Workers: 4
[214.442s][debug][gc,phases      ] GC(21)   ResolvedMethodTable Weak       Min:  0.0, Avg:  0.1, Max:  0.1, Diff:  0.1, Sum:  0.3, Workers: 4
[214.442s][debug][gc,phases      ] GC(21)     Dead                           Min: 0, Avg:  4.0, Max: 16, Diff: 16, Sum: 16, Workers: 4
[214.442s][debug][gc,phases      ] GC(21)     Total                          Min: 0, Avg: 2064.2, Max: 3841, Diff: 3841, Sum: 8257, Workers: 4
[214.442s][debug][gc,phases      ] GC(21)   JNI Weak                       Min:  0.0, Avg:  0.0, Max:  0.0, Diff:  0.0, Sum:  0.0, Workers: 4
[214.442s][debug][gc,phases      ] GC(21)     Dead                           Min: 0, Avg:  0.0, Max: 0, Diff: 0, Sum: 0, Workers: 4
[214.442s][debug][gc,phases      ] GC(21)     Total                          Min: 0, Avg: 11.2, Max: 45, Diff: 45, Sum: 45, Workers: 4
[214.442s][debug][gc,phases      ] GC(21)   StringDedup Table Weak         Min:  0.0, Avg:  0.0, Max:  0.0, Diff:  0.0, Sum:  0.0, Workers: 4
[214.442s][debug][gc,phases      ] GC(21)     Dead                           Min: 0, Avg:  0.0, Max: 0, Diff: 0, Sum: 0, Workers: 4
[214.442s][debug][gc,phases      ] GC(21)     Total                          Min: 0, Avg:  0.0, Max: 0, Diff: 0, Sum: 0, Workers: 4
[214.442s][debug][gc,phases      ] GC(21)   StringDedup Requests0 Weak     Min:  0.0, Avg:  0.0, Max:  0.0, Diff:  0.0, Sum:  0.0, Workers: 4
[214.442s][debug][gc,phases      ] GC(21)     Dead                           Min: 0, Avg:  0.0, Max: 0, Diff: 0, Sum: 0, Workers: 4
[214.442s][debug][gc,phases      ] GC(21)     Total                          Min: 0, Avg:  0.0, Max: 0, Diff: 0, Sum: 0, Workers: 4
[214.442s][debug][gc,phases      ] GC(21)   StringDedup Requests1 Weak     Min:  0.0, Avg:  0.0, Max:  0.0, Diff:  0.0, Sum:  0.0, Workers: 4
[214.442s][debug][gc,phases      ] GC(21)     Dead                           Min: 0, Avg:  0.0, Max: 0, Diff: 0, Sum: 0, Workers: 4
[214.442s][debug][gc,phases      ] GC(21)     Total                          Min: 0, Avg:  0.0, Max: 0, Diff: 0, Sum: 0, Workers: 4
[214.442s][debug][gc,phases      ] GC(21)   Weak JFR Old Object Samples    Min:  0.0, Avg:  0.0, Max:  0.0, Diff:  0.0, Sum:  0.0, Workers: 4
[214.442s][debug][gc,phases      ] GC(21)     Dead                           Min: 0, Avg:  0.0, Max: 0, Diff: 0, Sum: 0, Workers: 4
[214.442s][debug][gc,phases      ] GC(21)     Total                          Min: 0, Avg:  0.0, Max: 0, Diff: 0, Sum: 0, Workers: 4
[214.442s][debug][gc,phases      ] GC(21) Weak Processing 0.698ms
[214.442s][debug][gc,age         ] GC(21) Desired survivor size 409468928 bytes, new threshold 15 (max threshold 15)
[214.442s][info ][gc,heap        ] GC(21) PSYoungGen: 1513965K(1676288K)->207605K(1697280K) Eden: 1255424K(1255424K)->0K(1281536K) From: 258541K(420864K)->207605K(415744K)
[214.442s][info ][gc,heap        ] GC(21) ParOldGen: 31611K(63488K)->85862K(86016K)
[214.442s][info ][gc,metaspace   ] GC(21) Metaspace: 78053K(78976K)->78053K(78976K) NonClass: 66950K(67456K)->66950K(67456K) Class: 11103K(11520K)->11103K(11520K)
[214.442s][info ][gc             ] GC(21) Pause Young (Allocation Failure) 1509M->286M(1741M) 109.142ms
[214.442s][info ][gc,cpu         ] GC(21) User=0.34s Sys=0.05s Real=0.10s
[214.442s][debug][gc,phases      ] GC(22) Pre Compact 0.009ms
[214.442s][info ][gc,start       ] GC(22) Pause Full (Ergonomics)
[214.442s][info ][gc,phases,start] GC(22) Marking Phase
[214.536s][debug][gc,phases      ] GC(22) Par Mark 94.261ms
[214.536s][debug][gc,ref         ] GC(22) Skipped phase 1 of Reference Processing: no references
[214.537s][debug][gc,ref         ] GC(22) ReferenceProcessor::execute queues: 4, RefProcThreadModel::Multi, marks_oops_alive: false
[214.537s][debug][gc,ref         ] GC(22) Skipped phase 3 of Reference Processing: no references
[214.537s][debug][gc,ref         ] GC(22) ReferenceProcessor::execute queues: 1, RefProcThreadModel::Single, marks_oops_alive: false
[214.537s][debug][gc,phases      ] GC(22) Reference Processing 0.519ms
[214.537s][debug][gc,phases      ] GC(22)   VM Weak                        Min:  0.0, Avg:  0.0, Max:  0.0, Diff:  0.0, Sum:  0.0, Workers: 4
[214.537s][debug][gc,phases      ] GC(22)     Dead                           Min: 0, Avg:  0.0, Max: 0, Diff: 0, Sum: 0, Workers: 4
[214.537s][debug][gc,phases      ] GC(22)     Total                          Min: 0, Avg: 182.0, Max: 320, Diff: 320, Sum: 728, Workers: 4
[214.537s][debug][gc,phases      ] GC(22)   ObjectSynchronizer Weak        Min:  0.0, Avg:  0.0, Max:  0.0, Diff:  0.0, Sum:  0.0, Workers: 4
[214.537s][debug][gc,phases      ] GC(22)     Dead                           Min: 0, Avg:  0.0, Max: 0, Diff: 0, Sum: 0, Workers: 4
[214.537s][debug][gc,phases      ] GC(22)     Total                          Min: 0, Avg: 12.2, Max: 49, Diff: 49, Sum: 49, Workers: 4
[214.537s][debug][gc,phases      ] GC(22)   JVMTI Tag Weak OopStorage      Min:  0.0, Avg:  0.0, Max:  0.0, Diff:  0.0, Sum:  0.0, Workers: 4
[214.537s][debug][gc,phases      ] GC(22)     Dead                           Min: 0, Avg:  0.0, Max: 0, Diff: 0, Sum: 0, Workers: 4
[214.537s][debug][gc,phases      ] GC(22)     Total                          Min: 0, Avg:  0.0, Max: 0, Diff: 0, Sum: 0, Workers: 4
[214.537s][debug][gc,phases      ] GC(22)   StringTable Weak               Min:  0.0, Avg:  0.1, Max:  0.2, Diff:  0.2, Sum:  0.6, Workers: 4
[214.537s][debug][gc,phases      ] GC(22)     Dead                           Min: 0, Avg:  0.0, Max: 0, Diff: 0, Sum: 0, Workers: 4
[214.537s][debug][gc,phases      ] GC(22)     Total                          Min: 0, Avg: 10605.8, Max: 17015, Diff: 17015, Sum: 42423, Workers: 4
[214.537s][debug][gc,phases      ] GC(22)   ResolvedMethodTable Weak       Min:  0.0, Avg:  0.0, Max:  0.0, Diff:  0.0, Sum:  0.1, Workers: 4
[214.537s][debug][gc,phases      ] GC(22)     Dead                           Min: 0, Avg:  0.0, Max: 0, Diff: 0, Sum: 0, Workers: 4
[214.537s][debug][gc,phases      ] GC(22)     Total                          Min: 0, Avg: 2064.2, Max: 3584, Diff: 3584, Sum: 8257, Workers: 4
[214.537s][debug][gc,phases      ] GC(22)   JNI Weak                       Min:  0.0, Avg:  0.0, Max:  0.0, Diff:  0.0, Sum:  0.0, Workers: 4
[214.537s][debug][gc,phases      ] GC(22)     Dead                           Min: 0, Avg:  0.0, Max: 0, Diff: 0, Sum: 0, Workers: 4
[214.537s][debug][gc,phases      ] GC(22)     Total                          Min: 0, Avg: 11.2, Max: 45, Diff: 45, Sum: 45, Workers: 4
[214.537s][debug][gc,phases      ] GC(22)   StringDedup Table Weak         Min:  0.0, Avg:  0.0, Max:  0.0, Diff:  0.0, Sum:  0.0, Workers: 4
[214.537s][debug][gc,phases      ] GC(22)     Dead                           Min: 0, Avg:  0.0, Max: 0, Diff: 0, Sum: 0, Workers: 4
[214.537s][debug][gc,phases      ] GC(22)     Total                          Min: 0, Avg:  0.0, Max: 0, Diff: 0, Sum: 0, Workers: 4
[214.537s][debug][gc,phases      ] GC(22)   StringDedup Requests0 Weak     Min:  0.0, Avg:  0.0, Max:  0.0, Diff:  0.0, Sum:  0.0, Workers: 4
[214.537s][debug][gc,phases      ] GC(22)     Dead                           Min: 0, Avg:  0.0, Max: 0, Diff: 0, Sum: 0, Workers: 4
[214.537s][debug][gc,phases      ] GC(22)     Total                          Min: 0, Avg:  0.0, Max: 0, Diff: 0, Sum: 0, Workers: 4
[214.537s][debug][gc,phases      ] GC(22)   StringDedup Requests1 Weak     Min:  0.0, Avg:  0.0, Max:  0.0, Diff:  0.0, Sum:  0.0, Workers: 4
[214.537s][debug][gc,phases      ] GC(22)     Dead                           Min: 0, Avg:  0.0, Max: 0, Diff: 0, Sum: 0, Workers: 4
[214.537s][debug][gc,phases      ] GC(22)     Total                          Min: 0, Avg:  0.0, Max: 0, Diff: 0, Sum: 0, Workers: 4
[214.537s][debug][gc,phases      ] GC(22)   Weak JFR Old Object Samples    Min:  0.0, Avg:  0.0, Max:  0.0, Diff:  0.0, Sum:  0.0, Workers: 4
[214.537s][debug][gc,phases      ] GC(22)     Dead                           Min: 0, Avg:  0.0, Max: 0, Diff: 0, Sum: 0, Workers: 4
[214.537s][debug][gc,phases      ] GC(22)     Total                          Min: 0, Avg:  0.0, Max: 0, Diff: 0, Sum: 0, Workers: 4
[214.537s][debug][gc,phases      ] GC(22) Weak Processing 0.425ms
[214.538s][debug][gc,phases      ] GC(22) ClassLoaderData 0.096ms
[214.538s][debug][gc,phases      ] GC(22) Trigger cleanups 0.000ms
[214.555s][debug][gc,phases      ] GC(22) Class Unloading 17.130ms
[214.555s][info ][gc,phases      ] GC(22) Marking Phase 112.548ms
[214.555s][info ][gc,phases,start] GC(22) Summary Phase
[214.555s][info ][gc,phases      ] GC(22) Summary Phase 0.013ms
[214.555s][info ][gc,phases,start] GC(22) Adjust Roots
[214.574s][info ][gc,phases      ] GC(22) Adjust Roots 19.093ms
[214.574s][info ][gc,phases,start] GC(22) Compaction Phase
[215.035s][info ][gc,phases      ] GC(22) Compaction Phase 461.311ms
[215.035s][info ][gc,phases,start] GC(22) Post Compact
[215.037s][info ][gc,phases      ] GC(22) Post Compact 2.237ms
[215.038s][info ][gc,heap        ] GC(22) PSYoungGen: 207605K(1697280K)->204674K(1697280K) Eden: 0K(1281536K)->0K(1281536K) From: 207605K(415744K)->204674K(415744K)
[215.038s][info ][gc,heap        ] GC(22) ParOldGen: 85862K(86016K)->85572K(148992K)
[215.038s][info ][gc,metaspace   ] GC(22) Metaspace: 78053K(78976K)->78053K(78976K) NonClass: 66950K(67456K)->66950K(67456K) Class: 11103K(11520K)->11103K(11520K)
[215.038s][info ][gc             ] GC(22) Pause Full (Ergonomics) 286M->283M(1803M) 595.510ms
[215.038s][info ][gc,cpu         ] GC(22) User=1.68s Sys=0.00s Real=0.60s
[215.038s][info ][safepoint      ] Safepoint "ParallelGCFailedAllocation", Time since last: 706976690 ns, Reaching safepoint: 45502 ns, At safepoint: 704779517 ns, Total: 704825019 ns
[216.038s][info ][safepoint      ] Safepoint "Cleanup", Time since last: 1000101987 ns, Reaching safepoint: 55702 ns, At safepoint: 2800 ns, Total: 58502 ns
[219.038s][info ][safepoint      ] Safepoint "Cleanup", Time since last: 3000245252 ns, Reaching safepoint: 47901 ns, At safepoint: 2800 ns, Total: 50701 ns
[221.038s][info ][safepoint      ] Safepoint "Cleanup", Time since last: 2000173464 ns, Reaching safepoint: 57902 ns, At safepoint: 3900 ns, Total: 61802 ns
[222.038s][info ][safepoint      ] Safepoint "Cleanup", Time since last: 1000102981 ns, Reaching safepoint: 29801 ns, At safepoint: 6100 ns, Total: 35901 ns
[224.039s][info ][safepoint      ] Safepoint "Cleanup", Time since last: 2000176557 ns, Reaching safepoint: 44102 ns, At safepoint: 3400 ns, Total: 47502 ns
[231.039s][info ][safepoint      ] Safepoint "Cleanup", Time since last: 7000483814 ns, Reaching safepoint: 53602 ns, At safepoint: 2800 ns, Total: 56402 ns
[233.039s][info ][safepoint      ] Safepoint "Cleanup", Time since last: 2000183440 ns, Reaching safepoint: 48601 ns, At safepoint: 7301 ns, Total: 55902 ns
[234.040s][info ][safepoint      ] Safepoint "Cleanup", Time since last: 1000116869 ns, Reaching safepoint: 40601 ns, At safepoint: 2700 ns, Total: 43301 ns
[236.040s][info ][safepoint      ] Safepoint "Cleanup", Time since last: 2000197934 ns, Reaching safepoint: 31301 ns, At safepoint: 6700 ns, Total: 38001 ns
[240.040s][info ][safepoint      ] Safepoint "Cleanup", Time since last: 4000315754 ns, Reaching safepoint: 29701 ns, At safepoint: 2800 ns, Total: 32501 ns
[241.040s][info ][safepoint      ] Safepoint "Cleanup", Time since last: 1000123463 ns, Reaching safepoint: 67802 ns, At safepoint: 7800 ns, Total: 75602 ns
[245.041s][info ][safepoint      ] Safepoint "Cleanup", Time since last: 4000301534 ns, Reaching safepoint: 66202 ns, At safepoint: 7800 ns, Total: 74002 ns
[249.041s][info ][safepoint      ] Safepoint "Cleanup", Time since last: 4000318519 ns, Reaching safepoint: 30901 ns, At safepoint: 26401 ns, Total: 57302 ns
[255.042s][info ][safepoint      ] Safepoint "Cleanup", Time since last: 6000421898 ns, Reaching safepoint: 54001 ns, At safepoint: 2400 ns, Total: 56401 ns
[256.042s][info ][safepoint      ] Safepoint "Cleanup", Time since last: 1000124949 ns, Reaching safepoint: 37301 ns, At safepoint: 9600 ns, Total: 46901 ns
[257.042s][info ][safepoint      ] Safepoint "Cleanup", Time since last: 1000120547 ns, Reaching safepoint: 56302 ns, At safepoint: 3700 ns, Total: 60002 ns
[260.042s][info ][safepoint      ] Safepoint "Cleanup", Time since last: 3000186529 ns, Reaching safepoint: 48902 ns, At safepoint: 2800 ns, Total: 51702 ns
[262.042s][info ][safepoint      ] Safepoint "Cleanup", Time since last: 2000188284 ns, Reaching safepoint: 50002 ns, At safepoint: 3600 ns, Total: 53602 ns
[265.043s][info ][safepoint      ] Safepoint "Cleanup", Time since last: 3000216616 ns, Reaching safepoint: 47702 ns, At safepoint: 3900 ns, Total: 51602 ns
[266.043s][info ][safepoint      ] Safepoint "Cleanup", Time since last: 1000119938 ns, Reaching safepoint: 32301 ns, At safepoint: 3000 ns, Total: 35301 ns
[269.043s][info ][safepoint      ] Safepoint "Cleanup", Time since last: 3000266807 ns, Reaching safepoint: 68703 ns, At safepoint: 3000 ns, Total: 71703 ns
[270.043s][info ][safepoint      ] Safepoint "Cleanup", Time since last: 1000116434 ns, Reaching safepoint: 43902 ns, At safepoint: 4000 ns, Total: 47902 ns
[271.044s][info ][safepoint      ] Safepoint "Cleanup", Time since last: 1000126934 ns, Reaching safepoint: 47002 ns, At safepoint: 7000 ns, Total: 54002 ns
[272.044s][info ][safepoint      ] Safepoint "Cleanup", Time since last: 1000124233 ns, Reaching safepoint: 56302 ns, At safepoint: 3900 ns, Total: 60202 ns
[273.044s][info ][safepoint      ] Safepoint "Cleanup", Time since last: 1000121932 ns, Reaching safepoint: 42302 ns, At safepoint: 7500 ns, Total: 49802 ns
[274.044s][info ][safepoint      ] Safepoint "Cleanup", Time since last: 1000126531 ns, Reaching safepoint: 29601 ns, At safepoint: 2300 ns, Total: 31901 ns
[279.044s][info ][safepoint      ] Safepoint "Cleanup", Time since last: 5000376135 ns, Reaching safepoint: 42201 ns, At safepoint: 2800 ns, Total: 45001 ns
[279.136s][info ][gc,start       ] GC(23) Pause Young (Allocation Failure)
[279.218s][debug][gc,phases      ] GC(23) Scavenge 81.577ms
[279.218s][debug][gc,ref         ] GC(23) Skipped phase 1 of Reference Processing: no references
[279.218s][debug][gc,ref         ] GC(23) ReferenceProcessor::execute queues: 2, RefProcThreadModel::Multi, marks_oops_alive: false
[279.218s][debug][gc,ref         ] GC(23) Skipped phase 3 of Reference Processing: no references
[279.218s][debug][gc,ref         ] GC(23) ReferenceProcessor::execute queues: 1, RefProcThreadModel::Single, marks_oops_alive: false
[279.218s][debug][gc,phases      ] GC(23) Reference Processing 0.297ms
[279.218s][debug][gc,phases      ] GC(23)   VM Weak                        Min:  0.0, Avg:  0.0, Max:  0.0, Diff:  0.0, Sum:  0.0, Workers: 4
[279.218s][debug][gc,phases      ] GC(23)     Dead                           Min: 0, Avg:  0.0, Max: 0, Diff: 0, Sum: 0, Workers: 4
[279.218s][debug][gc,phases      ] GC(23)     Total                          Min: 0, Avg: 183.5, Max: 511, Diff: 511, Sum: 734, Workers: 4
[279.218s][debug][gc,phases      ] GC(23)   ObjectSynchronizer Weak        Min:  0.0, Avg:  0.0, Max:  0.0, Diff:  0.0, Sum:  0.0, Workers: 4
[279.218s][debug][gc,phases      ] GC(23)     Dead                           Min: 0, Avg:  0.0, Max: 0, Diff: 0, Sum: 0, Workers: 4
[279.218s][debug][gc,phases      ] GC(23)     Total                          Min: 0, Avg: 12.2, Max: 49, Diff: 49, Sum: 49, Workers: 4
[279.218s][debug][gc,phases      ] GC(23)   JVMTI Tag Weak OopStorage      Min:  0.0, Avg:  0.0, Max:  0.0, Diff:  0.0, Sum:  0.0, Workers: 4
[279.219s][debug][gc,phases      ] GC(23)     Dead                           Min: 0, Avg:  0.0, Max: 0, Diff: 0, Sum: 0, Workers: 4
[279.219s][debug][gc,phases      ] GC(23)     Total                          Min: 0, Avg:  0.0, Max: 0, Diff: 0, Sum: 0, Workers: 4
[279.219s][debug][gc,phases      ] GC(23)   StringTable Weak               Min:  0.0, Avg:  0.2, Max:  0.3, Diff:  0.3, Sum:  1.0, Workers: 4
[279.219s][debug][gc,phases      ] GC(23)     Dead                           Min: 0, Avg:  0.5, Max: 2, Diff: 2, Sum: 2, Workers: 4
[279.219s][debug][gc,phases      ] GC(23)     Total                          Min: 0, Avg: 10614.8, Max: 14301, Diff: 14301, Sum: 42459, Workers: 4
[279.219s][debug][gc,phases      ] GC(23)   ResolvedMethodTable Weak       Min:  0.0, Avg:  0.1, Max:  0.1, Diff:  0.1, Sum:  0.3, Workers: 4
[279.219s][debug][gc,phases      ] GC(23)     Dead                           Min: 0, Avg:  0.0, Max: 0, Diff: 0, Sum: 0, Workers: 4
[279.219s][debug][gc,phases      ] GC(23)     Total                          Min: 0, Avg: 2071.5, Max: 3166, Diff: 3166, Sum: 8286, Workers: 4
[279.219s][debug][gc,phases      ] GC(23)   JNI Weak                       Min:  0.0, Avg:  0.0, Max:  0.0, Diff:  0.0, Sum:  0.0, Workers: 4
[279.219s][debug][gc,phases      ] GC(23)     Dead                           Min: 0, Avg:  0.0, Max: 0, Diff: 0, Sum: 0, Workers: 4
[279.219s][debug][gc,phases      ] GC(23)     Total                          Min: 0, Avg: 11.2, Max: 45, Diff: 45, Sum: 45, Workers: 4
[279.219s][debug][gc,phases      ] GC(23)   StringDedup Table Weak         Min:  0.0, Avg:  0.0, Max:  0.0, Diff:  0.0, Sum:  0.0, Workers: 4
[279.219s][debug][gc,phases      ] GC(23)     Dead                           Min: 0, Avg:  0.0, Max: 0, Diff: 0, Sum: 0, Workers: 4
[279.219s][debug][gc,phases      ] GC(23)     Total                          Min: 0, Avg:  0.0, Max: 0, Diff: 0, Sum: 0, Workers: 4
[279.219s][debug][gc,phases      ] GC(23)   StringDedup Requests0 Weak     Min:  0.0, Avg:  0.0, Max:  0.0, Diff:  0.0, Sum:  0.0, Workers: 4
[279.219s][debug][gc,phases      ] GC(23)     Dead                           Min: 0, Avg:  0.0, Max: 0, Diff: 0, Sum: 0, Workers: 4
[279.219s][debug][gc,phases      ] GC(23)     Total                          Min: 0, Avg:  0.0, Max: 0, Diff: 0, Sum: 0, Workers: 4
[279.219s][debug][gc,phases      ] GC(23)   StringDedup Requests1 Weak     Min:  0.0, Avg:  0.0, Max:  0.0, Diff:  0.0, Sum:  0.0, Workers: 4
[279.219s][debug][gc,phases      ] GC(23)     Dead                           Min: 0, Avg:  0.0, Max: 0, Diff: 0, Sum: 0, Workers: 4
[279.219s][debug][gc,phases      ] GC(23)     Total                          Min: 0, Avg:  0.0, Max: 0, Diff: 0, Sum: 0, Workers: 4
[279.219s][debug][gc,phases      ] GC(23)   Weak JFR Old Object Samples    Min:  0.0, Avg:  0.0, Max:  0.0, Diff:  0.0, Sum:  0.0, Workers: 4
[279.219s][debug][gc,phases      ] GC(23)     Dead                           Min: 0, Avg:  0.0, Max: 0, Diff: 0, Sum: 0, Workers: 4
[279.219s][debug][gc,phases      ] GC(23)     Total                          Min: 0, Avg:  0.0, Max: 0, Diff: 0, Sum: 0, Workers: 4
[279.219s][debug][gc,phases      ] GC(23) Weak Processing 0.612ms
[279.219s][debug][gc,age         ] GC(23) Desired survivor size 398983168 bytes, new threshold 15 (max threshold 15)
[279.219s][info ][gc,heap        ] GC(23) PSYoungGen: 1486210K(1697280K)->180524K(1681408K) Eden: 1281536K(1281536K)->0K(1281536K) From: 204674K(415744K)->180524K(399872K)
[279.219s][info ][gc,heap        ] GC(23) ParOldGen: 85572K(148992K)->113370K(148992K)
[279.219s][info ][gc,metaspace   ] GC(23) Metaspace: 78116K(79040K)->78116K(79040K) NonClass: 67003K(67520K)->67003K(67520K) Class: 11112K(11520K)->11112K(11520K)
[279.219s][info ][gc             ] GC(23) Pause Young (Allocation Failure) 1534M->287M(1787M) 82.634ms
[279.219s][info ][gc,cpu         ] GC(23) User=0.29s Sys=0.00s Real=0.08s
[279.219s][info ][safepoint      ] Safepoint "ParallelGCFailedAllocation", Time since last: 91458820 ns, Reaching safepoint: 49602 ns, At safepoint: 82711031 ns, Total: 82760633 ns
[282.219s][info ][safepoint      ] Safepoint "Cleanup", Time since last: 3000139367 ns, Reaching safepoint: 44701 ns, At safepoint: 2800 ns, Total: 47501 ns
[283.219s][info ][safepoint      ] Safepoint "Cleanup", Time since last: 1000106523 ns, Reaching safepoint: 51902 ns, At safepoint: 3900 ns, Total: 55802 ns
[284.219s][info ][safepoint      ] Safepoint "Cleanup", Time since last: 1000104321 ns, Reaching safepoint: 50202 ns, At safepoint: 3000 ns, Total: 53202 ns
[285.219s][info ][safepoint      ] Safepoint "Cleanup", Time since last: 1000116921 ns, Reaching safepoint: 40301 ns, At safepoint: 3200 ns, Total: 43501 ns
[291.220s][info ][safepoint      ] Safepoint "Cleanup", Time since last: 6000465999 ns, Reaching safepoint: 38101 ns, At safepoint: 3000 ns, Total: 41101 ns
[295.220s][info ][safepoint      ] Safepoint "Cleanup", Time since last: 4000339250 ns, Reaching safepoint: 47101 ns, At safepoint: 3700 ns, Total: 50801 ns
[296.220s][info ][safepoint      ] Safepoint "Cleanup", Time since last: 1000114411 ns, Reaching safepoint: 37902 ns, At safepoint: 3000 ns, Total: 40902 ns
[297.221s][info ][safepoint      ] Safepoint "Cleanup", Time since last: 1000113110 ns, Reaching safepoint: 52402 ns, At safepoint: 4200 ns, Total: 56602 ns
[298.221s][info ][safepoint      ] Safepoint "Cleanup", Time since last: 1000128210 ns, Reaching safepoint: 40001 ns, At safepoint: 7800 ns, Total: 47801 ns
[299.221s][info ][safepoint      ] Safepoint "Cleanup", Time since last: 1000112909 ns, Reaching safepoint: 47601 ns, At safepoint: 2900 ns, Total: 50501 ns
[302.222s][info ][safepoint      ] Safepoint "Cleanup", Time since last: 3000249417 ns, Reaching safepoint: 513617 ns, At safepoint: 16601 ns, Total: 530218 ns
[303.222s][info ][safepoint      ] Safepoint "Cleanup", Time since last: 1000111205 ns, Reaching safepoint: 47901 ns, At safepoint: 3300 ns, Total: 51201 ns
[304.222s][info ][safepoint      ] Safepoint "Cleanup", Time since last: 1000124805 ns, Reaching safepoint: 45901 ns, At safepoint: 3601 ns, Total: 49502 ns
[306.222s][info ][safepoint      ] Safepoint "Cleanup", Time since last: 2000218405 ns, Reaching safepoint: 56002 ns, At safepoint: 6200 ns, Total: 62202 ns
[307.222s][info ][safepoint      ] Safepoint "Cleanup", Time since last: 1000116002 ns, Reaching safepoint: 38001 ns, At safepoint: 3200 ns, Total: 41201 ns
[308.223s][info ][safepoint      ] Safepoint "Cleanup", Time since last: 1000116201 ns, Reaching safepoint: 45701 ns, At safepoint: 3300 ns, Total: 49001 ns
[309.897s][info ][gc,start       ] GC(24) Pause Young (Allocation Failure)
[309.965s][debug][gc,phases      ] GC(24) Scavenge 68.066ms
[309.965s][debug][gc,ref         ] GC(24) Skipped phase 1 of Reference Processing: no references
[309.965s][debug][gc,ref         ] GC(24) ReferenceProcessor::execute queues: 1, RefProcThreadModel::Single, marks_oops_alive: false
[309.965s][debug][gc,ref         ] GC(24) Skipped phase 3 of Reference Processing: no references
[309.965s][debug][gc,ref         ] GC(24) ReferenceProcessor::execute queues: 1, RefProcThreadModel::Single, marks_oops_alive: false
[309.965s][debug][gc,phases      ] GC(24) Reference Processing 0.254ms
[309.965s][debug][gc,phases      ] GC(24)   VM Weak                        Min:  0.0, Avg:  0.0, Max:  0.0, Diff:  0.0, Sum:  0.0, Workers: 4
[309.966s][debug][gc,phases      ] GC(24)     Dead                           Min: 0, Avg:  0.0, Max: 0, Diff: 0, Sum: 0, Workers: 4
[309.966s][debug][gc,phases      ] GC(24)     Total                          Min: 0, Avg: 183.5, Max: 607, Diff: 607, Sum: 734, Workers: 4
[309.966s][debug][gc,phases      ] GC(24)   ObjectSynchronizer Weak        Min:  0.0, Avg:  0.0, Max:  0.0, Diff:  0.0, Sum:  0.0, Workers: 4
[309.966s][debug][gc,phases      ] GC(24)     Dead                           Min: 0, Avg:  0.0, Max: 0, Diff: 0, Sum: 0, Workers: 4
[309.966s][debug][gc,phases      ] GC(24)     Total                          Min: 0, Avg: 12.2, Max: 49, Diff: 49, Sum: 49, Workers: 4
[309.966s][debug][gc,phases      ] GC(24)   JVMTI Tag Weak OopStorage      Min:  0.0, Avg:  0.0, Max:  0.0, Diff:  0.0, Sum:  0.0, Workers: 4
[309.966s][debug][gc,phases      ] GC(24)     Dead                           Min: 0, Avg:  0.0, Max: 0, Diff: 0, Sum: 0, Workers: 4
[309.966s][debug][gc,phases      ] GC(24)     Total                          Min: 0, Avg:  0.0, Max: 0, Diff: 0, Sum: 0, Workers: 4
[309.966s][debug][gc,phases      ] GC(24)   StringTable Weak               Min:  0.0, Avg:  0.1, Max:  0.2, Diff:  0.2, Sum:  0.6, Workers: 4
[309.966s][debug][gc,phases      ] GC(24)     Dead                           Min: 0, Avg:  0.0, Max: 0, Diff: 0, Sum: 0, Workers: 4
[309.966s][debug][gc,phases      ] GC(24)     Total                          Min: 0, Avg: 10617.8, Max: 14399, Diff: 14399, Sum: 42471, Workers: 4
[309.966s][debug][gc,phases      ] GC(24)   ResolvedMethodTable Weak       Min:  0.0, Avg:  0.0, Max:  0.0, Diff:  0.0, Sum:  0.1, Workers: 4
[309.966s][debug][gc,phases      ] GC(24)     Dead                           Min: 0, Avg:  0.0, Max: 0, Diff: 0, Sum: 0, Workers: 4
[309.966s][debug][gc,phases      ] GC(24)     Total                          Min: 0, Avg: 2072.0, Max: 3072, Diff: 3072, Sum: 8288, Workers: 4
[309.966s][debug][gc,phases      ] GC(24)   JNI Weak                       Min:  0.0, Avg:  0.0, Max:  0.0, Diff:  0.0, Sum:  0.0, Workers: 4
[309.966s][debug][gc,phases      ] GC(24)     Dead                           Min: 0, Avg:  0.0, Max: 0, Diff: 0, Sum: 0, Workers: 4
[309.966s][debug][gc,phases      ] GC(24)     Total                          Min: 0, Avg: 11.2, Max: 45, Diff: 45, Sum: 45, Workers: 4
[309.966s][debug][gc,phases      ] GC(24)   StringDedup Table Weak         Min:  0.0, Avg:  0.0, Max:  0.0, Diff:  0.0, Sum:  0.0, Workers: 4
[309.966s][debug][gc,phases      ] GC(24)     Dead                           Min: 0, Avg:  0.0, Max: 0, Diff: 0, Sum: 0, Workers: 4
[309.966s][debug][gc,phases      ] GC(24)     Total                          Min: 0, Avg:  0.0, Max: 0, Diff: 0, Sum: 0, Workers: 4
[309.966s][debug][gc,phases      ] GC(24)   StringDedup Requests0 Weak     Min:  0.0, Avg:  0.0, Max:  0.0, Diff:  0.0, Sum:  0.0, Workers: 4
[309.966s][debug][gc,phases      ] GC(24)     Dead                           Min: 0, Avg:  0.0, Max: 0, Diff: 0, Sum: 0, Workers: 4
[309.966s][debug][gc,phases      ] GC(24)     Total                          Min: 0, Avg:  0.0, Max: 0, Diff: 0, Sum: 0, Workers: 4
[309.966s][debug][gc,phases      ] GC(24)   StringDedup Requests1 Weak     Min:  0.0, Avg:  0.0, Max:  0.0, Diff:  0.0, Sum:  0.0, Workers: 4
[309.966s][debug][gc,phases      ] GC(24)     Dead                           Min: 0, Avg:  0.0, Max: 0, Diff: 0, Sum: 0, Workers: 4
[309.966s][debug][gc,phases      ] GC(24)     Total                          Min: 0, Avg:  0.0, Max: 0, Diff: 0, Sum: 0, Workers: 4
[309.966s][debug][gc,phases      ] GC(24)   Weak JFR Old Object Samples    Min:  0.0, Avg:  0.0, Max:  0.0, Diff:  0.0, Sum:  0.0, Workers: 4
[309.966s][debug][gc,phases      ] GC(24)     Dead                           Min: 0, Avg:  0.0, Max: 0, Diff: 0, Sum: 0, Workers: 4
[309.966s][debug][gc,phases      ] GC(24)     Total                          Min: 0, Avg:  0.0, Max: 0, Diff: 0, Sum: 0, Workers: 4
[309.966s][debug][gc,phases      ] GC(24) Weak Processing 0.500ms
[309.966s][debug][gc,age         ] GC(24) Desired survivor size 398458880 bytes, new threshold 15 (max threshold 15)
[309.966s][info ][gc,heap        ] GC(24) PSYoungGen: 1462060K(1681408K)->121530K(1708032K) Eden: 1281536K(1281536K)->0K(1318400K) From: 180524K(399872K)->121530K(389632K)
[309.966s][info ][gc,heap        ] GC(24) ParOldGen: 113370K(148992K)->178679K(178688K)
[309.966s][info ][gc,metaspace   ] GC(24) Metaspace: 78158K(79104K)->78158K(79104K) NonClass: 67044K(67584K)->67044K(67584K) Class: 11113K(11520K)->11113K(11520K)
[309.966s][info ][gc             ] GC(24) Pause Young (Allocation Failure) 1538M->293M(1842M) 68.971ms
[309.966s][info ][gc,cpu         ] GC(24) User=0.22s Sys=0.02s Real=0.07s
[309.966s][debug][gc,phases      ] GC(25) Pre Compact 0.013ms
[309.966s][info ][gc,start       ] GC(25) Pause Full (Ergonomics)
[309.966s][info ][gc,phases,start] GC(25) Marking Phase
[310.061s][debug][gc,phases      ] GC(25) Par Mark 95.007ms
[310.061s][debug][gc,ref         ] GC(25) Skipped phase 1 of Reference Processing: no references
[310.061s][debug][gc,ref         ] GC(25) ReferenceProcessor::execute queues: 4, RefProcThreadModel::Multi, marks_oops_alive: false
[310.062s][debug][gc,ref         ] GC(25) Skipped phase 3 of Reference Processing: no references
[310.062s][debug][gc,ref         ] GC(25) ReferenceProcessor::execute queues: 1, RefProcThreadModel::Single, marks_oops_alive: false
[310.062s][debug][gc,phases      ] GC(25) Reference Processing 0.992ms
[310.062s][debug][gc,phases      ] GC(25)   VM Weak                        Min:  0.0, Avg:  0.0, Max:  0.0, Diff:  0.0, Sum:  0.0, Workers: 4
[310.062s][debug][gc,phases      ] GC(25)     Dead                           Min: 0, Avg:  0.0, Max: 0, Diff: 0, Sum: 0, Workers: 4
[310.062s][debug][gc,phases      ] GC(25)     Total                          Min: 0, Avg: 183.5, Max: 479, Diff: 479, Sum: 734, Workers: 4
[310.062s][debug][gc,phases      ] GC(25)   ObjectSynchronizer Weak        Min:  0.0, Avg:  0.0, Max:  0.0, Diff:  0.0, Sum:  0.0, Workers: 4
[310.062s][debug][gc,phases      ] GC(25)     Dead                           Min: 0, Avg:  0.0, Max: 0, Diff: 0, Sum: 0, Workers: 4
[310.062s][debug][gc,phases      ] GC(25)     Total                          Min: 0, Avg: 12.2, Max: 49, Diff: 49, Sum: 49, Workers: 4
[310.062s][debug][gc,phases      ] GC(25)   JVMTI Tag Weak OopStorage      Min:  0.0, Avg:  0.0, Max:  0.0, Diff:  0.0, Sum:  0.0, Workers: 4
[310.062s][debug][gc,phases      ] GC(25)     Dead                           Min: 0, Avg:  0.0, Max: 0, Diff: 0, Sum: 0, Workers: 4
[310.062s][debug][gc,phases      ] GC(25)     Total                          Min: 0, Avg:  0.0, Max: 0, Diff: 0, Sum: 0, Workers: 4
[310.062s][debug][gc,phases      ] GC(25)   StringTable Weak               Min:  0.0, Avg:  0.1, Max:  0.3, Diff:  0.3, Sum:  0.5, Workers: 4
[310.062s][debug][gc,phases      ] GC(25)     Dead                           Min: 0, Avg:  0.0, Max: 0, Diff: 0, Sum: 0, Workers: 4
[310.062s][debug][gc,phases      ] GC(25)     Total                          Min: 0, Avg: 10617.8, Max: 23273, Diff: 23273, Sum: 42471, Workers: 4
[310.062s][debug][gc,phases      ] GC(25)   ResolvedMethodTable Weak       Min:  0.0, Avg:  0.0, Max:  0.1, Diff:  0.1, Sum:  0.1, Workers: 4
[310.062s][debug][gc,phases      ] GC(25)     Dead                           Min: 0, Avg:  0.0, Max: 0, Diff: 0, Sum: 0, Workers: 4
[310.062s][debug][gc,phases      ] GC(25)     Total                          Min: 0, Avg: 2072.0, Max: 4640, Diff: 4640, Sum: 8288, Workers: 4
[310.062s][debug][gc,phases      ] GC(25)   JNI Weak                       Min:  0.0, Avg:  0.0, Max:  0.0, Diff:  0.0, Sum:  0.0, Workers: 4
[310.062s][debug][gc,phases      ] GC(25)     Dead                           Min: 0, Avg:  0.0, Max: 0, Diff: 0, Sum: 0, Workers: 4
[310.062s][debug][gc,phases      ] GC(25)     Total                          Min: 0, Avg: 11.2, Max: 45, Diff: 45, Sum: 45, Workers: 4
[310.062s][debug][gc,phases      ] GC(25)   StringDedup Table Weak         Min:  0.0, Avg:  0.0, Max:  0.0, Diff:  0.0, Sum:  0.0, Workers: 4
[310.062s][debug][gc,phases      ] GC(25)     Dead                           Min: 0, Avg:  0.0, Max: 0, Diff: 0, Sum: 0, Workers: 4
[310.062s][debug][gc,phases      ] GC(25)     Total                          Min: 0, Avg:  0.0, Max: 0, Diff: 0, Sum: 0, Workers: 4
[310.062s][debug][gc,phases      ] GC(25)   StringDedup Requests0 Weak     Min:  0.0, Avg:  0.0, Max:  0.0, Diff:  0.0, Sum:  0.0, Workers: 4
[310.062s][debug][gc,phases      ] GC(25)     Dead                           Min: 0, Avg:  0.0, Max: 0, Diff: 0, Sum: 0, Workers: 4
[310.062s][debug][gc,phases      ] GC(25)     Total                          Min: 0, Avg:  0.0, Max: 0, Diff: 0, Sum: 0, Workers: 4
[310.062s][debug][gc,phases      ] GC(25)   StringDedup Requests1 Weak     Min:  0.0, Avg:  0.0, Max:  0.0, Diff:  0.0, Sum:  0.0, Workers: 4
[310.062s][debug][gc,phases      ] GC(25)     Dead                           Min: 0, Avg:  0.0, Max: 0, Diff: 0, Sum: 0, Workers: 4
[310.062s][debug][gc,phases      ] GC(25)     Total                          Min: 0, Avg:  0.0, Max: 0, Diff: 0, Sum: 0, Workers: 4
[310.062s][debug][gc,phases      ] GC(25)   Weak JFR Old Object Samples    Min:  0.0, Avg:  0.0, Max:  0.0, Diff:  0.0, Sum:  0.0, Workers: 4
[310.062s][debug][gc,phases      ] GC(25)     Dead                           Min: 0, Avg:  0.0, Max: 0, Diff: 0, Sum: 0, Workers: 4
[310.062s][debug][gc,phases      ] GC(25)     Total                          Min: 0, Avg:  0.0, Max: 0, Diff: 0, Sum: 0, Workers: 4
[310.062s][debug][gc,phases      ] GC(25) Weak Processing 0.508ms
[310.063s][debug][gc,phases      ] GC(25) ClassLoaderData 0.100ms
[310.063s][debug][gc,phases      ] GC(25) Trigger cleanups 0.000ms
[310.080s][debug][gc,phases      ] GC(25) Class Unloading 17.253ms
[310.080s][info ][gc,phases      ] GC(25) Marking Phase 113.954ms
[310.080s][info ][gc,phases,start] GC(25) Summary Phase
[310.080s][info ][gc,phases      ] GC(25) Summary Phase 0.010ms
[310.080s][info ][gc,phases,start] GC(25) Adjust Roots
[310.094s][info ][gc,phases      ] GC(25) Adjust Roots 14.219ms
[310.094s][info ][gc,phases,start] GC(25) Compaction Phase
[310.330s][info ][gc,phases      ] GC(25) Compaction Phase 236.078ms
[310.330s][info ][gc,phases,start] GC(25) Post Compact
[310.331s][info ][gc,phases      ] GC(25) Post Compact 1.093ms
[310.331s][info ][gc,heap        ] GC(25) PSYoungGen: 121530K(1708032K)->118411K(1708032K) Eden: 0K(1318400K)->0K(1318400K) From: 121530K(389632K)->118411K(389632K)
[310.331s][info ][gc,heap        ] GC(25) ParOldGen: 178679K(178688K)->176187K(282624K)
[310.331s][info ][gc,metaspace   ] GC(25) Metaspace: 78158K(79104K)->78158K(79104K) NonClass: 67044K(67584K)->67044K(67584K) Class: 11113K(11520K)->11113K(11520K)
[310.331s][info ][gc             ] GC(25) Pause Full (Ergonomics) 293M->287M(1944M) 365.675ms
[310.331s][info ][gc,cpu         ] GC(25) User=1.20s Sys=0.01s Real=0.36s
[310.332s][info ][safepoint      ] Safepoint "ParallelGCFailedAllocation", Time since last: 1673976835 ns, Reaching safepoint: 123504 ns, At safepoint: 434786345 ns, Total: 434909849 ns
[311.332s][info ][safepoint      ] Safepoint "Cleanup", Time since last: 1000091397 ns, Reaching safepoint: 61803 ns, At safepoint: 3200 ns, Total: 65003 ns
[316.332s][info ][safepoint      ] Safepoint "Cleanup", Time since last: 5000340369 ns, Reaching safepoint: 118104 ns, At safepoint: 6501 ns, Total: 124605 ns
[318.332s][info ][safepoint      ] Safepoint "Cleanup", Time since last: 2000188183 ns, Reaching safepoint: 126004 ns, At safepoint: 6501 ns, Total: 132505 ns
[319.333s][info ][safepoint      ] Safepoint "Cleanup", Time since last: 1000115991 ns, Reaching safepoint: 144805 ns, At safepoint: 7700 ns, Total: 152505 ns
[320.333s][info ][safepoint      ] Safepoint "Cleanup", Time since last: 1000118291 ns, Reaching safepoint: 125304 ns, At safepoint: 6700 ns, Total: 132004 ns
[321.333s][info ][safepoint      ] Safepoint "Cleanup", Time since last: 1000128690 ns, Reaching safepoint: 113304 ns, At safepoint: 7100 ns, Total: 120404 ns
[323.334s][info ][safepoint      ] Safepoint "Cleanup", Time since last: 2000626190 ns, Reaching safepoint: 124504 ns, At safepoint: 11200 ns, Total: 135704 ns
[324.334s][info ][safepoint      ] Safepoint "Cleanup", Time since last: 1000131088 ns, Reaching safepoint: 121904 ns, At safepoint: 8700 ns, Total: 130604 ns
[325.335s][info ][safepoint      ] Safepoint "Cleanup", Time since last: 1000123087 ns, Reaching safepoint: 112504 ns, At safepoint: 7000 ns, Total: 119504 ns
[326.335s][info ][safepoint      ] Safepoint "Cleanup", Time since last: 1000112485 ns, Reaching safepoint: 114504 ns, At safepoint: 7200 ns, Total: 121704 ns
[329.335s][info ][safepoint      ] Safepoint "Cleanup", Time since last: 3000267849 ns, Reaching safepoint: 120504 ns, At safepoint: 9600 ns, Total: 130104 ns
[335.336s][info ][safepoint      ] Safepoint "Cleanup", Time since last: 6000460174 ns, Reaching safepoint: 115903 ns, At safepoint: 7101 ns, Total: 123004 ns
[337.835s][info ][safepoint      ] Safepoint "Cleanup", Time since last: 2499431813 ns, Reaching safepoint: 146805 ns, At safepoint: 9000 ns, Total: 155805 ns
[339.836s][info ][safepoint      ] Safepoint "Cleanup", Time since last: 2000195049 ns, Reaching safepoint: 116304 ns, At safepoint: 6800 ns, Total: 123104 ns
[342.836s][info ][safepoint      ] Safepoint "Cleanup", Time since last: 3000243315 ns, Reaching safepoint: 100304 ns, At safepoint: 4800 ns, Total: 105104 ns
[343.836s][info ][safepoint      ] Safepoint "Cleanup", Time since last: 1000112971 ns, Reaching safepoint: 116904 ns, At safepoint: 6700 ns, Total: 123604 ns
[344.836s][info ][safepoint      ] Safepoint "Cleanup", Time since last: 1000113870 ns, Reaching safepoint: 125604 ns, At safepoint: 16201 ns, Total: 141805 ns
[346.788s][info ][safepoint      ] Safepoint "Cleanup", Time since last: 1951364228 ns, Reaching safepoint: 106403 ns, At safepoint: 12401 ns, Total: 118804 ns
[347.788s][info ][safepoint      ] Safepoint "Cleanup", Time since last: 1000106267 ns, Reaching safepoint: 60602 ns, At safepoint: 3101 ns, Total: 63703 ns
[348.788s][info ][safepoint      ] Safepoint "Cleanup", Time since last: 1000113467 ns, Reaching safepoint: 47601 ns, At safepoint: 4100 ns, Total: 51701 ns
[349.788s][info ][safepoint      ] Safepoint "Cleanup", Time since last: 1000085966 ns, Reaching safepoint: 45802 ns, At safepoint: 4000 ns, Total: 49802 ns
[350.789s][info ][safepoint      ] Safepoint "Cleanup", Time since last: 1000121066 ns, Reaching safepoint: 48801 ns, At safepoint: 2700 ns, Total: 51501 ns
[352.789s][info ][safepoint      ] Safepoint "Cleanup", Time since last: 2000180228 ns, Reaching safepoint: 59502 ns, At safepoint: 6700 ns, Total: 66202 ns
[354.789s][info ][safepoint      ] Safepoint "Cleanup", Time since last: 2000177624 ns, Reaching safepoint: 51802 ns, At safepoint: 3400 ns, Total: 55202 ns
[355.789s][info ][safepoint      ] Safepoint "Cleanup", Time since last: 1000103762 ns, Reaching safepoint: 49701 ns, At safepoint: 2700 ns, Total: 52401 ns
[357.789s][info ][safepoint      ] Safepoint "Cleanup", Time since last: 2000175720 ns, Reaching safepoint: 46501 ns, At safepoint: 2400 ns, Total: 48901 ns
[362.790s][info ][safepoint      ] Safepoint "Cleanup", Time since last: 5000391884 ns, Reaching safepoint: 48302 ns, At safepoint: 2900 ns, Total: 51202 ns
[365.790s][info ][safepoint      ] Safepoint "Cleanup", Time since last: 3000248761 ns, Reaching safepoint: 38901 ns, At safepoint: 3300 ns, Total: 42201 ns
[368.790s][info ][safepoint      ] Safepoint "Cleanup", Time since last: 3000242155 ns, Reaching safepoint: 41401 ns, At safepoint: 7100 ns, Total: 48501 ns
[375.051s][info ][safepoint      ] Safepoint "Cleanup", Time since last: 6260066740 ns, Reaching safepoint: 54002 ns, At safepoint: 8400 ns, Total: 62402 ns
[376.051s][info ][safepoint      ] Safepoint "Cleanup", Time since last: 1000122147 ns, Reaching safepoint: 43401 ns, At safepoint: 2800 ns, Total: 46201 ns
[378.534s][info ][gc,start       ] GC(26) Pause Young (Allocation Failure)
[378.590s][debug][gc,phases      ] GC(26) Scavenge 55.182ms
[378.590s][debug][gc,ref         ] GC(26) Skipped phase 1 of Reference Processing: no references
[378.590s][debug][gc,ref         ] GC(26) ReferenceProcessor::execute queues: 1, RefProcThreadModel::Single, marks_oops_alive: false
[378.590s][debug][gc,ref         ] GC(26) Skipped phase 3 of Reference Processing: no references
[378.590s][debug][gc,ref         ] GC(26) ReferenceProcessor::execute queues: 1, RefProcThreadModel::Single, marks_oops_alive: false
[378.590s][debug][gc,phases      ] GC(26) Reference Processing 0.124ms
[378.590s][debug][gc,phases      ] GC(26)   VM Weak                        Min:  0.0, Avg:  0.0, Max:  0.0, Diff:  0.0, Sum:  0.0, Workers: 4
[378.590s][debug][gc,phases      ] GC(26)     Dead                           Min: 0, Avg:  0.0, Max: 0, Diff: 0, Sum: 0, Workers: 4
[378.590s][debug][gc,phases      ] GC(26)     Total                          Min: 0, Avg: 183.8, Max: 511, Diff: 511, Sum: 735, Workers: 4
[378.590s][debug][gc,phases      ] GC(26)   ObjectSynchronizer Weak        Min:  0.0, Avg:  0.0, Max:  0.0, Diff:  0.0, Sum:  0.0, Workers: 4
[378.590s][debug][gc,phases      ] GC(26)     Dead                           Min: 0, Avg:  0.0, Max: 0, Diff: 0, Sum: 0, Workers: 4
[378.590s][debug][gc,phases      ] GC(26)     Total                          Min: 0, Avg: 12.2, Max: 49, Diff: 49, Sum: 49, Workers: 4
[378.590s][debug][gc,phases      ] GC(26)   JVMTI Tag Weak OopStorage      Min:  0.0, Avg:  0.0, Max:  0.0, Diff:  0.0, Sum:  0.0, Workers: 4
[378.590s][debug][gc,phases      ] GC(26)     Dead                           Min: 0, Avg:  0.0, Max: 0, Diff: 0, Sum: 0, Workers: 4
[378.590s][debug][gc,phases      ] GC(26)     Total                          Min: 0, Avg:  0.0, Max: 0, Diff: 0, Sum: 0, Workers: 4
[378.590s][debug][gc,phases      ] GC(26)   StringTable Weak               Min:  0.0, Avg:  0.1, Max:  0.2, Diff:  0.2, Sum:  0.6, Workers: 4
[378.590s][debug][gc,phases      ] GC(26)     Dead                           Min: 0, Avg:  0.5, Max: 2, Diff: 2, Sum: 2, Workers: 4
[378.590s][debug][gc,phases      ] GC(26)     Total                          Min: 0, Avg: 10632.5, Max: 18368, Diff: 18368, Sum: 42530, Workers: 4
[378.590s][debug][gc,phases      ] GC(26)   ResolvedMethodTable Weak       Min:  0.0, Avg:  0.0, Max:  0.0, Diff:  0.0, Sum:  0.1, Workers: 4
[378.590s][debug][gc,phases      ] GC(26)     Dead                           Min: 0, Avg:  4.5, Max: 12, Diff: 12, Sum: 18, Workers: 4
[378.590s][debug][gc,phases      ] GC(26)     Total                          Min: 0, Avg: 2083.0, Max: 3084, Diff: 3084, Sum: 8332, Workers: 4
[378.590s][debug][gc,phases      ] GC(26)   JNI Weak                       Min:  0.0, Avg:  0.0, Max:  0.0, Diff:  0.0, Sum:  0.0, Workers: 4
[378.590s][debug][gc,phases      ] GC(26)     Dead                           Min: 0, Avg:  0.0, Max: 0, Diff: 0, Sum: 0, Workers: 4
[378.590s][debug][gc,phases      ] GC(26)     Total                          Min: 0, Avg: 11.2, Max: 45, Diff: 45, Sum: 45, Workers: 4
[378.590s][debug][gc,phases      ] GC(26)   StringDedup Table Weak         Min:  0.0, Avg:  0.0, Max:  0.0, Diff:  0.0, Sum:  0.0, Workers: 4
[378.590s][debug][gc,phases      ] GC(26)     Dead                           Min: 0, Avg:  0.0, Max: 0, Diff: 0, Sum: 0, Workers: 4
[378.590s][debug][gc,phases      ] GC(26)     Total                          Min: 0, Avg:  0.0, Max: 0, Diff: 0, Sum: 0, Workers: 4
[378.590s][debug][gc,phases      ] GC(26)   StringDedup Requests0 Weak     Min:  0.0, Avg:  0.0, Max:  0.0, Diff:  0.0, Sum:  0.0, Workers: 4
[378.590s][debug][gc,phases      ] GC(26)     Dead                           Min: 0, Avg:  0.0, Max: 0, Diff: 0, Sum: 0, Workers: 4
[378.590s][debug][gc,phases      ] GC(26)     Total                          Min: 0, Avg:  0.0, Max: 0, Diff: 0, Sum: 0, Workers: 4
[378.590s][debug][gc,phases      ] GC(26)   StringDedup Requests1 Weak     Min:  0.0, Avg:  0.0, Max:  0.0, Diff:  0.0, Sum:  0.0, Workers: 4
[378.590s][debug][gc,phases      ] GC(26)     Dead                           Min: 0, Avg:  0.0, Max: 0, Diff: 0, Sum: 0, Workers: 4
[378.590s][debug][gc,phases      ] GC(26)     Total                          Min: 0, Avg:  0.0, Max: 0, Diff: 0, Sum: 0, Workers: 4
[378.590s][debug][gc,phases      ] GC(26)   Weak JFR Old Object Samples    Min:  0.0, Avg:  0.0, Max:  0.0, Diff:  0.0, Sum:  0.0, Workers: 4
[378.590s][debug][gc,phases      ] GC(26)     Dead                           Min: 0, Avg:  0.0, Max: 0, Diff: 0, Sum: 0, Workers: 4
[378.590s][debug][gc,phases      ] GC(26)     Total                          Min: 0, Avg:  0.0, Max: 0, Diff: 0, Sum: 0, Workers: 4
[378.590s][debug][gc,phases      ] GC(26) Weak Processing 0.431ms
[378.590s][debug][gc,age         ] GC(26) Desired survivor size 397410304 bytes, new threshold 15 (max threshold 15)
[378.590s][info ][gc,heap        ] GC(26) PSYoungGen: 1436811K(1708032K)->109209K(1707520K) Eden: 1318400K(1318400K)->0K(1318400K) From: 118411K(389632K)->109209K(389120K)
[378.590s][info ][gc,heap        ] GC(26) ParOldGen: 176187K(282624K)->187579K(282624K)
[378.590s][info ][gc,metaspace   ] GC(26) Metaspace: 78394K(79296K)->78394K(79296K) NonClass: 67262K(67776K)->67262K(67776K) Class: 11132K(11520K)->11132K(11520K)
[378.590s][info ][gc             ] GC(26) Pause Young (Allocation Failure) 1575M->289M(1943M) 55.868ms
[378.590s][info ][gc,cpu         ] GC(26) User=0.19s Sys=0.00s Real=0.05s
[378.590s][info ][safepoint      ] Safepoint "ParallelGCFailedAllocation", Time since last: 2483356305 ns, Reaching safepoint: 99703 ns, At safepoint: 55958543 ns, Total: 56058246 ns
[379.590s][info ][safepoint      ] Safepoint "Cleanup", Time since last: 1000090043 ns, Reaching safepoint: 46502 ns, At safepoint: 2900 ns, Total: 49402 ns
[383.591s][info ][safepoint      ] Safepoint "Cleanup", Time since last: 4000316462 ns, Reaching safepoint: 40902 ns, At safepoint: 7000 ns, Total: 47902 ns
[386.591s][info ][safepoint      ] Safepoint "Cleanup", Time since last: 3000248514 ns, Reaching safepoint: 45502 ns, At safepoint: 5200 ns, Total: 50702 ns
[387.591s][info ][safepoint      ] Safepoint "Cleanup", Time since last: 1000118038 ns, Reaching safepoint: 53202 ns, At safepoint: 3600 ns, Total: 56802 ns
[388.591s][info ][safepoint      ] Safepoint "Cleanup", Time since last: 1000116837 ns, Reaching safepoint: 38501 ns, At safepoint: 2400 ns, Total: 40901 ns
[391.592s][info ][safepoint      ] Safepoint "Cleanup", Time since last: 3000260204 ns, Reaching safepoint: 41102 ns, At safepoint: 3100 ns, Total: 44202 ns
[395.592s][info ][safepoint      ] Safepoint "Cleanup", Time since last: 4000302627 ns, Reaching safepoint: 27200 ns, At safepoint: 2301 ns, Total: 29501 ns
[399.592s][info ][safepoint      ] Safepoint "Cleanup", Time since last: 4000255413 ns, Reaching safepoint: 52902 ns, At safepoint: 3300 ns, Total: 56202 ns
[400.592s][info ][safepoint      ] Safepoint "Cleanup", Time since last: 1000122829 ns, Reaching safepoint: 43601 ns, At safepoint: 7701 ns, Total: 51302 ns
[401.593s][info ][safepoint      ] Safepoint "Cleanup", Time since last: 1000110327 ns, Reaching safepoint: 51102 ns, At safepoint: 2300 ns, Total: 53402 ns
[405.593s][info ][safepoint      ] Safepoint "Cleanup", Time since last: 4000308798 ns, Reaching safepoint: 38702 ns, At safepoint: 2500 ns, Total: 41202 ns
[406.593s][info ][safepoint      ] Safepoint "Cleanup", Time since last: 1000095623 ns, Reaching safepoint: 46902 ns, At safepoint: 2800 ns, Total: 49702 ns
[407.593s][info ][safepoint      ] Safepoint "Cleanup", Time since last: 1000110323 ns, Reaching safepoint: 36701 ns, At safepoint: 2300 ns, Total: 39001 ns
[408.593s][info ][safepoint      ] Safepoint "Cleanup", Time since last: 1000127123 ns, Reaching safepoint: 38202 ns, At safepoint: 7300 ns, Total: 45502 ns
[412.594s][info ][safepoint      ] Safepoint "Cleanup", Time since last: 4000305878 ns, Reaching safepoint: 35802 ns, At safepoint: 2300 ns, Total: 38102 ns
[415.594s][info ][safepoint      ] Safepoint "Cleanup", Time since last: 3000180850 ns, Reaching safepoint: 45301 ns, At safepoint: 2700 ns, Total: 48001 ns
[416.594s][info ][safepoint      ] Safepoint "Cleanup", Time since last: 1000119118 ns, Reaching safepoint: 45501 ns, At safepoint: 3500 ns, Total: 49001 ns
[417.594s][info ][safepoint      ] Safepoint "Cleanup", Time since last: 1000100416 ns, Reaching safepoint: 47202 ns, At safepoint: 4400 ns, Total: 51602 ns
[418.594s][info ][safepoint      ] Safepoint "Cleanup", Time since last: 1000110915 ns, Reaching safepoint: 33401 ns, At safepoint: 2801 ns, Total: 36202 ns
[421.595s][info ][safepoint      ] Safepoint "Cleanup", Time since last: 3000915761 ns, Reaching safepoint: 44102 ns, At safepoint: 2900 ns, Total: 47002 ns
[422.596s][info ][safepoint      ] Safepoint "Cleanup", Time since last: 1000119713 ns, Reaching safepoint: 39601 ns, At safepoint: 3200 ns, Total: 42801 ns
[424.596s][info ][safepoint      ] Safepoint "Cleanup", Time since last: 2000191823 ns, Reaching safepoint: 46902 ns, At safepoint: 2300 ns, Total: 49202 ns
[428.596s][info ][safepoint      ] Safepoint "Cleanup", Time since last: 4000295234 ns, Reaching safepoint: 28501 ns, At safepoint: 29501 ns, Total: 58002 ns
[432.597s][info ][safepoint      ] Safepoint "Cleanup", Time since last: 4000298023 ns, Reaching safepoint: 47102 ns, At safepoint: 3900 ns, Total: 51002 ns
[433.597s][info ][safepoint      ] Safepoint "Cleanup", Time since last: 1000087904 ns, Reaching safepoint: 45702 ns, At safepoint: 4700 ns, Total: 50402 ns
[434.597s][info ][safepoint      ] Safepoint "Cleanup", Time since last: 1000127105 ns, Reaching safepoint: 45702 ns, At safepoint: 3100 ns, Total: 48802 ns
[435.597s][info ][safepoint      ] Safepoint "Cleanup", Time since last: 1000108504 ns, Reaching safepoint: 58702 ns, At safepoint: 6500 ns, Total: 65202 ns
[436.597s][info ][safepoint      ] Safepoint "Cleanup", Time since last: 1000107503 ns, Reaching safepoint: 42102 ns, At safepoint: 2600 ns, Total: 44702 ns
[437.597s][info ][safepoint      ] Safepoint "Cleanup", Time since last: 1000120503 ns, Reaching safepoint: 36001 ns, At safepoint: 2600 ns, Total: 38601 ns
[438.597s][info ][safepoint      ] Safepoint "Cleanup", Time since last: 1000110402 ns, Reaching safepoint: 35801 ns, At safepoint: 3000 ns, Total: 38801 ns
[442.935s][info ][gc,start       ] GC(27) Pause Young (Allocation Failure)
[442.971s][debug][gc,phases      ] GC(27) Scavenge 35.737ms
[442.971s][debug][gc,ref         ] GC(27) Skipped phase 1 of Reference Processing: no references
[442.971s][debug][gc,ref         ] GC(27) ReferenceProcessor::execute queues: 1, RefProcThreadModel::Single, marks_oops_alive: false
[442.971s][debug][gc,ref         ] GC(27) Skipped phase 3 of Reference Processing: no references
[442.971s][debug][gc,ref         ] GC(27) ReferenceProcessor::execute queues: 1, RefProcThreadModel::Single, marks_oops_alive: false
[442.971s][debug][gc,phases      ] GC(27) Reference Processing 0.118ms
[442.971s][debug][gc,phases      ] GC(27)   VM Weak                        Min:  0.0, Avg:  0.0, Max:  0.0, Diff:  0.0, Sum:  0.0, Workers: 4
[442.971s][debug][gc,phases      ] GC(27)     Dead                           Min: 0, Avg:  0.0, Max: 0, Diff: 0, Sum: 0, Workers: 4
[442.971s][debug][gc,phases      ] GC(27)     Total                          Min: 0, Avg: 183.8, Max: 639, Diff: 639, Sum: 735, Workers: 4
[442.971s][debug][gc,phases      ] GC(27)   ObjectSynchronizer Weak        Min:  0.0, Avg:  0.0, Max:  0.0, Diff:  0.0, Sum:  0.0, Workers: 4
[442.971s][debug][gc,phases      ] GC(27)     Dead                           Min: 0, Avg:  0.0, Max: 0, Diff: 0, Sum: 0, Workers: 4
[442.971s][debug][gc,phases      ] GC(27)     Total                          Min: 0, Avg: 12.2, Max: 49, Diff: 49, Sum: 49, Workers: 4
[442.971s][debug][gc,phases      ] GC(27)   JVMTI Tag Weak OopStorage      Min:  0.0, Avg:  0.0, Max:  0.0, Diff:  0.0, Sum:  0.0, Workers: 4
[442.971s][debug][gc,phases      ] GC(27)     Dead                           Min: 0, Avg:  0.0, Max: 0, Diff: 0, Sum: 0, Workers: 4
[442.971s][debug][gc,phases      ] GC(27)     Total                          Min: 0, Avg:  0.0, Max: 0, Diff: 0, Sum: 0, Workers: 4
[442.971s][debug][gc,phases      ] GC(27)   StringTable Weak               Min:  0.1, Avg:  0.1, Max:  0.1, Diff:  0.0, Sum:  0.5, Workers: 4
[442.971s][debug][gc,phases      ] GC(27)     Dead                           Min: 0, Avg:  0.2, Max: 1, Diff: 1, Sum: 1, Workers: 4
[442.971s][debug][gc,phases      ] GC(27)     Total                          Min: 9664, Avg: 10645.2, Max: 12544, Diff: 2880, Sum: 42581, Workers: 4
[442.971s][debug][gc,phases      ] GC(27)   ResolvedMethodTable Weak       Min:  0.0, Avg:  0.0, Max:  0.0, Diff:  0.0, Sum:  0.1, Workers: 4
[442.971s][debug][gc,phases      ] GC(27)     Dead                           Min: 0, Avg:  0.0, Max: 0, Diff: 0, Sum: 0, Workers: 4
[442.971s][debug][gc,phases      ] GC(27)     Total                          Min: 914, Avg: 2084.5, Max: 2496, Diff: 1582, Sum: 8338, Workers: 4
[442.971s][debug][gc,phases      ] GC(27)   JNI Weak                       Min:  0.0, Avg:  0.0, Max:  0.0, Diff:  0.0, Sum:  0.0, Workers: 4
[442.971s][debug][gc,phases      ] GC(27)     Dead                           Min: 0, Avg:  0.0, Max: 0, Diff: 0, Sum: 0, Workers: 4
[442.971s][debug][gc,phases      ] GC(27)     Total                          Min: 0, Avg: 11.2, Max: 45, Diff: 45, Sum: 45, Workers: 4
[442.971s][debug][gc,phases      ] GC(27)   StringDedup Table Weak         Min:  0.0, Avg:  0.0, Max:  0.0, Diff:  0.0, Sum:  0.0, Workers: 4
[442.971s][debug][gc,phases      ] GC(27)     Dead                           Min: 0, Avg:  0.0, Max: 0, Diff: 0, Sum: 0, Workers: 4
[442.971s][debug][gc,phases      ] GC(27)     Total                          Min: 0, Avg:  0.0, Max: 0, Diff: 0, Sum: 0, Workers: 4
[442.971s][debug][gc,phases      ] GC(27)   StringDedup Requests0 Weak     Min:  0.0, Avg:  0.0, Max:  0.0, Diff:  0.0, Sum:  0.0, Workers: 4
[442.971s][debug][gc,phases      ] GC(27)     Dead                           Min: 0, Avg:  0.0, Max: 0, Diff: 0, Sum: 0, Workers: 4
[442.971s][debug][gc,phases      ] GC(27)     Total                          Min: 0, Avg:  0.0, Max: 0, Diff: 0, Sum: 0, Workers: 4
[442.971s][debug][gc,phases      ] GC(27)   StringDedup Requests1 Weak     Min:  0.0, Avg:  0.0, Max:  0.0, Diff:  0.0, Sum:  0.0, Workers: 4
[442.971s][debug][gc,phases      ] GC(27)     Dead                           Min: 0, Avg:  0.0, Max: 0, Diff: 0, Sum: 0, Workers: 4
[442.971s][debug][gc,phases      ] GC(27)     Total                          Min: 0, Avg:  0.0, Max: 0, Diff: 0, Sum: 0, Workers: 4
[442.971s][debug][gc,phases      ] GC(27)   Weak JFR Old Object Samples    Min:  0.0, Avg:  0.0, Max:  0.0, Diff:  0.0, Sum:  0.0, Workers: 4
[442.971s][debug][gc,phases      ] GC(27)     Dead                           Min: 0, Avg:  0.0, Max: 0, Diff: 0, Sum: 0, Workers: 4
[442.971s][debug][gc,phases      ] GC(27)     Total                          Min: 0, Avg:  0.0, Max: 0, Diff: 0, Sum: 0, Workers: 4
[442.971s][debug][gc,phases      ] GC(27) Weak Processing 0.325ms
[442.971s][debug][gc,age         ] GC(27) Desired survivor size 395837440 bytes, new threshold 15 (max threshold 15)
[442.971s][info ][gc,heap        ] GC(27) PSYoungGen: 1427609K(1707520K)->98149K(1710592K) Eden: 1318400K(1318400K)->0K(1322496K) From: 109209K(389120K)->98149K(388096K)
[442.971s][info ][gc,heap        ] GC(27) ParOldGen: 187579K(282624K)->196887K(282624K)
[442.971s][info ][gc,metaspace   ] GC(27) Metaspace: 78448K(79296K)->78448K(79296K) NonClass: 67313K(67776K)->67313K(67776K) Class: 11134K(11520K)->11134K(11520K)
[442.971s][info ][gc             ] GC(27) Pause Young (Allocation Failure) 1577M->288M(1946M) 36.321ms
[442.971s][info ][gc,cpu         ] GC(27) User=0.12s Sys=0.01s Real=0.03s
[442.971s][info ][safepoint      ] Safepoint "ParallelGCFailedAllocation", Time since last: 4337212780 ns, Reaching safepoint: 101903 ns, At safepoint: 36403798 ns, Total: 36505701 ns
[444.971s][info ][safepoint      ] Safepoint "Cleanup", Time since last: 2000155294 ns, Reaching safepoint: 54702 ns, At safepoint: 4000 ns, Total: 58702 ns
[445.972s][info ][safepoint      ] Safepoint "Cleanup", Time since last: 1000117597 ns, Reaching safepoint: 53702 ns, At safepoint: 9400 ns, Total: 63102 ns
[447.972s][info ][safepoint      ] Safepoint "Cleanup", Time since last: 2000190092 ns, Reaching safepoint: 50601 ns, At safepoint: 2601 ns, Total: 53202 ns
[450.972s][info ][safepoint      ] Safepoint "Cleanup", Time since last: 3000243580 ns, Reaching safepoint: 41902 ns, At safepoint: 2600 ns, Total: 44502 ns
[452.972s][info ][safepoint      ] Safepoint "Cleanup", Time since last: 2000228786 ns, Reaching safepoint: 53602 ns, At safepoint: 3700 ns, Total: 57302 ns
[455.973s][info ][safepoint      ] Safepoint "Cleanup", Time since last: 3000242571 ns, Reaching safepoint: 63102 ns, At safepoint: 10800 ns, Total: 73902 ns
[456.973s][info ][safepoint      ] Safepoint "Cleanup", Time since last: 1000120891 ns, Reaching safepoint: 46401 ns, At safepoint: 6400 ns, Total: 52801 ns
[459.973s][info ][safepoint      ] Safepoint "Cleanup", Time since last: 3000257364 ns, Reaching safepoint: 50702 ns, At safepoint: 2600 ns, Total: 53302 ns
[463.974s][info ][safepoint      ] Safepoint "Cleanup", Time since last: 4000326142 ns, Reaching safepoint: 46302 ns, At safepoint: 3300 ns, Total: 49602 ns
[464.974s][info ][safepoint      ] Safepoint "Cleanup", Time since last: 1000117885 ns, Reaching safepoint: 52102 ns, At safepoint: 10400 ns, Total: 62502 ns
[465.974s][info ][safepoint      ] Safepoint "Cleanup", Time since last: 1000126785 ns, Reaching safepoint: 56502 ns, At safepoint: 2500 ns, Total: 59002 ns
[466.974s][info ][safepoint      ] Safepoint "Cleanup", Time since last: 1000116284 ns, Reaching safepoint: 55302 ns, At safepoint: 3100 ns, Total: 58402 ns
[467.974s][info ][safepoint      ] Safepoint "Cleanup", Time since last: 1000128884 ns, Reaching safepoint: 40701 ns, At safepoint: 2500 ns, Total: 43201 ns
[471.975s][info ][safepoint      ] Safepoint "Cleanup", Time since last: 4000334523 ns, Reaching safepoint: 51101 ns, At safepoint: 2500 ns, Total: 53601 ns
[472.975s][info ][safepoint      ] Safepoint "Cleanup", Time since last: 1000117681 ns, Reaching safepoint: 53801 ns, At safepoint: 3400 ns, Total: 57201 ns
[478.976s][info ][safepoint      ] Safepoint "Cleanup", Time since last: 6000921476 ns, Reaching safepoint: 53201 ns, At safepoint: 2701 ns, Total: 55902 ns
[480.976s][info ][safepoint      ] Safepoint "Cleanup", Time since last: 2000199150 ns, Reaching safepoint: 43101 ns, At safepoint: 4000 ns, Total: 47101 ns
[483.976s][info ][safepoint      ] Safepoint "Cleanup", Time since last: 3000225918 ns, Reaching safepoint: 65902 ns, At safepoint: 4900 ns, Total: 70802 ns
[487.977s][info ][safepoint      ] Safepoint "Cleanup", Time since last: 4000332984 ns, Reaching safepoint: 53301 ns, At safepoint: 3200 ns, Total: 56501 ns
[489.977s][info ][safepoint      ] Safepoint "Cleanup", Time since last: 2000185139 ns, Reaching safepoint: 48702 ns, At safepoint: 22800 ns, Total: 71502 ns
[492.977s][info ][safepoint      ] Safepoint "Cleanup", Time since last: 3000249303 ns, Reaching safepoint: 49201 ns, At safepoint: 4901 ns, Total: 54102 ns
[494.978s][info ][safepoint      ] Safepoint "Cleanup", Time since last: 2000193432 ns, Reaching safepoint: 54602 ns, At safepoint: 4300 ns, Total: 58902 ns
[501.978s][info ][safepoint      ] Safepoint "Cleanup", Time since last: 7000519842 ns, Reaching safepoint: 53101 ns, At safepoint: 2401 ns, Total: 55502 ns
[504.978s][info ][safepoint      ] Safepoint "Cleanup", Time since last: 3000216180 ns, Reaching safepoint: 54701 ns, At safepoint: 3101 ns, Total: 57802 ns
[506.979s][info ][safepoint      ] Safepoint "Cleanup", Time since last: 2000194618 ns, Reaching safepoint: 55302 ns, At safepoint: 12701 ns, Total: 68003 ns
[507.979s][info ][safepoint      ] Safepoint "Cleanup", Time since last: 1000120559 ns, Reaching safepoint: 46501 ns, At safepoint: 3501 ns, Total: 50002 ns
[509.979s][info ][safepoint      ] Safepoint "Cleanup", Time since last: 2000191515 ns, Reaching safepoint: 46701 ns, At safepoint: 6501 ns, Total: 53202 ns
[510.979s][info ][safepoint      ] Safepoint "Cleanup", Time since last: 1000112557 ns, Reaching safepoint: 35901 ns, At safepoint: 3400 ns, Total: 39301 ns
[515.980s][info ][safepoint      ] Safepoint "Cleanup", Time since last: 5000345771 ns, Reaching safepoint: 51402 ns, At safepoint: 2800 ns, Total: 54202 ns
[516.980s][info ][safepoint      ] Safepoint "Cleanup", Time since last: 1000115254 ns, Reaching safepoint: 41301 ns, At safepoint: 2400 ns, Total: 43701 ns
[517.980s][info ][safepoint      ] Safepoint "Cleanup", Time since last: 1000108353 ns, Reaching safepoint: 44202 ns, At safepoint: 3600 ns, Total: 47802 ns
[518.834s][info ][gc,start       ] GC(28) Pause Young (Allocation Failure)
[518.866s][debug][gc,phases      ] GC(28) Scavenge 31.995ms
[518.866s][debug][gc,ref         ] GC(28) Skipped phase 1 of Reference Processing: no references
[518.866s][debug][gc,ref         ] GC(28) ReferenceProcessor::execute queues: 1, RefProcThreadModel::Single, marks_oops_alive: false
[518.866s][debug][gc,ref         ] GC(28) Skipped phase 3 of Reference Processing: no references
[518.866s][debug][gc,ref         ] GC(28) ReferenceProcessor::execute queues: 1, RefProcThreadModel::Single, marks_oops_alive: false
[518.866s][debug][gc,phases      ] GC(28) Reference Processing 0.133ms
[518.867s][debug][gc,phases      ] GC(28)   VM Weak                        Min:  0.0, Avg:  0.0, Max:  0.0, Diff:  0.0, Sum:  0.0, Workers: 4
[518.867s][debug][gc,phases      ] GC(28)     Dead                           Min: 0, Avg:  0.0, Max: 0, Diff: 0, Sum: 0, Workers: 4
[518.867s][debug][gc,phases      ] GC(28)     Total                          Min: 0, Avg: 183.8, Max: 544, Diff: 544, Sum: 735, Workers: 4
[518.867s][debug][gc,phases      ] GC(28)   ObjectSynchronizer Weak        Min:  0.0, Avg:  0.0, Max:  0.0, Diff:  0.0, Sum:  0.0, Workers: 4
[518.867s][debug][gc,phases      ] GC(28)     Dead                           Min: 0, Avg:  0.0, Max: 0, Diff: 0, Sum: 0, Workers: 4
[518.867s][debug][gc,phases      ] GC(28)     Total                          Min: 0, Avg: 12.2, Max: 49, Diff: 49, Sum: 49, Workers: 4
[518.867s][debug][gc,phases      ] GC(28)   JVMTI Tag Weak OopStorage      Min:  0.0, Avg:  0.0, Max:  0.0, Diff:  0.0, Sum:  0.0, Workers: 4
[518.867s][debug][gc,phases      ] GC(28)     Dead                           Min: 0, Avg:  0.0, Max: 0, Diff: 0, Sum: 0, Workers: 4
[518.867s][debug][gc,phases      ] GC(28)     Total                          Min: 0, Avg:  0.0, Max: 0, Diff: 0, Sum: 0, Workers: 4
[518.867s][debug][gc,phases      ] GC(28)   StringTable Weak               Min:  0.0, Avg:  0.1, Max:  0.1, Diff:  0.1, Sum:  0.4, Workers: 4
[518.867s][debug][gc,phases      ] GC(28)     Dead                           Min: 0, Avg:  0.2, Max: 1, Diff: 1, Sum: 1, Workers: 4
[518.867s][debug][gc,phases      ] GC(28)     Total                          Min: 0, Avg: 10657.8, Max: 14464, Diff: 14464, Sum: 42631, Workers: 4
[518.867s][debug][gc,phases      ] GC(28)   ResolvedMethodTable Weak       Min:  0.0, Avg:  0.0, Max:  0.0, Diff:  0.0, Sum:  0.1, Workers: 4
[518.867s][debug][gc,phases      ] GC(28)     Dead                           Min: 0, Avg:  0.0, Max: 0, Diff: 0, Sum: 0, Workers: 4
[518.867s][debug][gc,phases      ] GC(28)     Total                          Min: 0, Avg: 2085.0, Max: 2900, Diff: 2900, Sum: 8340, Workers: 4
[518.867s][debug][gc,phases      ] GC(28)   JNI Weak                       Min:  0.0, Avg:  0.0, Max:  0.0, Diff:  0.0, Sum:  0.0, Workers: 4
[518.867s][debug][gc,phases      ] GC(28)     Dead                           Min: 0, Avg:  0.0, Max: 0, Diff: 0, Sum: 0, Workers: 4
[518.867s][debug][gc,phases      ] GC(28)     Total                          Min: 0, Avg: 11.2, Max: 45, Diff: 45, Sum: 45, Workers: 4
[518.867s][debug][gc,phases      ] GC(28)   StringDedup Table Weak         Min:  0.0, Avg:  0.0, Max:  0.0, Diff:  0.0, Sum:  0.0, Workers: 4
[518.867s][debug][gc,phases      ] GC(28)     Dead                           Min: 0, Avg:  0.0, Max: 0, Diff: 0, Sum: 0, Workers: 4
[518.867s][debug][gc,phases      ] GC(28)     Total                          Min: 0, Avg:  0.0, Max: 0, Diff: 0, Sum: 0, Workers: 4
[518.867s][debug][gc,phases      ] GC(28)   StringDedup Requests0 Weak     Min:  0.0, Avg:  0.0, Max:  0.0, Diff:  0.0, Sum:  0.0, Workers: 4
[518.867s][debug][gc,phases      ] GC(28)     Dead                           Min: 0, Avg:  0.0, Max: 0, Diff: 0, Sum: 0, Workers: 4
[518.867s][debug][gc,phases      ] GC(28)     Total                          Min: 0, Avg:  0.0, Max: 0, Diff: 0, Sum: 0, Workers: 4
[518.867s][debug][gc,phases      ] GC(28)   StringDedup Requests1 Weak     Min:  0.0, Avg:  0.0, Max:  0.0, Diff:  0.0, Sum:  0.0, Workers: 4
[518.867s][debug][gc,phases      ] GC(28)     Dead                           Min: 0, Avg:  0.0, Max: 0, Diff: 0, Sum: 0, Workers: 4
[518.867s][debug][gc,phases      ] GC(28)     Total                          Min: 0, Avg:  0.0, Max: 0, Diff: 0, Sum: 0, Workers: 4
[518.867s][debug][gc,phases      ] GC(28)   Weak JFR Old Object Samples    Min:  0.0, Avg:  0.0, Max:  0.0, Diff:  0.0, Sum:  0.0, Workers: 4
[518.867s][debug][gc,phases      ] GC(28)     Dead                           Min: 0, Avg:  0.0, Max: 0, Diff: 0, Sum: 0, Workers: 4
[518.867s][debug][gc,phases      ] GC(28)     Total                          Min: 0, Avg:  0.0, Max: 0, Diff: 0, Sum: 0, Workers: 4
[518.867s][debug][gc,phases      ] GC(28) Weak Processing 0.366ms
[518.867s][debug][gc,age         ] GC(28) Desired survivor size 393216000 bytes, new threshold 15 (max threshold 15)
[518.867s][info ][gc,heap        ] GC(28) PSYoungGen: 1420645K(1710592K)->88757K(1709056K) Eden: 1322496K(1322496K)->0K(1322496K) From: 98149K(388096K)->88757K(386560K)
[518.867s][info ][gc,heap        ] GC(28) ParOldGen: 196887K(282624K)->207076K(282624K)
[518.867s][info ][gc,metaspace   ] GC(28) Metaspace: 78490K(79360K)->78490K(79360K) NonClass: 67354K(67840K)->67354K(67840K) Class: 11136K(11520K)->11136K(11520K)
[518.867s][info ][gc             ] GC(28) Pause Young (Allocation Failure) 1579M->288M(1945M) 32.626ms
[518.867s][info ][gc,cpu         ] GC(28) User=0.11s Sys=0.01s Real=0.03s
[518.867s][info ][safepoint      ] Safepoint "ParallelGCFailedAllocation", Time since last: 853939851 ns, Reaching safepoint: 113704 ns, At safepoint: 32702574 ns, Total: 32816278 ns
[522.867s][info ][safepoint      ] Safepoint "Cleanup", Time since last: 4000302001 ns, Reaching safepoint: 50201 ns, At safepoint: 9301 ns, Total: 59502 ns
[523.867s][info ][safepoint      ] Safepoint "Cleanup", Time since last: 1000129150 ns, Reaching safepoint: 56402 ns, At safepoint: 6800 ns, Total: 63202 ns
[524.867s][info ][safepoint      ] Safepoint "Cleanup", Time since last: 1000115150 ns, Reaching safepoint: 46201 ns, At safepoint: 2600 ns, Total: 48801 ns
[525.868s][info ][safepoint      ] Safepoint "Cleanup", Time since last: 1000078748 ns, Reaching safepoint: 49002 ns, At safepoint: 4000 ns, Total: 53002 ns
[536.868s][info ][safepoint      ] Safepoint "Cleanup", Time since last: 11000767985 ns, Reaching safepoint: 49502 ns, At safepoint: 4700 ns, Total: 54202 ns
[539.869s][info ][safepoint      ] Safepoint "Cleanup", Time since last: 3000251822 ns, Reaching safepoint: 62302 ns, At safepoint: 6400 ns, Total: 68702 ns
[542.869s][info ][safepoint      ] Safepoint "Cleanup", Time since last: 3000251218 ns, Reaching safepoint: 72902 ns, At safepoint: 2900 ns, Total: 75802 ns
[543.869s][info ][safepoint      ] Safepoint "Cleanup", Time since last: 1000076938 ns, Reaching safepoint: 48701 ns, At safepoint: 3301 ns, Total: 52002 ns
[545.869s][info ][safepoint      ] Safepoint "Cleanup", Time since last: 2000181974 ns, Reaching safepoint: 89003 ns, At safepoint: 2800 ns, Total: 91803 ns
[546.870s][info ][safepoint      ] Safepoint "Cleanup", Time since last: 1000083137 ns, Reaching safepoint: 51702 ns, At safepoint: 4200 ns, Total: 55902 ns
[548.870s][info ][safepoint      ] Safepoint "Cleanup", Time since last: 2000183471 ns, Reaching safepoint: 57102 ns, At safepoint: 2800 ns, Total: 59902 ns
[549.870s][info ][safepoint      ] Safepoint "Cleanup", Time since last: 1000116036 ns, Reaching safepoint: 52602 ns, At safepoint: 2800 ns, Total: 55402 ns
[550.870s][info ][safepoint      ] Safepoint "Cleanup", Time since last: 1000114935 ns, Reaching safepoint: 43302 ns, At safepoint: 3100 ns, Total: 46402 ns
[554.871s][info ][safepoint      ] Safepoint "Cleanup", Time since last: 4000335632 ns, Reaching safepoint: 66302 ns, At safepoint: 6700 ns, Total: 73002 ns
[555.871s][info ][safepoint      ] Safepoint "Cleanup", Time since last: 1000117333 ns, Reaching safepoint: 48601 ns, At safepoint: 3800 ns, Total: 52401 ns
[557.871s][info ][safepoint      ] Safepoint "Cleanup", Time since last: 2000128261 ns, Reaching safepoint: 46501 ns, At safepoint: 3300 ns, Total: 49801 ns
[559.871s][info ][safepoint      ] Safepoint "Cleanup", Time since last: 2000174960 ns, Reaching safepoint: 55602 ns, At safepoint: 2700 ns, Total: 58302 ns
[560.871s][info ][safepoint      ] Safepoint "Cleanup", Time since last: 1000169932 ns, Reaching safepoint: 67602 ns, At safepoint: 2600 ns, Total: 70202 ns
[563.872s][info ][safepoint      ] Safepoint "Cleanup", Time since last: 3000251884 ns, Reaching safepoint: 59802 ns, At safepoint: 8100 ns, Total: 67902 ns
[565.872s][info ][safepoint      ] Safepoint "Cleanup", Time since last: 2000139453 ns, Reaching safepoint: 30101 ns, At safepoint: 2800 ns, Total: 32901 ns
[566.872s][info ][safepoint      ] Safepoint "Cleanup", Time since last: 1000123727 ns, Reaching safepoint: 44501 ns, At safepoint: 2600 ns, Total: 47101 ns
[569.581s][info ][safepoint      ] Safepoint "Cleanup", Time since last: 2709111119 ns, Reaching safepoint: 33801 ns, At safepoint: 16701 ns, Total: 50502 ns
[570.581s][info ][safepoint      ] Safepoint "Cleanup", Time since last: 1000121025 ns, Reaching safepoint: 66502 ns, At safepoint: 3000 ns, Total: 69502 ns
[582.582s][info ][safepoint      ] Safepoint "Cleanup", Time since last: 12000841843 ns, Reaching safepoint: 104603 ns, At safepoint: 6700 ns, Total: 111303 ns
[584.583s][info ][safepoint      ] Safepoint "Cleanup", Time since last: 2000189135 ns, Reaching safepoint: 105204 ns, At safepoint: 7500 ns, Total: 112704 ns
[587.583s][info ][safepoint      ] Safepoint "Cleanup", Time since last: 3000256448 ns, Reaching safepoint: 125204 ns, At safepoint: 3800 ns, Total: 129004 ns
[588.583s][info ][safepoint      ] Safepoint "Cleanup", Time since last: 1000121616 ns, Reaching safepoint: 124904 ns, At safepoint: 9201 ns, Total: 134105 ns
[589.584s][info ][safepoint      ] Safepoint "Cleanup", Time since last: 1000145616 ns, Reaching safepoint: 125104 ns, At safepoint: 5600 ns, Total: 130704 ns
[590.584s][info ][safepoint      ] Safepoint "Cleanup", Time since last: 1000123816 ns, Reaching safepoint: 108103 ns, At safepoint: 11901 ns, Total: 120004 ns
[591.584s][info ][safepoint      ] Safepoint "Cleanup", Time since last: 1000121914 ns, Reaching safepoint: 116104 ns, At safepoint: 13500 ns, Total: 129604 ns
[592.584s][info ][safepoint      ] Safepoint "Cleanup", Time since last: 1000127215 ns, Reaching safepoint: 118204 ns, At safepoint: 9300 ns, Total: 127504 ns
[593.435s][info ][gc,start       ] GC(29) Pause Young (Allocation Failure)
[593.468s][debug][gc,phases      ] GC(29) Scavenge 32.613ms
[593.468s][debug][gc,ref         ] GC(29) Skipped phase 1 of Reference Processing: no references
[593.468s][debug][gc,ref         ] GC(29) ReferenceProcessor::execute queues: 1, RefProcThreadModel::Single, marks_oops_alive: false
[593.468s][debug][gc,ref         ] GC(29) Skipped phase 3 of Reference Processing: no references
[593.468s][debug][gc,ref         ] GC(29) ReferenceProcessor::execute queues: 1, RefProcThreadModel::Single, marks_oops_alive: false
[593.468s][debug][gc,phases      ] GC(29) Reference Processing 0.143ms
[593.469s][debug][gc,phases      ] GC(29)   VM Weak                        Min:  0.0, Avg:  0.0, Max:  0.0, Diff:  0.0, Sum:  0.0, Workers: 4
[593.469s][debug][gc,phases      ] GC(29)     Dead                           Min: 0, Avg:  0.0, Max: 0, Diff: 0, Sum: 0, Workers: 4
[593.469s][debug][gc,phases      ] GC(29)     Total                          Min: 0, Avg: 183.8, Max: 319, Diff: 319, Sum: 735, Workers: 4
[593.469s][debug][gc,phases      ] GC(29)   ObjectSynchronizer Weak        Min:  0.0, Avg:  0.0, Max:  0.0, Diff:  0.0, Sum:  0.0, Workers: 4
[593.469s][debug][gc,phases      ] GC(29)     Dead                           Min: 0, Avg:  0.0, Max: 0, Diff: 0, Sum: 0, Workers: 4
[593.469s][debug][gc,phases      ] GC(29)     Total                          Min: 0, Avg: 12.2, Max: 49, Diff: 49, Sum: 49, Workers: 4
[593.469s][debug][gc,phases      ] GC(29)   JVMTI Tag Weak OopStorage      Min:  0.0, Avg:  0.0, Max:  0.0, Diff:  0.0, Sum:  0.0, Workers: 4
[593.469s][debug][gc,phases      ] GC(29)     Dead                           Min: 0, Avg:  0.0, Max: 0, Diff: 0, Sum: 0, Workers: 4
[593.469s][debug][gc,phases      ] GC(29)     Total                          Min: 0, Avg:  0.0, Max: 0, Diff: 0, Sum: 0, Workers: 4
[593.469s][debug][gc,phases      ] GC(29)   StringTable Weak               Min:  0.0, Avg:  0.1, Max:  0.1, Diff:  0.1, Sum:  0.4, Workers: 4
[593.469s][debug][gc,phases      ] GC(29)     Dead                           Min: 0, Avg:  0.0, Max: 0, Diff: 0, Sum: 0, Workers: 4
[593.469s][debug][gc,phases      ] GC(29)     Total                          Min: 0, Avg: 10658.2, Max: 14528, Diff: 14528, Sum: 42633, Workers: 4
[593.469s][debug][gc,phases      ] GC(29)   ResolvedMethodTable Weak       Min:  0.0, Avg:  0.0, Max:  0.0, Diff:  0.0, Sum:  0.1, Workers: 4
[593.469s][debug][gc,phases      ] GC(29)     Dead                           Min: 0, Avg:  0.0, Max: 0, Diff: 0, Sum: 0, Workers: 4
[593.469s][debug][gc,phases      ] GC(29)     Total                          Min: 0, Avg: 2085.0, Max: 2964, Diff: 2964, Sum: 8340, Workers: 4
[593.469s][debug][gc,phases      ] GC(29)   JNI Weak                       Min:  0.0, Avg:  0.0, Max:  0.0, Diff:  0.0, Sum:  0.0, Workers: 4
[593.469s][debug][gc,phases      ] GC(29)     Dead                           Min: 0, Avg:  0.0, Max: 0, Diff: 0, Sum: 0, Workers: 4
[593.469s][debug][gc,phases      ] GC(29)     Total                          Min: 0, Avg: 11.2, Max: 45, Diff: 45, Sum: 45, Workers: 4
[593.469s][debug][gc,phases      ] GC(29)   StringDedup Table Weak         Min:  0.0, Avg:  0.0, Max:  0.0, Diff:  0.0, Sum:  0.0, Workers: 4
[593.469s][debug][gc,phases      ] GC(29)     Dead                           Min: 0, Avg:  0.0, Max: 0, Diff: 0, Sum: 0, Workers: 4
[593.469s][debug][gc,phases      ] GC(29)     Total                          Min: 0, Avg:  0.0, Max: 0, Diff: 0, Sum: 0, Workers: 4
[593.469s][debug][gc,phases      ] GC(29)   StringDedup Requests0 Weak     Min:  0.0, Avg:  0.0, Max:  0.0, Diff:  0.0, Sum:  0.0, Workers: 4
[593.469s][debug][gc,phases      ] GC(29)     Dead                           Min: 0, Avg:  0.0, Max: 0, Diff: 0, Sum: 0, Workers: 4
[593.469s][debug][gc,phases      ] GC(29)     Total                          Min: 0, Avg:  0.0, Max: 0, Diff: 0, Sum: 0, Workers: 4
[593.469s][debug][gc,phases      ] GC(29)   StringDedup Requests1 Weak     Min:  0.0, Avg:  0.0, Max:  0.0, Diff:  0.0, Sum:  0.0, Workers: 4
[593.469s][debug][gc,phases      ] GC(29)     Dead                           Min: 0, Avg:  0.0, Max: 0, Diff: 0, Sum: 0, Workers: 4
[593.469s][debug][gc,phases      ] GC(29)     Total                          Min: 0, Avg:  0.0, Max: 0, Diff: 0, Sum: 0, Workers: 4
[593.469s][debug][gc,phases      ] GC(29)   Weak JFR Old Object Samples    Min:  0.0, Avg:  0.0, Max:  0.0, Diff:  0.0, Sum:  0.0, Workers: 4
[593.469s][debug][gc,phases      ] GC(29)     Dead                           Min: 0, Avg:  0.0, Max: 0, Diff: 0, Sum: 0, Workers: 4
[593.469s][debug][gc,phases      ] GC(29)     Total                          Min: 0, Avg:  0.0, Max: 0, Diff: 0, Sum: 0, Workers: 4
[593.469s][debug][gc,phases      ] GC(29) Weak Processing 0.396ms
[593.469s][debug][gc,age         ] GC(29) Desired survivor size 390070272 bytes, new threshold 15 (max threshold 15)
[593.469s][info ][gc,heap        ] GC(29) PSYoungGen: 1411253K(1709056K)->78750K(1716224K) Eden: 1322496K(1322496K)->0K(1332224K) From: 88757K(386560K)->78750K(384000K)
[593.469s][info ][gc,heap        ] GC(29) ParOldGen: 207076K(282624K)->217373K(282624K)
[593.469s][info ][gc,metaspace   ] GC(29) Metaspace: 78519K(79360K)->78519K(79360K) NonClass: 67383K(67840K)->67383K(67840K) Class: 11136K(11520K)->11136K(11520K)
[593.469s][info ][gc             ] GC(29) Pause Young (Allocation Failure) 1580M->289M(1952M) 33.307ms
[593.469s][info ][gc,cpu         ] GC(29) User=0.10s Sys=0.00s Real=0.03s
[593.469s][info ][safepoint      ] Safepoint "ParallelGCFailedAllocation", Time since last: 851021622 ns, Reaching safepoint: 29701 ns, At safepoint: 33377495 ns, Total: 33407196 ns
[594.469s][info ][safepoint      ] Safepoint "Cleanup", Time since last: 1000099012 ns, Reaching safepoint: 45702 ns, At safepoint: 3100 ns, Total: 48802 ns
[596.469s][info ][safepoint      ] Safepoint "Cleanup", Time since last: 2000182023 ns, Reaching safepoint: 57602 ns, At safepoint: 3600 ns, Total: 61202 ns
[598.469s][info ][safepoint      ] Safepoint "Cleanup", Time since last: 2000158220 ns, Reaching safepoint: 44802 ns, At safepoint: 2700 ns, Total: 47502 ns
[604.470s][info ][safepoint      ] Safepoint "Cleanup", Time since last: 6000584052 ns, Reaching safepoint: 44102 ns, At safepoint: 6000 ns, Total: 50102 ns
[608.470s][info ][safepoint      ] Safepoint "Cleanup", Time since last: 4000347724 ns, Reaching safepoint: 53002 ns, At safepoint: 3000 ns, Total: 56002 ns
[611.471s][info ][safepoint      ] Safepoint "Cleanup", Time since last: 3000221812 ns, Reaching safepoint: 53502 ns, At safepoint: 2700 ns, Total: 56202 ns
[616.471s][info ][safepoint      ] Safepoint "Cleanup", Time since last: 5000379511 ns, Reaching safepoint: 63702 ns, At safepoint: 2700 ns, Total: 66402 ns
[619.471s][info ][safepoint      ] Safepoint "Cleanup", Time since last: 3000220400 ns, Reaching safepoint: 50702 ns, At safepoint: 7000 ns, Total: 57702 ns
[620.472s][info ][safepoint      ] Safepoint "Cleanup", Time since last: 1000115201 ns, Reaching safepoint: 44301 ns, At safepoint: 2500 ns, Total: 46801 ns
[623.472s][info ][safepoint      ] Safepoint "Cleanup", Time since last: 3000233096 ns, Reaching safepoint: 48201 ns, At safepoint: 2600 ns, Total: 50801 ns
[624.472s][info ][safepoint      ] Safepoint "Cleanup", Time since last: 1000111499 ns, Reaching safepoint: 70602 ns, At safepoint: 8501 ns, Total: 79103 ns
[627.472s][info ][safepoint      ] Safepoint "Cleanup", Time since last: 3000252290 ns, Reaching safepoint: 41101 ns, At safepoint: 2601 ns, Total: 43702 ns
[628.473s][info ][safepoint      ] Safepoint "Cleanup", Time since last: 1000113796 ns, Reaching safepoint: 57502 ns, At safepoint: 3700 ns, Total: 61202 ns
[632.473s][info ][safepoint      ] Safepoint "Cleanup", Time since last: 4000279278 ns, Reaching safepoint: 41001 ns, At safepoint: 2500 ns, Total: 43501 ns
[633.473s][info ][safepoint      ] Safepoint "Cleanup", Time since last: 1000116395 ns, Reaching safepoint: 46101 ns, At safepoint: 33301 ns, Total: 79402 ns
[634.473s][info ][safepoint      ] Safepoint "Cleanup", Time since last: 1000108794 ns, Reaching safepoint: 43202 ns, At safepoint: 2400 ns, Total: 45602 ns
[635.473s][info ][safepoint      ] Safepoint "Cleanup", Time since last: 1000117594 ns, Reaching safepoint: 80002 ns, At safepoint: 5900 ns, Total: 85902 ns
[636.474s][info ][safepoint      ] Safepoint "Cleanup", Time since last: 1000109294 ns, Reaching safepoint: 29801 ns, At safepoint: 4000 ns, Total: 33801 ns
[637.474s][info ][safepoint      ] Safepoint "Cleanup", Time since last: 1000111792 ns, Reaching safepoint: 59502 ns, At safepoint: 7501 ns, Total: 67003 ns
[640.474s][info ][safepoint      ] Safepoint "Cleanup", Time since last: 3000247072 ns, Reaching safepoint: 54802 ns, At safepoint: 2700 ns, Total: 57502 ns
[643.474s][info ][safepoint      ] Safepoint "Cleanup", Time since last: 3000186367 ns, Reaching safepoint: 50101 ns, At safepoint: 8901 ns, Total: 59002 ns
[644.474s][info ][safepoint      ] Safepoint "Cleanup", Time since last: 1000113889 ns, Reaching safepoint: 55402 ns, At safepoint: 3000 ns, Total: 58402 ns
[654.475s][info ][safepoint      ] Safepoint "Cleanup", Time since last: 10000680258 ns, Reaching safepoint: 36201 ns, At safepoint: 2500 ns, Total: 38701 ns
[658.476s][info ][safepoint      ] Safepoint "Cleanup", Time since last: 4000304932 ns, Reaching safepoint: 45001 ns, At safepoint: 8401 ns, Total: 53402 ns
[659.476s][info ][safepoint      ] Safepoint "Cleanup", Time since last: 1000117683 ns, Reaching safepoint: 54402 ns, At safepoint: 3100 ns, Total: 57502 ns
[665.476s][info ][safepoint      ] Safepoint "Cleanup", Time since last: 6000411880 ns, Reaching safepoint: 49502 ns, At safepoint: 3800 ns, Total: 53302 ns
[669.477s][info ][safepoint      ] Safepoint "Cleanup", Time since last: 4000321614 ns, Reaching safepoint: 47701 ns, At safepoint: 3300 ns, Total: 51001 ns
[672.835s][info ][gc,start       ] GC(30) Pause Young (Allocation Failure)
[672.863s][debug][gc,phases      ] GC(30) Scavenge 27.631ms
[672.863s][debug][gc,ref         ] GC(30) Skipped phase 1 of Reference Processing: no references
[672.863s][debug][gc,ref         ] GC(30) ReferenceProcessor::execute queues: 1, RefProcThreadModel::Single, marks_oops_alive: false
[672.863s][debug][gc,ref         ] GC(30) Skipped phase 3 of Reference Processing: no references
[672.863s][debug][gc,ref         ] GC(30) ReferenceProcessor::execute queues: 1, RefProcThreadModel::Single, marks_oops_alive: false
[672.863s][debug][gc,phases      ] GC(30) Reference Processing 0.124ms
[672.863s][debug][gc,phases      ] GC(30)   VM Weak                        Min:  0.0, Avg:  0.0, Max:  0.0, Diff:  0.0, Sum:  0.0, Workers: 4
[672.863s][debug][gc,phases      ] GC(30)     Dead                           Min: 0, Avg:  0.0, Max: 0, Diff: 0, Sum: 0, Workers: 4
[672.863s][debug][gc,phases      ] GC(30)     Total                          Min: 0, Avg: 183.8, Max: 447, Diff: 447, Sum: 735, Workers: 4
[672.863s][debug][gc,phases      ] GC(30)   ObjectSynchronizer Weak        Min:  0.0, Avg:  0.0, Max:  0.0, Diff:  0.0, Sum:  0.0, Workers: 4
[672.863s][debug][gc,phases      ] GC(30)     Dead                           Min: 0, Avg:  0.0, Max: 0, Diff: 0, Sum: 0, Workers: 4
[672.863s][debug][gc,phases      ] GC(30)     Total                          Min: 0, Avg: 12.2, Max: 49, Diff: 49, Sum: 49, Workers: 4
[672.863s][debug][gc,phases      ] GC(30)   JVMTI Tag Weak OopStorage      Min:  0.0, Avg:  0.0, Max:  0.0, Diff:  0.0, Sum:  0.0, Workers: 4
[672.863s][debug][gc,phases      ] GC(30)     Dead                           Min: 0, Avg:  0.0, Max: 0, Diff: 0, Sum: 0, Workers: 4
[672.863s][debug][gc,phases      ] GC(30)     Total                          Min: 0, Avg:  0.0, Max: 0, Diff: 0, Sum: 0, Workers: 4
[672.863s][debug][gc,phases      ] GC(30)   StringTable Weak               Min:  0.0, Avg:  0.1, Max:  0.1, Diff:  0.1, Sum:  0.4, Workers: 4
[672.863s][debug][gc,phases      ] GC(30)     Dead                           Min: 0, Avg:  0.2, Max: 1, Diff: 1, Sum: 1, Workers: 4
[672.863s][debug][gc,phases      ] GC(30)     Total                          Min: 0, Avg: 10675.8, Max: 14976, Diff: 14976, Sum: 42703, Workers: 4
[672.863s][debug][gc,phases      ] GC(30)   ResolvedMethodTable Weak       Min:  0.0, Avg:  0.0, Max:  0.0, Diff:  0.0, Sum:  0.1, Workers: 4
[672.863s][debug][gc,phases      ] GC(30)     Dead                           Min: 0, Avg:  4.2, Max: 17, Diff: 17, Sum: 17, Workers: 4
[672.863s][debug][gc,phases      ] GC(30)     Total                          Min: 0, Avg: 2103.2, Max: 2944, Diff: 2944, Sum: 8413, Workers: 4
[672.863s][debug][gc,phases      ] GC(30)   JNI Weak                       Min:  0.0, Avg:  0.0, Max:  0.0, Diff:  0.0, Sum:  0.0, Workers: 4
[672.863s][debug][gc,phases      ] GC(30)     Dead                           Min: 0, Avg:  0.0, Max: 0, Diff: 0, Sum: 0, Workers: 4
[672.863s][debug][gc,phases      ] GC(30)     Total                          Min: 0, Avg: 11.2, Max: 45, Diff: 45, Sum: 45, Workers: 4
[672.863s][debug][gc,phases      ] GC(30)   StringDedup Table Weak         Min:  0.0, Avg:  0.0, Max:  0.0, Diff:  0.0, Sum:  0.0, Workers: 4
[672.863s][debug][gc,phases      ] GC(30)     Dead                           Min: 0, Avg:  0.0, Max: 0, Diff: 0, Sum: 0, Workers: 4
[672.863s][debug][gc,phases      ] GC(30)     Total                          Min: 0, Avg:  0.0, Max: 0, Diff: 0, Sum: 0, Workers: 4
[672.863s][debug][gc,phases      ] GC(30)   StringDedup Requests0 Weak     Min:  0.0, Avg:  0.0, Max:  0.0, Diff:  0.0, Sum:  0.0, Workers: 4
[672.863s][debug][gc,phases      ] GC(30)     Dead                           Min: 0, Avg:  0.0, Max: 0, Diff: 0, Sum: 0, Workers: 4
[672.863s][debug][gc,phases      ] GC(30)     Total                          Min: 0, Avg:  0.0, Max: 0, Diff: 0, Sum: 0, Workers: 4
[672.863s][debug][gc,phases      ] GC(30)   StringDedup Requests1 Weak     Min:  0.0, Avg:  0.0, Max:  0.0, Diff:  0.0, Sum:  0.0, Workers: 4
[672.863s][debug][gc,phases      ] GC(30)     Dead                           Min: 0, Avg:  0.0, Max: 0, Diff: 0, Sum: 0, Workers: 4
[672.863s][debug][gc,phases      ] GC(30)     Total                          Min: 0, Avg:  0.0, Max: 0, Diff: 0, Sum: 0, Workers: 4
[672.863s][debug][gc,phases      ] GC(30)   Weak JFR Old Object Samples    Min:  0.0, Avg:  0.0, Max:  0.0, Diff:  0.0, Sum:  0.0, Workers: 4
[672.863s][debug][gc,phases      ] GC(30)     Dead                           Min: 0, Avg:  0.0, Max: 0, Diff: 0, Sum: 0, Workers: 4
[672.863s][debug][gc,phases      ] GC(30)     Total                          Min: 0, Avg:  0.0, Max: 0, Diff: 0, Sum: 0, Workers: 4
[672.863s][debug][gc,phases      ] GC(30) Weak Processing 0.374ms
[672.863s][debug][gc,age         ] GC(30) Desired survivor size 386400256 bytes, new threshold 15 (max threshold 15)
[672.863s][info ][gc,heap        ] GC(30) PSYoungGen: 1410974K(1716224K)->65278K(1713152K) Eden: 1332224K(1332224K)->0K(1332224K) From: 78750K(384000K)->65278K(380928K)
[672.863s][info ][gc,heap        ] GC(30) ParOldGen: 217373K(282624K)->231570K(282624K)
[672.863s][info ][gc,metaspace   ] GC(30) Metaspace: 78722K(79616K)->78722K(79616K) NonClass: 67554K(68032K)->67554K(68032K) Class: 11168K(11584K)->11168K(11584K)
[672.863s][info ][gc             ] GC(30) Pause Young (Allocation Failure) 1590M->289M(1949M) 28.260ms
[672.863s][info ][gc,cpu         ] GC(30) User=0.08s Sys=0.01s Real=0.02s
[672.863s][info ][safepoint      ] Safepoint "ParallelGCFailedAllocation", Time since last: 3358535574 ns, Reaching safepoint: 44901 ns, At safepoint: 28340429 ns, Total: 28385330 ns
[674.864s][info ][safepoint      ] Safepoint "Cleanup", Time since last: 2000166852 ns, Reaching safepoint: 48201 ns, At safepoint: 2500 ns, Total: 50701 ns
[676.864s][info ][safepoint      ] Safepoint "Cleanup", Time since last: 2000134749 ns, Reaching safepoint: 47602 ns, At safepoint: 9900 ns, Total: 57502 ns
[677.864s][info ][safepoint      ] Safepoint "Cleanup", Time since last: 1000123576 ns, Reaching safepoint: 129804 ns, At safepoint: 14700 ns, Total: 144504 ns
[678.864s][info ][safepoint      ] Safepoint "Cleanup", Time since last: 1000119976 ns, Reaching safepoint: 72602 ns, At safepoint: 6500 ns, Total: 79102 ns
[680.341s][info ][safepoint      ] Safepoint "Cleanup", Time since last: 1476707193 ns, Reaching safepoint: 118504 ns, At safepoint: 11600 ns, Total: 130104 ns
[681.392s][info ][safepoint      ] Safepoint "Cleanup", Time since last: 1050889538 ns, Reaching safepoint: 185106 ns, At safepoint: 5600 ns, Total: 190706 ns
[682.584s][info ][safepoint      ] Safepoint "Cleanup", Time since last: 1191993061 ns, Reaching safepoint: 170806 ns, At safepoint: 7500 ns, Total: 178306 ns
[683.585s][info ][safepoint      ] Safepoint "Cleanup", Time since last: 1000126974 ns, Reaching safepoint: 149204 ns, At safepoint: 9101 ns, Total: 158305 ns
[684.585s][info ][safepoint      ] Safepoint "Cleanup", Time since last: 1000111872 ns, Reaching safepoint: 118104 ns, At safepoint: 14001 ns, Total: 132105 ns
[685.585s][info ][safepoint      ] Safepoint "Cleanup", Time since last: 1000129672 ns, Reaching safepoint: 123704 ns, At safepoint: 5800 ns, Total: 129504 ns
[688.586s][info ][safepoint      ] Safepoint "Cleanup", Time since last: 3000259012 ns, Reaching safepoint: 113903 ns, At safepoint: 7201 ns, Total: 121104 ns
[689.586s][info ][safepoint      ] Safepoint "Cleanup", Time since last: 1000096770 ns, Reaching safepoint: 113103 ns, At safepoint: 5401 ns, Total: 118504 ns
[690.586s][info ][safepoint      ] Safepoint "Cleanup", Time since last: 1000099469 ns, Reaching safepoint: 117104 ns, At safepoint: 7900 ns, Total: 125004 ns
[693.586s][info ][safepoint      ] Safepoint "Cleanup", Time since last: 3000239305 ns, Reaching safepoint: 123404 ns, At safepoint: 8300 ns, Total: 131704 ns
[694.587s][info ][safepoint      ] Safepoint "Cleanup", Time since last: 1000114869 ns, Reaching safepoint: 120804 ns, At safepoint: 5500 ns, Total: 126304 ns
[695.587s][info ][safepoint      ] Safepoint "Cleanup", Time since last: 1000121768 ns, Reaching safepoint: 121104 ns, At safepoint: 7400 ns, Total: 128504 ns
[696.452s][info ][gc,start       ] GC(31) Pause Young (Allocation Failure)
[696.485s][debug][gc,phases      ] GC(31) Scavenge 32.907ms
[696.485s][debug][gc,ref         ] GC(31) Skipped phase 1 of Reference Processing: no references
[696.485s][debug][gc,ref         ] GC(31) ReferenceProcessor::execute queues: 1, RefProcThreadModel::Single, marks_oops_alive: false
[696.485s][debug][gc,ref         ] GC(31) Skipped phase 3 of Reference Processing: no references
[696.485s][debug][gc,ref         ] GC(31) ReferenceProcessor::execute queues: 1, RefProcThreadModel::Single, marks_oops_alive: false
[696.485s][debug][gc,phases      ] GC(31) Reference Processing 0.117ms
[696.485s][debug][gc,phases      ] GC(31)   VM Weak                        Min:  0.0, Avg:  0.0, Max:  0.0, Diff:  0.0, Sum:  0.0, Workers: 4
[696.485s][debug][gc,phases      ] GC(31)     Dead                           Min: 0, Avg:  0.0, Max: 0, Diff: 0, Sum: 0, Workers: 4
[696.485s][debug][gc,phases      ] GC(31)     Total                          Min: 0, Avg: 184.0, Max: 736, Diff: 736, Sum: 736, Workers: 4
[696.485s][debug][gc,phases      ] GC(31)   ObjectSynchronizer Weak        Min:  0.0, Avg:  0.0, Max:  0.0, Diff:  0.0, Sum:  0.0, Workers: 4
[696.485s][debug][gc,phases      ] GC(31)     Dead                           Min: 0, Avg:  0.0, Max: 0, Diff: 0, Sum: 0, Workers: 4
[696.485s][debug][gc,phases      ] GC(31)     Total                          Min: 0, Avg: 12.2, Max: 49, Diff: 49, Sum: 49, Workers: 4
[696.485s][debug][gc,phases      ] GC(31)   JVMTI Tag Weak OopStorage      Min:  0.0, Avg:  0.0, Max:  0.0, Diff:  0.0, Sum:  0.0, Workers: 4
[696.485s][debug][gc,phases      ] GC(31)     Dead                           Min: 0, Avg:  0.0, Max: 0, Diff: 0, Sum: 0, Workers: 4
[696.485s][debug][gc,phases      ] GC(31)     Total                          Min: 0, Avg:  0.0, Max: 0, Diff: 0, Sum: 0, Workers: 4
[696.485s][debug][gc,phases      ] GC(31)   StringTable Weak               Min:  0.0, Avg:  0.1, Max:  0.1, Diff:  0.1, Sum:  0.4, Workers: 4
[696.485s][debug][gc,phases      ] GC(31)     Dead                           Min: 0, Avg:  0.0, Max: 0, Diff: 0, Sum: 0, Workers: 4
[696.485s][debug][gc,phases      ] GC(31)     Total                          Min: 0, Avg: 10682.0, Max: 15912, Diff: 15912, Sum: 42728, Workers: 4
[696.485s][debug][gc,phases      ] GC(31)   ResolvedMethodTable Weak       Min:  0.0, Avg:  0.0, Max:  0.0, Diff:  0.0, Sum:  0.1, Workers: 4
[696.485s][debug][gc,phases      ] GC(31)     Dead                           Min: 0, Avg:  0.0, Max: 0, Diff: 0, Sum: 0, Workers: 4
[696.485s][debug][gc,phases      ] GC(31)     Total                          Min: 0, Avg: 2107.0, Max: 3072, Diff: 3072, Sum: 8428, Workers: 4
[696.485s][debug][gc,phases      ] GC(31)   JNI Weak                       Min:  0.0, Avg:  0.0, Max:  0.0, Diff:  0.0, Sum:  0.0, Workers: 4
[696.485s][debug][gc,phases      ] GC(31)     Dead                           Min: 0, Avg:  0.0, Max: 0, Diff: 0, Sum: 0, Workers: 4
[696.485s][debug][gc,phases      ] GC(31)     Total                          Min: 0, Avg: 11.2, Max: 45, Diff: 45, Sum: 45, Workers: 4
[696.485s][debug][gc,phases      ] GC(31)   StringDedup Table Weak         Min:  0.0, Avg:  0.0, Max:  0.0, Diff:  0.0, Sum:  0.0, Workers: 4
[696.485s][debug][gc,phases      ] GC(31)     Dead                           Min: 0, Avg:  0.0, Max: 0, Diff: 0, Sum: 0, Workers: 4
[696.485s][debug][gc,phases      ] GC(31)     Total                          Min: 0, Avg:  0.0, Max: 0, Diff: 0, Sum: 0, Workers: 4
[696.485s][debug][gc,phases      ] GC(31)   StringDedup Requests0 Weak     Min:  0.0, Avg:  0.0, Max:  0.0, Diff:  0.0, Sum:  0.0, Workers: 4
[696.485s][debug][gc,phases      ] GC(31)     Dead                           Min: 0, Avg:  0.0, Max: 0, Diff: 0, Sum: 0, Workers: 4
[696.485s][debug][gc,phases      ] GC(31)     Total                          Min: 0, Avg:  0.0, Max: 0, Diff: 0, Sum: 0, Workers: 4
[696.485s][debug][gc,phases      ] GC(31)   StringDedup Requests1 Weak     Min:  0.0, Avg:  0.0, Max:  0.0, Diff:  0.0, Sum:  0.0, Workers: 4
[696.485s][debug][gc,phases      ] GC(31)     Dead                           Min: 0, Avg:  0.0, Max: 0, Diff: 0, Sum: 0, Workers: 4
[696.485s][debug][gc,phases      ] GC(31)     Total                          Min: 0, Avg:  0.0, Max: 0, Diff: 0, Sum: 0, Workers: 4
[696.485s][debug][gc,phases      ] GC(31)   Weak JFR Old Object Samples    Min:  0.0, Avg:  0.0, Max:  0.0, Diff:  0.0, Sum:  0.0, Workers: 4
[696.485s][debug][gc,phases      ] GC(31)     Dead                           Min: 0, Avg:  0.0, Max: 0, Diff: 0, Sum: 0, Workers: 4
[696.485s][debug][gc,phases      ] GC(31)     Total                          Min: 0, Avg:  0.0, Max: 0, Diff: 0, Sum: 0, Workers: 4
[696.485s][debug][gc,phases      ] GC(31) Weak Processing 0.376ms
[696.485s][debug][gc,age         ] GC(31) Desired survivor size 379584512 bytes, new threshold 15 (max threshold 15)
[696.485s][info ][gc,heap        ] GC(31) PSYoungGen: 1397502K(1713152K)->69412K(1726464K) Eden: 1332224K(1332224K)->0K(1349120K) From: 65278K(380928K)->69412K(377344K)
[696.485s][info ][gc,heap        ] GC(31) ParOldGen: 231570K(282624K)->241219K(282624K)
[696.485s][info ][gc,metaspace   ] GC(31) Metaspace: 78768K(79680K)->78768K(79680K) NonClass: 67593K(68096K)->67593K(68096K) Class: 11174K(11584K)->11174K(11584K)
[696.485s][info ][gc             ] GC(31) Pause Young (Allocation Failure) 1590M->303M(1962M) 33.528ms
[696.486s][info ][gc,cpu         ] GC(31) User=0.11s Sys=0.00s Real=0.04s
[696.486s][info ][safepoint      ] Safepoint "ParallelGCFailedAllocation", Time since last: 864839836 ns, Reaching safepoint: 203107 ns, At safepoint: 33615801 ns, Total: 33818908 ns
[697.486s][info ][safepoint      ] Safepoint "Cleanup", Time since last: 1000104967 ns, Reaching safepoint: 123504 ns, At safepoint: 6100 ns, Total: 129604 ns
[698.486s][info ][safepoint      ] Safepoint "Cleanup", Time since last: 1000114867 ns, Reaching safepoint: 130605 ns, At safepoint: 8600 ns, Total: 139205 ns
[699.486s][info ][safepoint      ] Safepoint "Cleanup", Time since last: 1000109766 ns, Reaching safepoint: 127104 ns, At safepoint: 9001 ns, Total: 136105 ns
[700.487s][info ][safepoint      ] Safepoint "Cleanup", Time since last: 1000115866 ns, Reaching safepoint: 128804 ns, At safepoint: 5600 ns, Total: 134404 ns
[702.487s][info ][safepoint      ] Safepoint "Cleanup", Time since last: 2000173630 ns, Reaching safepoint: 37801 ns, At safepoint: 2700 ns, Total: 40501 ns
[704.487s][info ][safepoint      ] Safepoint "Cleanup", Time since last: 2000173328 ns, Reaching safepoint: 43701 ns, At safepoint: 7800 ns, Total: 51501 ns
[705.487s][info ][safepoint      ] Safepoint "Cleanup", Time since last: 1000122265 ns, Reaching safepoint: 46601 ns, At safepoint: 3500 ns, Total: 50101 ns
[706.487s][info ][safepoint      ] Safepoint "Cleanup", Time since last: 1000126165 ns, Reaching safepoint: 123004 ns, At safepoint: 10600 ns, Total: 133604 ns
[707.488s][info ][safepoint      ] Safepoint "Cleanup", Time since last: 1000104963 ns, Reaching safepoint: 55002 ns, At safepoint: 2500 ns, Total: 57502 ns
[708.488s][info ][safepoint      ] Safepoint "Cleanup", Time since last: 1000117363 ns, Reaching safepoint: 42701 ns, At safepoint: 2600 ns, Total: 45301 ns
[710.488s][info ][safepoint      ] Safepoint "Cleanup", Time since last: 2000167423 ns, Reaching safepoint: 50502 ns, At safepoint: 2700 ns, Total: 53202 ns
[712.488s][info ][safepoint      ] Safepoint "Cleanup", Time since last: 2000175222 ns, Reaching safepoint: 39601 ns, At safepoint: 3700 ns, Total: 43301 ns
[720.489s][info ][safepoint      ] Safepoint "Cleanup", Time since last: 8000556866 ns, Reaching safepoint: 36401 ns, At safepoint: 2600 ns, Total: 39001 ns
[721.489s][info ][safepoint      ] Safepoint "Cleanup", Time since last: 1000109758 ns, Reaching safepoint: 40101 ns, At safepoint: 4000 ns, Total: 44101 ns
[723.489s][info ][safepoint      ] Safepoint "Cleanup", Time since last: 2000192414 ns, Reaching safepoint: 38801 ns, At safepoint: 2500 ns, Total: 41301 ns
[726.489s][info ][safepoint      ] Safepoint "Cleanup", Time since last: 3000267167 ns, Reaching safepoint: 49402 ns, At safepoint: 29801 ns, Total: 79203 ns
[727.490s][info ][safepoint      ] Safepoint "Cleanup", Time since last: 1000094955 ns, Reaching safepoint: 41701 ns, At safepoint: 3800 ns, Total: 45501 ns
[728.490s][info ][safepoint      ] Safepoint "Cleanup", Time since last: 1000117156 ns, Reaching safepoint: 40001 ns, At safepoint: 3400 ns, Total: 43401 ns
[730.490s][info ][safepoint      ] Safepoint "Cleanup", Time since last: 2000175108 ns, Reaching safepoint: 37801 ns, At safepoint: 3000 ns, Total: 40801 ns
[734.490s][info ][safepoint      ] Safepoint "Cleanup", Time since last: 4000310210 ns, Reaching safepoint: 53302 ns, At safepoint: 3200 ns, Total: 56502 ns
[735.491s][info ][safepoint      ] Safepoint "Cleanup", Time since last: 1000110152 ns, Reaching safepoint: 49402 ns, At safepoint: 2900 ns, Total: 52302 ns
[736.491s][info ][safepoint      ] Safepoint "Cleanup", Time since last: 1000112352 ns, Reaching safepoint: 38101 ns, At safepoint: 2401 ns, Total: 40502 ns
[739.491s][info ][safepoint      ] Safepoint "Cleanup", Time since last: 3000247151 ns, Reaching safepoint: 42702 ns, At safepoint: 4000 ns, Total: 46702 ns
[742.491s][info ][safepoint      ] Safepoint "Cleanup", Time since last: 3000225247 ns, Reaching safepoint: 48002 ns, At safepoint: 3800 ns, Total: 51802 ns
[745.386s][info ][gc,start       ] GC(32) Pause Young (Allocation Failure)
[745.412s][debug][gc,phases      ] GC(32) Scavenge 25.832ms
[745.412s][debug][gc,ref         ] GC(32) Skipped phase 1 of Reference Processing: no references
[745.412s][debug][gc,ref         ] GC(32) ReferenceProcessor::execute queues: 1, RefProcThreadModel::Single, marks_oops_alive: false
[745.412s][debug][gc,ref         ] GC(32) Skipped phase 3 of Reference Processing: no references
[745.412s][debug][gc,ref         ] GC(32) ReferenceProcessor::execute queues: 1, RefProcThreadModel::Single, marks_oops_alive: false
[745.412s][debug][gc,phases      ] GC(32) Reference Processing 0.132ms
[745.412s][debug][gc,phases      ] GC(32)   VM Weak                        Min:  0.0, Avg:  0.0, Max:  0.0, Diff:  0.0, Sum:  0.0, Workers: 4
[745.412s][debug][gc,phases      ] GC(32)     Dead                           Min: 0, Avg:  0.0, Max: 0, Diff: 0, Sum: 0, Workers: 4
[745.412s][debug][gc,phases      ] GC(32)     Total                          Min: 0, Avg: 184.0, Max: 736, Diff: 736, Sum: 736, Workers: 4
[745.412s][debug][gc,phases      ] GC(32)   ObjectSynchronizer Weak        Min:  0.0, Avg:  0.0, Max:  0.0, Diff:  0.0, Sum:  0.0, Workers: 4
[745.412s][debug][gc,phases      ] GC(32)     Dead                           Min: 0, Avg:  0.0, Max: 0, Diff: 0, Sum: 0, Workers: 4
[745.412s][debug][gc,phases      ] GC(32)     Total                          Min: 0, Avg: 12.2, Max: 49, Diff: 49, Sum: 49, Workers: 4
[745.412s][debug][gc,phases      ] GC(32)   JVMTI Tag Weak OopStorage      Min:  0.0, Avg:  0.0, Max:  0.0, Diff:  0.0, Sum:  0.0, Workers: 4
[745.412s][debug][gc,phases      ] GC(32)     Dead                           Min: 0, Avg:  0.0, Max: 0, Diff: 0, Sum: 0, Workers: 4
[745.412s][debug][gc,phases      ] GC(32)     Total                          Min: 0, Avg:  0.0, Max: 0, Diff: 0, Sum: 0, Workers: 4
[745.412s][debug][gc,phases      ] GC(32)   StringTable Weak               Min:  0.0, Avg:  0.1, Max:  0.1, Diff:  0.1, Sum:  0.4, Workers: 4
[745.412s][debug][gc,phases      ] GC(32)     Dead                           Min: 0, Avg:  0.0, Max: 0, Diff: 0, Sum: 0, Workers: 4
[745.412s][debug][gc,phases      ] GC(32)     Total                          Min: 0, Avg: 10682.0, Max: 15168, Diff: 15168, Sum: 42728, Workers: 4
[745.412s][debug][gc,phases      ] GC(32)   ResolvedMethodTable Weak       Min:  0.0, Avg:  0.0, Max:  0.0, Diff:  0.0, Sum:  0.1, Workers: 4
[745.412s][debug][gc,phases      ] GC(32)     Dead                           Min: 0, Avg:  0.0, Max: 0, Diff: 0, Sum: 0, Workers: 4
[745.412s][debug][gc,phases      ] GC(32)     Total                          Min: 0, Avg: 2107.2, Max: 2925, Diff: 2925, Sum: 8429, Workers: 4
[745.412s][debug][gc,phases      ] GC(32)   JNI Weak                       Min:  0.0, Avg:  0.0, Max:  0.0, Diff:  0.0, Sum:  0.0, Workers: 4
[745.412s][debug][gc,phases      ] GC(32)     Dead                           Min: 0, Avg:  0.0, Max: 0, Diff: 0, Sum: 0, Workers: 4
[745.412s][debug][gc,phases      ] GC(32)     Total                          Min: 0, Avg: 11.2, Max: 45, Diff: 45, Sum: 45, Workers: 4
[745.412s][debug][gc,phases      ] GC(32)   StringDedup Table Weak         Min:  0.0, Avg:  0.0, Max:  0.0, Diff:  0.0, Sum:  0.0, Workers: 4
[745.412s][debug][gc,phases      ] GC(32)     Dead                           Min: 0, Avg:  0.0, Max: 0, Diff: 0, Sum: 0, Workers: 4
[745.412s][debug][gc,phases      ] GC(32)     Total                          Min: 0, Avg:  0.0, Max: 0, Diff: 0, Sum: 0, Workers: 4
[745.412s][debug][gc,phases      ] GC(32)   StringDedup Requests0 Weak     Min:  0.0, Avg:  0.0, Max:  0.0, Diff:  0.0, Sum:  0.0, Workers: 4
[745.412s][debug][gc,phases      ] GC(32)     Dead                           Min: 0, Avg:  0.0, Max: 0, Diff: 0, Sum: 0, Workers: 4
[745.412s][debug][gc,phases      ] GC(32)     Total                          Min: 0, Avg:  0.0, Max: 0, Diff: 0, Sum: 0, Workers: 4
[745.412s][debug][gc,phases      ] GC(32)   StringDedup Requests1 Weak     Min:  0.0, Avg:  0.0, Max:  0.0, Diff:  0.0, Sum:  0.0, Workers: 4
[745.412s][debug][gc,phases      ] GC(32)     Dead                           Min: 0, Avg:  0.0, Max: 0, Diff: 0, Sum: 0, Workers: 4
[745.412s][debug][gc,phases      ] GC(32)     Total                          Min: 0, Avg:  0.0, Max: 0, Diff: 0, Sum: 0, Workers: 4
[745.412s][debug][gc,phases      ] GC(32)   Weak JFR Old Object Samples    Min:  0.0, Avg:  0.0, Max:  0.0, Diff:  0.0, Sum:  0.0, Workers: 4
[745.412s][debug][gc,phases      ] GC(32)     Dead                           Min: 0, Avg:  0.0, Max: 0, Diff: 0, Sum: 0, Workers: 4
[745.412s][debug][gc,phases      ] GC(32)     Total                          Min: 0, Avg:  0.0, Max: 0, Diff: 0, Sum: 0, Workers: 4
[745.412s][debug][gc,phases      ] GC(32) Weak Processing 0.348ms
[745.412s][debug][gc,age         ] GC(32) Desired survivor size 372244480 bytes, new threshold 15 (max threshold 15)
[745.412s][info ][gc,heap        ] GC(32) PSYoungGen: 1418532K(1726464K)->62336K(1719808K) Eden: 1349120K(1349120K)->0K(1349120K) From: 69412K(377344K)->62336K(370688K)
[745.412s][info ][gc,heap        ] GC(32) ParOldGen: 241219K(282624K)->250815K(282624K)
[745.412s][info ][gc,metaspace   ] GC(32) Metaspace: 78812K(79744K)->78812K(79744K) NonClass: 67637K(68160K)->67637K(68160K) Class: 11175K(11584K)->11175K(11584K)
[745.412s][info ][gc             ] GC(32) Pause Young (Allocation Failure) 1620M->305M(1955M) 26.455ms
[745.412s][info ][gc,cpu         ] GC(32) User=0.08s Sys=0.00s Real=0.02s
[745.412s][debug][gc,phases      ] GC(33) Pre Compact 0.009ms
[745.412s][info ][gc,start       ] GC(33) Pause Full (Ergonomics)
[745.412s][info ][gc,phases,start] GC(33) Marking Phase
[745.507s][debug][gc,phases      ] GC(33) Par Mark 94.587ms
[745.507s][debug][gc,ref         ] GC(33) Skipped phase 1 of Reference Processing: no references
[745.507s][debug][gc,ref         ] GC(33) ReferenceProcessor::execute queues: 4, RefProcThreadModel::Multi, marks_oops_alive: false
[745.508s][debug][gc,ref         ] GC(33) Skipped phase 3 of Reference Processing: no references
[745.508s][debug][gc,ref         ] GC(33) ReferenceProcessor::execute queues: 1, RefProcThreadModel::Single, marks_oops_alive: false
[745.508s][debug][gc,phases      ] GC(33) Reference Processing 1.297ms
[745.509s][debug][gc,phases      ] GC(33)   VM Weak                        Min:  0.0, Avg:  0.0, Max:  0.0, Diff:  0.0, Sum:  0.0, Workers: 4
[745.509s][debug][gc,phases      ] GC(33)     Dead                           Min: 0, Avg:  0.0, Max: 0, Diff: 0, Sum: 0, Workers: 4
[745.509s][debug][gc,phases      ] GC(33)     Total                          Min: 0, Avg: 184.0, Max: 256, Diff: 256, Sum: 736, Workers: 4
[745.509s][debug][gc,phases      ] GC(33)   ObjectSynchronizer Weak        Min:  0.0, Avg:  0.0, Max:  0.0, Diff:  0.0, Sum:  0.0, Workers: 4
[745.509s][debug][gc,phases      ] GC(33)     Dead                           Min: 0, Avg:  0.0, Max: 0, Diff: 0, Sum: 0, Workers: 4
[745.509s][debug][gc,phases      ] GC(33)     Total                          Min: 0, Avg: 12.2, Max: 49, Diff: 49, Sum: 49, Workers: 4
[745.509s][debug][gc,phases      ] GC(33)   JVMTI Tag Weak OopStorage      Min:  0.0, Avg:  0.0, Max:  0.0, Diff:  0.0, Sum:  0.0, Workers: 4
[745.509s][debug][gc,phases      ] GC(33)     Dead                           Min: 0, Avg:  0.0, Max: 0, Diff: 0, Sum: 0, Workers: 4
[745.509s][debug][gc,phases      ] GC(33)     Total                          Min: 0, Avg:  0.0, Max: 0, Diff: 0, Sum: 0, Workers: 4
[745.509s][debug][gc,phases      ] GC(33)   StringTable Weak               Min:  0.0, Avg:  0.2, Max:  0.2, Diff:  0.2, Sum:  0.6, Workers: 4
[745.509s][debug][gc,phases      ] GC(33)     Dead                           Min: 0, Avg:  0.0, Max: 0, Diff: 0, Sum: 0, Workers: 4
[745.509s][debug][gc,phases      ] GC(33)     Total                          Min: 0, Avg: 10682.0, Max: 14336, Diff: 14336, Sum: 42728, Workers: 4
[745.509s][debug][gc,phases      ] GC(33)   ResolvedMethodTable Weak       Min:  0.0, Avg:  0.0, Max:  0.0, Diff:  0.0, Sum:  0.1, Workers: 4
[745.509s][debug][gc,phases      ] GC(33)     Dead                           Min: 0, Avg:  0.0, Max: 0, Diff: 0, Sum: 0, Workers: 4
[745.509s][debug][gc,phases      ] GC(33)     Total                          Min: 0, Avg: 2107.2, Max: 2944, Diff: 2944, Sum: 8429, Workers: 4
[745.509s][debug][gc,phases      ] GC(33)   JNI Weak                       Min:  0.0, Avg:  0.0, Max:  0.0, Diff:  0.0, Sum:  0.0, Workers: 4
[745.509s][debug][gc,phases      ] GC(33)     Dead                           Min: 0, Avg:  0.0, Max: 0, Diff: 0, Sum: 0, Workers: 4
[745.509s][debug][gc,phases      ] GC(33)     Total                          Min: 0, Avg: 11.2, Max: 45, Diff: 45, Sum: 45, Workers: 4
[745.509s][debug][gc,phases      ] GC(33)   StringDedup Table Weak         Min:  0.0, Avg:  0.0, Max:  0.0, Diff:  0.0, Sum:  0.0, Workers: 4
[745.509s][debug][gc,phases      ] GC(33)     Dead                           Min: 0, Avg:  0.0, Max: 0, Diff: 0, Sum: 0, Workers: 4
[745.509s][debug][gc,phases      ] GC(33)     Total                          Min: 0, Avg:  0.0, Max: 0, Diff: 0, Sum: 0, Workers: 4
[745.509s][debug][gc,phases      ] GC(33)   StringDedup Requests0 Weak     Min:  0.0, Avg:  0.0, Max:  0.0, Diff:  0.0, Sum:  0.0, Workers: 4
[745.509s][debug][gc,phases      ] GC(33)     Dead                           Min: 0, Avg:  0.0, Max: 0, Diff: 0, Sum: 0, Workers: 4
[745.509s][debug][gc,phases      ] GC(33)     Total                          Min: 0, Avg:  0.0, Max: 0, Diff: 0, Sum: 0, Workers: 4
[745.509s][debug][gc,phases      ] GC(33)   StringDedup Requests1 Weak     Min:  0.0, Avg:  0.0, Max:  0.0, Diff:  0.0, Sum:  0.0, Workers: 4
[745.509s][debug][gc,phases      ] GC(33)     Dead                           Min: 0, Avg:  0.0, Max: 0, Diff: 0, Sum: 0, Workers: 4
[745.509s][debug][gc,phases      ] GC(33)     Total                          Min: 0, Avg:  0.0, Max: 0, Diff: 0, Sum: 0, Workers: 4
[745.509s][debug][gc,phases      ] GC(33)   Weak JFR Old Object Samples    Min:  0.0, Avg:  0.0, Max:  0.0, Diff:  0.0, Sum:  0.0, Workers: 4
[745.509s][debug][gc,phases      ] GC(33)     Dead                           Min: 0, Avg:  0.0, Max: 0, Diff: 0, Sum: 0, Workers: 4
[745.509s][debug][gc,phases      ] GC(33)     Total                          Min: 0, Avg:  0.0, Max: 0, Diff: 0, Sum: 0, Workers: 4
[745.509s][debug][gc,phases      ] GC(33) Weak Processing 0.442ms
[745.509s][debug][gc,phases      ] GC(33) ClassLoaderData 0.099ms
[745.509s][debug][gc,phases      ] GC(33) Trigger cleanups 0.000ms
[745.526s][debug][gc,phases      ] GC(33) Class Unloading 17.515ms
[745.526s][info ][gc,phases      ] GC(33) Marking Phase 114.042ms
[745.526s][info ][gc,phases,start] GC(33) Summary Phase
[745.526s][info ][gc,phases      ] GC(33) Summary Phase 0.022ms
[745.526s][info ][gc,phases,start] GC(33) Adjust Roots
[745.540s][info ][gc,phases      ] GC(33) Adjust Roots 13.963ms
[745.540s][info ][gc,phases,start] GC(33) Compaction Phase
[745.733s][info ][gc,phases      ] GC(33) Compaction Phase 192.285ms
[745.733s][info ][gc,phases,start] GC(33) Post Compact
[745.734s][info ][gc,phases      ] GC(33) Post Compact 0.867ms
[745.734s][info ][gc,heap        ] GC(33) PSYoungGen: 62336K(1719808K)->16189K(1719808K) Eden: 0K(1349120K)->0K(1349120K) From: 62336K(370688K)->16189K(370688K)
[745.734s][info ][gc,heap        ] GC(33) ParOldGen: 250815K(282624K)->282419K(394240K)
[745.734s][info ][gc,metaspace   ] GC(33) Metaspace: 78812K(79744K)->78812K(79744K) NonClass: 67637K(68160K)->67637K(68160K) Class: 11175K(11584K)->11175K(11584K)
[745.734s][info ][gc             ] GC(33) Pause Full (Ergonomics) 305M->291M(2064M) 321.492ms
[745.734s][info ][gc,cpu         ] GC(33) User=1.08s Sys=0.00s Real=0.33s
[745.734s][info ][safepoint      ] Safepoint "ParallelGCFailedAllocation", Time since last: 2894375078 ns, Reaching safepoint: 31601 ns, At safepoint: 348069398 ns, Total: 348100999 ns
[753.734s][info ][safepoint      ] Safepoint "Cleanup", Time since last: 8000585967 ns, Reaching safepoint: 127805 ns, At safepoint: 6200 ns, Total: 134005 ns
[754.735s][info ][safepoint      ] Safepoint "Cleanup", Time since last: 1000116045 ns, Reaching safepoint: 124205 ns, At safepoint: 9100 ns, Total: 133305 ns
[757.735s][info ][safepoint      ] Safepoint "Cleanup", Time since last: 3000247832 ns, Reaching safepoint: 108203 ns, At safepoint: 8800 ns, Total: 117003 ns
[764.736s][info ][safepoint      ] Safepoint "Cleanup", Time since last: 7000594196 ns, Reaching safepoint: 115704 ns, At safepoint: 5900 ns, Total: 121604 ns
[765.736s][info ][safepoint      ] Safepoint "Cleanup", Time since last: 1000133142 ns, Reaching safepoint: 121304 ns, At safepoint: 7301 ns, Total: 128605 ns
[766.736s][info ][safepoint      ] Safepoint "Cleanup", Time since last: 1000113541 ns, Reaching safepoint: 112404 ns, At safepoint: 6900 ns, Total: 119304 ns
[770.737s][info ][safepoint      ] Safepoint "Cleanup", Time since last: 4000292757 ns, Reaching safepoint: 50102 ns, At safepoint: 4000 ns, Total: 54102 ns
[775.737s][info ][safepoint      ] Safepoint "Cleanup", Time since last: 5000375488 ns, Reaching safepoint: 105804 ns, At safepoint: 6300 ns, Total: 112104 ns
[780.737s][info ][safepoint      ] Safepoint "Cleanup", Time since last: 5000304678 ns, Reaching safepoint: 28301 ns, At safepoint: 2900 ns, Total: 31201 ns
[784.738s][info ][safepoint      ] Safepoint "Cleanup", Time since last: 4000334339 ns, Reaching safepoint: 63802 ns, At safepoint: 2400 ns, Total: 66202 ns
[786.738s][info ][safepoint      ] Safepoint "Cleanup", Time since last: 2000178468 ns, Reaching safepoint: 65402 ns, At safepoint: 28001 ns, Total: 93403 ns
[788.738s][info ][safepoint      ] Safepoint "Cleanup", Time since last: 2000170766 ns, Reaching safepoint: 42401 ns, At safepoint: 3401 ns, Total: 45802 ns
[792.739s][info ][safepoint      ] Safepoint "Cleanup", Time since last: 4000313727 ns, Reaching safepoint: 56702 ns, At safepoint: 2900 ns, Total: 59602 ns
[795.739s][info ][safepoint      ] Safepoint "Cleanup", Time since last: 3000232592 ns, Reaching safepoint: 43902 ns, At safepoint: 4200 ns, Total: 48102 ns
[798.739s][info ][safepoint      ] Safepoint "Cleanup", Time since last: 3000245289 ns, Reaching safepoint: 30501 ns, At safepoint: 2301 ns, Total: 32802 ns
[802.740s][info ][safepoint      ] Safepoint "Cleanup", Time since last: 4000307314 ns, Reaching safepoint: 48001 ns, At safepoint: 3200 ns, Total: 51201 ns
[804.740s][info ][safepoint      ] Safepoint "Cleanup", Time since last: 2000135455 ns, Reaching safepoint: 45101 ns, At safepoint: 4101 ns, Total: 49202 ns
[816.741s][info ][safepoint      ] Safepoint "Cleanup", Time since last: 12000821200 ns, Reaching safepoint: 36601 ns, At safepoint: 3901 ns, Total: 40502 ns
[821.741s][info ][safepoint      ] Safepoint "Cleanup", Time since last: 5000381213 ns, Reaching safepoint: 42501 ns, At safepoint: 2700 ns, Total: 45201 ns
[824.741s][info ][safepoint      ] Safepoint "Cleanup", Time since last: 3000244065 ns, Reaching safepoint: 45901 ns, At safepoint: 3400 ns, Total: 49301 ns
[826.742s][info ][safepoint      ] Safepoint "Cleanup", Time since last: 2000184342 ns, Reaching safepoint: 42102 ns, At safepoint: 3600 ns, Total: 45702 ns
[830.434s][info ][gc,start       ] GC(34) Pause Young (Allocation Failure)
[830.478s][debug][gc,phases      ] GC(34) Scavenge 43.403ms
[830.478s][debug][gc,ref         ] GC(34) Skipped phase 1 of Reference Processing: no references
[830.478s][debug][gc,ref         ] GC(34) ReferenceProcessor::execute queues: 1, RefProcThreadModel::Single, marks_oops_alive: false
[830.478s][debug][gc,ref         ] GC(34) Skipped phase 3 of Reference Processing: no references
[830.478s][debug][gc,ref         ] GC(34) Skipped phase 4 of Reference Processing: no references
[830.478s][debug][gc,phases      ] GC(34) Reference Processing 0.086ms
[830.478s][debug][gc,phases      ] GC(34)   VM Weak                        Min:  0.0, Avg:  0.0, Max:  0.0, Diff:  0.0, Sum:  0.0, Workers: 4
[830.478s][debug][gc,phases      ] GC(34)     Dead                           Min: 0, Avg:  0.0, Max: 0, Diff: 0, Sum: 0, Workers: 4
[830.478s][debug][gc,phases      ] GC(34)     Total                          Min: 0, Avg: 184.0, Max: 736, Diff: 736, Sum: 736, Workers: 4
[830.478s][debug][gc,phases      ] GC(34)   ObjectSynchronizer Weak        Min:  0.0, Avg:  0.0, Max:  0.0, Diff:  0.0, Sum:  0.0, Workers: 4
[830.478s][debug][gc,phases      ] GC(34)     Dead                           Min: 0, Avg:  0.0, Max: 0, Diff: 0, Sum: 0, Workers: 4
[830.478s][debug][gc,phases      ] GC(34)     Total                          Min: 0, Avg: 12.2, Max: 49, Diff: 49, Sum: 49, Workers: 4
[830.478s][debug][gc,phases      ] GC(34)   JVMTI Tag Weak OopStorage      Min:  0.0, Avg:  0.0, Max:  0.0, Diff:  0.0, Sum:  0.0, Workers: 4
[830.478s][debug][gc,phases      ] GC(34)     Dead                           Min: 0, Avg:  0.0, Max: 0, Diff: 0, Sum: 0, Workers: 4
[830.478s][debug][gc,phases      ] GC(34)     Total                          Min: 0, Avg:  0.0, Max: 0, Diff: 0, Sum: 0, Workers: 4
[830.478s][debug][gc,phases      ] GC(34)   StringTable Weak               Min:  0.1, Avg:  0.1, Max:  0.1, Diff:  0.0, Sum:  0.4, Workers: 4
[830.478s][debug][gc,phases      ] GC(34)     Dead                           Min: 0, Avg:  0.0, Max: 0, Diff: 0, Sum: 0, Workers: 4
[830.478s][debug][gc,phases      ] GC(34)     Total                          Min: 10176, Avg: 10682.2, Max: 11264, Diff: 1088, Sum: 42729, Workers: 4
[830.478s][debug][gc,phases      ] GC(34)   ResolvedMethodTable Weak       Min:  0.0, Avg:  0.0, Max:  0.0, Diff:  0.0, Sum:  0.1, Workers: 4
[830.478s][debug][gc,phases      ] GC(34)     Dead                           Min: 0, Avg:  0.0, Max: 0, Diff: 0, Sum: 0, Workers: 4
[830.478s][debug][gc,phases      ] GC(34)     Total                          Min: 1856, Avg: 2107.2, Max: 2432, Diff: 576, Sum: 8429, Workers: 4
[830.478s][debug][gc,phases      ] GC(34)   JNI Weak                       Min:  0.0, Avg:  0.0, Max:  0.0, Diff:  0.0, Sum:  0.0, Workers: 4
[830.478s][debug][gc,phases      ] GC(34)     Dead                           Min: 0, Avg:  0.0, Max: 0, Diff: 0, Sum: 0, Workers: 4
[830.478s][debug][gc,phases      ] GC(34)     Total                          Min: 0, Avg: 11.2, Max: 45, Diff: 45, Sum: 45, Workers: 4
[830.478s][debug][gc,phases      ] GC(34)   StringDedup Table Weak         Min:  0.0, Avg:  0.0, Max:  0.0, Diff:  0.0, Sum:  0.0, Workers: 4
[830.478s][debug][gc,phases      ] GC(34)     Dead                           Min: 0, Avg:  0.0, Max: 0, Diff: 0, Sum: 0, Workers: 4
[830.478s][debug][gc,phases      ] GC(34)     Total                          Min: 0, Avg:  0.0, Max: 0, Diff: 0, Sum: 0, Workers: 4
[830.478s][debug][gc,phases      ] GC(34)   StringDedup Requests0 Weak     Min:  0.0, Avg:  0.0, Max:  0.0, Diff:  0.0, Sum:  0.0, Workers: 4
[830.478s][debug][gc,phases      ] GC(34)     Dead                           Min: 0, Avg:  0.0, Max: 0, Diff: 0, Sum: 0, Workers: 4
[830.478s][debug][gc,phases      ] GC(34)     Total                          Min: 0, Avg:  0.0, Max: 0, Diff: 0, Sum: 0, Workers: 4
[830.478s][debug][gc,phases      ] GC(34)   StringDedup Requests1 Weak     Min:  0.0, Avg:  0.0, Max:  0.0, Diff:  0.0, Sum:  0.0, Workers: 4
[830.478s][debug][gc,phases      ] GC(34)     Dead                           Min: 0, Avg:  0.0, Max: 0, Diff: 0, Sum: 0, Workers: 4
[830.478s][debug][gc,phases      ] GC(34)     Total                          Min: 0, Avg:  0.0, Max: 0, Diff: 0, Sum: 0, Workers: 4
[830.478s][debug][gc,phases      ] GC(34)   Weak JFR Old Object Samples    Min:  0.0, Avg:  0.0, Max:  0.0, Diff:  0.0, Sum:  0.0, Workers: 4
[830.478s][debug][gc,phases      ] GC(34)     Dead                           Min: 0, Avg:  0.0, Max: 0, Diff: 0, Sum: 0, Workers: 4
[830.478s][debug][gc,phases      ] GC(34)     Total                          Min: 0, Avg:  0.0, Max: 0, Diff: 0, Sum: 0, Workers: 4
[830.478s][debug][gc,phases      ] GC(34) Weak Processing 0.295ms
[830.478s][debug][gc,age         ] GC(34) Desired survivor size 371195904 bytes, new threshold 15 (max threshold 15)
[830.478s][info ][gc,heap        ] GC(34) PSYoungGen: 1365309K(1719808K)->15552K(1734656K) Eden: 1349120K(1349120K)->0K(1371136K) From: 16189K(370688K)->15552K(363520K)
[830.478s][info ][gc,heap        ] GC(34) ParOldGen: 282419K(394240K)->285585K(394240K)
[830.478s][info ][gc,metaspace   ] GC(34) Metaspace: 78848K(79744K)->78848K(79744K) NonClass: 67672K(68160K)->67672K(68160K) Class: 11175K(11584K)->11175K(11584K)
[830.478s][info ][gc             ] GC(34) Pause Young (Allocation Failure) 1609M->294M(2079M) 43.913ms
[830.478s][info ][gc,cpu         ] GC(34) User=0.14s Sys=0.00s Real=0.04s
[830.478s][info ][safepoint      ] Safepoint "ParallelGCFailedAllocation", Time since last: 3692696615 ns, Reaching safepoint: 49101 ns, At safepoint: 43985739 ns, Total: 44034840 ns
[831.479s][info ][safepoint      ] Safepoint "Cleanup", Time since last: 1000097420 ns, Reaching safepoint: 50201 ns, At safepoint: 2601 ns, Total: 52802 ns
[834.479s][info ][safepoint      ] Safepoint "Cleanup", Time since last: 3000252755 ns, Reaching safepoint: 107904 ns, At safepoint: 8300 ns, Total: 116204 ns
[838.338s][info ][safepoint      ] Safepoint "Cleanup", Time since last: 3859060749 ns, Reaching safepoint: 51201 ns, At safepoint: 3300 ns, Total: 54501 ns
[839.437s][info ][safepoint      ] Safepoint "Cleanup", Time since last: 1098532338 ns, Reaching safepoint: 86003 ns, At safepoint: 3300 ns, Total: 89303 ns
[840.437s][info ][safepoint      ] Safepoint "Cleanup", Time since last: 1000117017 ns, Reaching safepoint: 64902 ns, At safepoint: 2500 ns, Total: 67402 ns
[844.437s][info ][safepoint      ] Safepoint "Cleanup", Time since last: 4000317063 ns, Reaching safepoint: 26500 ns, At safepoint: 2601 ns, Total: 29101 ns
[845.437s][info ][safepoint      ] Safepoint "Cleanup", Time since last: 1000115216 ns, Reaching safepoint: 42201 ns, At safepoint: 3500 ns, Total: 45701 ns
[846.437s][info ][safepoint      ] Safepoint "Cleanup", Time since last: 1000115616 ns, Reaching safepoint: 53902 ns, At safepoint: 3300 ns, Total: 57202 ns
[847.438s][info ][safepoint      ] Safepoint "Cleanup", Time since last: 1000114615 ns, Reaching safepoint: 53602 ns, At safepoint: 2400 ns, Total: 56002 ns
[850.438s][info ][safepoint      ] Safepoint "Cleanup", Time since last: 3000241641 ns, Reaching safepoint: 34501 ns, At safepoint: 2300 ns, Total: 36801 ns
[852.438s][info ][safepoint      ] Safepoint "Cleanup", Time since last: 2000155226 ns, Reaching safepoint: 51201 ns, At safepoint: 2700 ns, Total: 53901 ns
[864.439s][info ][safepoint      ] Safepoint "Cleanup", Time since last: 12000661621 ns, Reaching safepoint: 71302 ns, At safepoint: 3500 ns, Total: 74802 ns
[866.439s][info ][safepoint      ] Safepoint "Cleanup", Time since last: 2000182219 ns, Reaching safepoint: 41001 ns, At safepoint: 3900 ns, Total: 44901 ns
[867.439s][info ][safepoint      ] Safepoint "Cleanup", Time since last: 1000101709 ns, Reaching safepoint: 32801 ns, At safepoint: 3100 ns, Total: 35901 ns
[868.439s][info ][safepoint      ] Safepoint "Cleanup", Time since last: 1000096209 ns, Reaching safepoint: 46701 ns, At safepoint: 3301 ns, Total: 50002 ns
[873.440s][info ][safepoint      ] Safepoint "Cleanup", Time since last: 5000378335 ns, Reaching safepoint: 47102 ns, At safepoint: 4500 ns, Total: 51602 ns
[877.440s][info ][safepoint      ] Safepoint "Cleanup", Time since last: 4000277722 ns, Reaching safepoint: 27501 ns, At safepoint: 2900 ns, Total: 30401 ns
[880.440s][info ][safepoint      ] Safepoint "Cleanup", Time since last: 3000236315 ns, Reaching safepoint: 48002 ns, At safepoint: 7800 ns, Total: 55802 ns
[883.441s][info ][safepoint      ] Safepoint "Cleanup", Time since last: 3000639325 ns, Reaching safepoint: 53502 ns, At safepoint: 3000 ns, Total: 56502 ns
[890.442s][info ][safepoint      ] Safepoint "Cleanup", Time since last: 7000544419 ns, Reaching safepoint: 32101 ns, At safepoint: 2800 ns, Total: 34901 ns
[895.442s][info ][safepoint      ] Safepoint "Cleanup", Time since last: 5000424006 ns, Reaching safepoint: 63102 ns, At safepoint: 3101 ns, Total: 66203 ns
[901.443s][info ][safepoint      ] Safepoint "Cleanup", Time since last: 6000443296 ns, Reaching safepoint: 47402 ns, At safepoint: 3300 ns, Total: 50702 ns
[906.443s][info ][safepoint      ] Safepoint "Cleanup", Time since last: 5000360789 ns, Reaching safepoint: 46802 ns, At safepoint: 2900 ns, Total: 49702 ns
[909.443s][info ][safepoint      ] Safepoint "Cleanup", Time since last: 3000245491 ns, Reaching safepoint: 35401 ns, At safepoint: 3000 ns, Total: 38401 ns
[910.444s][info ][safepoint      ] Safepoint "Cleanup", Time since last: 1000099798 ns, Reaching safepoint: 50601 ns, At safepoint: 3500 ns, Total: 54101 ns
[916.444s][info ][safepoint      ] Safepoint "Cleanup", Time since last: 6000381771 ns, Reaching safepoint: 60302 ns, At safepoint: 2500 ns, Total: 62802 ns
[922.235s][info ][gc,start       ] GC(35) Pause Young (Allocation Failure)
[922.242s][debug][gc,phases      ] GC(35) Scavenge 6.501ms
[922.242s][debug][gc,ref         ] GC(35) Skipped phase 1 of Reference Processing: no references
[922.242s][debug][gc,ref         ] GC(35) ReferenceProcessor::execute queues: 1, RefProcThreadModel::Single, marks_oops_alive: false
[922.242s][debug][gc,ref         ] GC(35) Skipped phase 3 of Reference Processing: no references
[922.242s][debug][gc,ref         ] GC(35) ReferenceProcessor::execute queues: 1, RefProcThreadModel::Single, marks_oops_alive: false
[922.242s][debug][gc,phases      ] GC(35) Reference Processing 0.101ms
[922.242s][debug][gc,phases      ] GC(35)   VM Weak                        Min:  0.0, Avg:  0.0, Max:  0.0, Diff:  0.0, Sum:  0.0, Workers: 4
[922.242s][debug][gc,phases      ] GC(35)     Dead                           Min: 0, Avg:  0.0, Max: 0, Diff: 0, Sum: 0, Workers: 4
[922.242s][debug][gc,phases      ] GC(35)     Total                          Min: 0, Avg: 184.0, Max: 639, Diff: 639, Sum: 736, Workers: 4
[922.242s][debug][gc,phases      ] GC(35)   ObjectSynchronizer Weak        Min:  0.0, Avg:  0.0, Max:  0.0, Diff:  0.0, Sum:  0.0, Workers: 4
[922.242s][debug][gc,phases      ] GC(35)     Dead                           Min: 0, Avg:  0.0, Max: 0, Diff: 0, Sum: 0, Workers: 4
[922.242s][debug][gc,phases      ] GC(35)     Total                          Min: 0, Avg: 12.2, Max: 49, Diff: 49, Sum: 49, Workers: 4
[922.242s][debug][gc,phases      ] GC(35)   JVMTI Tag Weak OopStorage      Min:  0.0, Avg:  0.0, Max:  0.0, Diff:  0.0, Sum:  0.0, Workers: 4
[922.242s][debug][gc,phases      ] GC(35)     Dead                           Min: 0, Avg:  0.0, Max: 0, Diff: 0, Sum: 0, Workers: 4
[922.242s][debug][gc,phases      ] GC(35)     Total                          Min: 0, Avg:  0.0, Max: 0, Diff: 0, Sum: 0, Workers: 4
[922.242s][debug][gc,phases      ] GC(35)   StringTable Weak               Min:  0.0, Avg:  0.1, Max:  0.1, Diff:  0.1, Sum:  0.4, Workers: 4
[922.242s][debug][gc,phases      ] GC(35)     Dead                           Min: 0, Avg:  0.2, Max: 1, Diff: 1, Sum: 1, Workers: 4
[922.242s][debug][gc,phases      ] GC(35)     Total                          Min: 0, Avg: 10687.5, Max: 15615, Diff: 15615, Sum: 42750, Workers: 4
[922.242s][debug][gc,phases      ] GC(35)   ResolvedMethodTable Weak       Min:  0.0, Avg:  0.0, Max:  0.0, Diff:  0.0, Sum:  0.1, Workers: 4
[922.242s][debug][gc,phases      ] GC(35)     Dead                           Min: 0, Avg:  0.0, Max: 0, Diff: 0, Sum: 0, Workers: 4
[922.242s][debug][gc,phases      ] GC(35)     Total                          Min: 0, Avg: 2110.8, Max: 2944, Diff: 2944, Sum: 8443, Workers: 4
[922.242s][debug][gc,phases      ] GC(35)   JNI Weak                       Min:  0.0, Avg:  0.0, Max:  0.0, Diff:  0.0, Sum:  0.0, Workers: 4
[922.242s][debug][gc,phases      ] GC(35)     Dead                           Min: 0, Avg:  0.0, Max: 0, Diff: 0, Sum: 0, Workers: 4
[922.242s][debug][gc,phases      ] GC(35)     Total                          Min: 0, Avg: 11.2, Max: 45, Diff: 45, Sum: 45, Workers: 4
[922.242s][debug][gc,phases      ] GC(35)   StringDedup Table Weak         Min:  0.0, Avg:  0.0, Max:  0.0, Diff:  0.0, Sum:  0.0, Workers: 4
[922.242s][debug][gc,phases      ] GC(35)     Dead                           Min: 0, Avg:  0.0, Max: 0, Diff: 0, Sum: 0, Workers: 4
[922.242s][debug][gc,phases      ] GC(35)     Total                          Min: 0, Avg:  0.0, Max: 0, Diff: 0, Sum: 0, Workers: 4
[922.242s][debug][gc,phases      ] GC(35)   StringDedup Requests0 Weak     Min:  0.0, Avg:  0.0, Max:  0.0, Diff:  0.0, Sum:  0.0, Workers: 4
[922.242s][debug][gc,phases      ] GC(35)     Dead                           Min: 0, Avg:  0.0, Max: 0, Diff: 0, Sum: 0, Workers: 4
[922.242s][debug][gc,phases      ] GC(35)     Total                          Min: 0, Avg:  0.0, Max: 0, Diff: 0, Sum: 0, Workers: 4
[922.242s][debug][gc,phases      ] GC(35)   StringDedup Requests1 Weak     Min:  0.0, Avg:  0.0, Max:  0.0, Diff:  0.0, Sum:  0.0, Workers: 4
[922.242s][debug][gc,phases      ] GC(35)     Dead                           Min: 0, Avg:  0.0, Max: 0, Diff: 0, Sum: 0, Workers: 4
[922.242s][debug][gc,phases      ] GC(35)     Total                          Min: 0, Avg:  0.0, Max: 0, Diff: 0, Sum: 0, Workers: 4
[922.242s][debug][gc,phases      ] GC(35)   Weak JFR Old Object Samples    Min:  0.0, Avg:  0.0, Max:  0.0, Diff:  0.0, Sum:  0.0, Workers: 4
[922.242s][debug][gc,phases      ] GC(35)     Dead                           Min: 0, Avg:  0.0, Max: 0, Diff: 0, Sum: 0, Workers: 4
[922.242s][debug][gc,phases      ] GC(35)     Total                          Min: 0, Avg:  0.0, Max: 0, Diff: 0, Sum: 0, Workers: 4
[922.242s][debug][gc,phases      ] GC(35) Weak Processing 0.354ms
[922.242s][debug][gc,age         ] GC(35) Desired survivor size 367001600 bytes, new threshold 15 (max threshold 15)
[922.242s][info ][gc,heap        ] GC(35) PSYoungGen: 1386688K(1734656K)->15600K(1733632K) Eden: 1371136K(1371136K)->0K(1371136K) From: 15552K(363520K)->15600K(362496K)
[922.242s][info ][gc,heap        ] GC(35) ParOldGen: 285585K(394240K)->286590K(394240K)
[922.242s][info ][gc,metaspace   ] GC(35) Metaspace: 78940K(79808K)->78940K(79808K) NonClass: 67756K(68224K)->67756K(68224K) Class: 11184K(11584K)->11184K(11584K)
[922.242s][info ][gc             ] GC(35) Pause Young (Allocation Failure) 1633M->295M(2078M) 7.081ms
[922.242s][info ][gc,cpu         ] GC(35) User=0.03s Sys=0.00s Real=0.00s
[922.242s][info ][safepoint      ] Safepoint "ParallelGCFailedAllocation", Time since last: 5790917814 ns, Reaching safepoint: 43501 ns, At safepoint: 7151134 ns, Total: 7194635 ns
[926.242s][info ][safepoint      ] Safepoint "Cleanup", Time since last: 4000282270 ns, Reaching safepoint: 49402 ns, At safepoint: 14600 ns, Total: 64002 ns
[933.243s][info ][safepoint      ] Safepoint "Cleanup", Time since last: 7000530839 ns, Reaching safepoint: 53902 ns, At safepoint: 4800 ns, Total: 58702 ns
[934.243s][info ][safepoint      ] Safepoint "Cleanup", Time since last: 1000123692 ns, Reaching safepoint: 50401 ns, At safepoint: 7401 ns, Total: 57802 ns
[935.243s][info ][safepoint      ] Safepoint "Cleanup", Time since last: 1000126691 ns, Reaching safepoint: 46602 ns, At safepoint: 3300 ns, Total: 49902 ns
[940.244s][info ][safepoint      ] Safepoint "Cleanup", Time since last: 5000348945 ns, Reaching safepoint: 43702 ns, At safepoint: 36601 ns, Total: 80303 ns
[942.244s][info ][safepoint      ] Safepoint "Cleanup", Time since last: 2000173078 ns, Reaching safepoint: 50801 ns, At safepoint: 2900 ns, Total: 53701 ns
[944.244s][info ][safepoint      ] Safepoint "Cleanup", Time since last: 2000171877 ns, Reaching safepoint: 43501 ns, At safepoint: 2900 ns, Total: 46401 ns
[945.244s][info ][safepoint      ] Safepoint "Cleanup", Time since last: 1000107189 ns, Reaching safepoint: 56902 ns, At safepoint: 6100 ns, Total: 63002 ns
[947.245s][info ][safepoint      ] Safepoint "Cleanup", Time since last: 2000170075 ns, Reaching safepoint: 47401 ns, At safepoint: 12901 ns, Total: 60302 ns
[952.245s][info ][safepoint      ] Safepoint "Cleanup", Time since last: 5000371731 ns, Reaching safepoint: 59102 ns, At safepoint: 2900 ns, Total: 62002 ns
[954.245s][info ][safepoint      ] Safepoint "Cleanup", Time since last: 2000151971 ns, Reaching safepoint: 42701 ns, At safepoint: 3101 ns, Total: 45802 ns
[955.245s][info ][safepoint      ] Safepoint "Cleanup", Time since last: 1000105786 ns, Reaching safepoint: 49201 ns, At safepoint: 3500 ns, Total: 52701 ns
[958.246s][info ][safepoint      ] Safepoint "Cleanup", Time since last: 3000244155 ns, Reaching safepoint: 46301 ns, At safepoint: 2500 ns, Total: 48801 ns
[959.246s][info ][safepoint      ] Safepoint "Cleanup", Time since last: 1000107286 ns, Reaching safepoint: 61502 ns, At safepoint: 5900 ns, Total: 67402 ns
[960.246s][info ][safepoint      ] Safepoint "Cleanup", Time since last: 1000121585 ns, Reaching safepoint: 44202 ns, At safepoint: 3200 ns, Total: 47402 ns
[961.246s][info ][safepoint      ] Safepoint "Cleanup", Time since last: 1000124685 ns, Reaching safepoint: 39101 ns, At safepoint: 2900 ns, Total: 42001 ns
[964.246s][info ][safepoint      ] Safepoint "Cleanup", Time since last: 3000145647 ns, Reaching safepoint: 51102 ns, At safepoint: 2300 ns, Total: 53402 ns
[966.247s][info ][safepoint      ] Safepoint "Cleanup", Time since last: 2000162665 ns, Reaching safepoint: 50602 ns, At safepoint: 3400 ns, Total: 54002 ns
[970.247s][info ][safepoint      ] Safepoint "Cleanup", Time since last: 4000204624 ns, Reaching safepoint: 46502 ns, At safepoint: 3700 ns, Total: 50202 ns
[975.247s][info ][safepoint      ] Safepoint "Cleanup", Time since last: 5000365604 ns, Reaching safepoint: 45501 ns, At safepoint: 2700 ns, Total: 48201 ns
[977.248s][info ][safepoint      ] Safepoint "Cleanup", Time since last: 2000177261 ns, Reaching safepoint: 113304 ns, At safepoint: 9000 ns, Total: 122304 ns
[978.248s][info ][safepoint      ] Safepoint "Cleanup", Time since last: 1000116781 ns, Reaching safepoint: 48402 ns, At safepoint: 5800 ns, Total: 54202 ns
[979.248s][info ][safepoint      ] Safepoint "Cleanup", Time since last: 1000110281 ns, Reaching safepoint: 49701 ns, At safepoint: 2400 ns, Total: 52101 ns
[980.248s][info ][safepoint      ] Safepoint "Cleanup", Time since last: 1000127781 ns, Reaching safepoint: 48202 ns, At safepoint: 3600 ns, Total: 51802 ns
[981.248s][info ][safepoint      ] Safepoint "Cleanup", Time since last: 1000107680 ns, Reaching safepoint: 47301 ns, At safepoint: 2600 ns, Total: 49901 ns
[982.248s][info ][safepoint      ] Safepoint "Cleanup", Time since last: 1000121381 ns, Reaching safepoint: 44201 ns, At safepoint: 2300 ns, Total: 46501 ns
[983.249s][info ][safepoint      ] Safepoint "Cleanup", Time since last: 1000104380 ns, Reaching safepoint: 43301 ns, At safepoint: 2700 ns, Total: 46001 ns
[984.249s][info ][safepoint      ] Safepoint "Cleanup", Time since last: 1000066878 ns, Reaching safepoint: 35701 ns, At safepoint: 3300 ns, Total: 39001 ns
[986.249s][info ][safepoint      ] Safepoint "Cleanup", Time since last: 2000173357 ns, Reaching safepoint: 115904 ns, At safepoint: 20700 ns, Total: 136604 ns
[986.384s][info ][gc,start       ] GC(36) Pause Young (Allocation Failure)
[986.398s][debug][gc,phases      ] GC(36) Scavenge 13.550ms
[986.398s][debug][gc,ref         ] GC(36) Skipped phase 1 of Reference Processing: no references
[986.398s][debug][gc,ref         ] GC(36) ReferenceProcessor::execute queues: 1, RefProcThreadModel::Single, marks_oops_alive: false
[986.398s][debug][gc,ref         ] GC(36) Skipped phase 3 of Reference Processing: no references
[986.398s][debug][gc,ref         ] GC(36) ReferenceProcessor::execute queues: 1, RefProcThreadModel::Single, marks_oops_alive: false
[986.398s][debug][gc,phases      ] GC(36) Reference Processing 0.112ms
[986.398s][debug][gc,phases      ] GC(36)   VM Weak                        Min:  0.0, Avg:  0.0, Max:  0.0, Diff:  0.0, Sum:  0.0, Workers: 4
[986.398s][debug][gc,phases      ] GC(36)     Dead                           Min: 0, Avg:  0.0, Max: 0, Diff: 0, Sum: 0, Workers: 4
[986.398s][debug][gc,phases      ] GC(36)     Total                          Min: 0, Avg: 184.0, Max: 639, Diff: 639, Sum: 736, Workers: 4
[986.398s][debug][gc,phases      ] GC(36)   ObjectSynchronizer Weak        Min:  0.0, Avg:  0.0, Max:  0.0, Diff:  0.0, Sum:  0.0, Workers: 4
[986.398s][debug][gc,phases      ] GC(36)     Dead                           Min: 0, Avg:  0.0, Max: 0, Diff: 0, Sum: 0, Workers: 4
[986.398s][debug][gc,phases      ] GC(36)     Total                          Min: 0, Avg: 12.2, Max: 49, Diff: 49, Sum: 49, Workers: 4
[986.398s][debug][gc,phases      ] GC(36)   JVMTI Tag Weak OopStorage      Min:  0.0, Avg:  0.0, Max:  0.0, Diff:  0.0, Sum:  0.0, Workers: 4
[986.398s][debug][gc,phases      ] GC(36)     Dead                           Min: 0, Avg:  0.0, Max: 0, Diff: 0, Sum: 0, Workers: 4
[986.398s][debug][gc,phases      ] GC(36)     Total                          Min: 0, Avg:  0.0, Max: 0, Diff: 0, Sum: 0, Workers: 4
[986.398s][debug][gc,phases      ] GC(36)   StringTable Weak               Min:  0.1, Avg:  0.1, Max:  0.1, Diff:  0.0, Sum:  0.4, Workers: 4
[986.398s][debug][gc,phases      ] GC(36)     Dead                           Min: 0, Avg:  0.0, Max: 0, Diff: 0, Sum: 0, Workers: 4
[986.398s][debug][gc,phases      ] GC(36)     Total                          Min: 8960, Avg: 10691.5, Max: 12224, Diff: 3264, Sum: 42766, Workers: 4
[986.398s][debug][gc,phases      ] GC(36)   ResolvedMethodTable Weak       Min:  0.0, Avg:  0.0, Max:  0.0, Diff:  0.0, Sum:  0.1, Workers: 4
[986.398s][debug][gc,phases      ] GC(36)     Dead                           Min: 0, Avg:  0.0, Max: 0, Diff: 0, Sum: 0, Workers: 4
[986.398s][debug][gc,phases      ] GC(36)     Total                          Min: 1856, Avg: 2112.8, Max: 2432, Diff: 576, Sum: 8451, Workers: 4
[986.398s][debug][gc,phases      ] GC(36)   JNI Weak                       Min:  0.0, Avg:  0.0, Max:  0.0, Diff:  0.0, Sum:  0.0, Workers: 4
[986.398s][debug][gc,phases      ] GC(36)     Dead                           Min: 0, Avg:  0.0, Max: 0, Diff: 0, Sum: 0, Workers: 4
[986.398s][debug][gc,phases      ] GC(36)     Total                          Min: 0, Avg: 11.2, Max: 45, Diff: 45, Sum: 45, Workers: 4
[986.398s][debug][gc,phases      ] GC(36)   StringDedup Table Weak         Min:  0.0, Avg:  0.0, Max:  0.0, Diff:  0.0, Sum:  0.0, Workers: 4
[986.398s][debug][gc,phases      ] GC(36)     Dead                           Min: 0, Avg:  0.0, Max: 0, Diff: 0, Sum: 0, Workers: 4
[986.398s][debug][gc,phases      ] GC(36)     Total                          Min: 0, Avg:  0.0, Max: 0, Diff: 0, Sum: 0, Workers: 4
[986.398s][debug][gc,phases      ] GC(36)   StringDedup Requests0 Weak     Min:  0.0, Avg:  0.0, Max:  0.0, Diff:  0.0, Sum:  0.0, Workers: 4
[986.398s][debug][gc,phases      ] GC(36)     Dead                           Min: 0, Avg:  0.0, Max: 0, Diff: 0, Sum: 0, Workers: 4
[986.398s][debug][gc,phases      ] GC(36)     Total                          Min: 0, Avg:  0.0, Max: 0, Diff: 0, Sum: 0, Workers: 4
[986.398s][debug][gc,phases      ] GC(36)   StringDedup Requests1 Weak     Min:  0.0, Avg:  0.0, Max:  0.0, Diff:  0.0, Sum:  0.0, Workers: 4
[986.398s][debug][gc,phases      ] GC(36)     Dead                           Min: 0, Avg:  0.0, Max: 0, Diff: 0, Sum: 0, Workers: 4
[986.398s][debug][gc,phases      ] GC(36)     Total                          Min: 0, Avg:  0.0, Max: 0, Diff: 0, Sum: 0, Workers: 4
[986.398s][debug][gc,phases      ] GC(36)   Weak JFR Old Object Samples    Min:  0.0, Avg:  0.0, Max:  0.0, Diff:  0.0, Sum:  0.0, Workers: 4
[986.398s][debug][gc,phases      ] GC(36)     Dead                           Min: 0, Avg:  0.0, Max: 0, Diff: 0, Sum: 0, Workers: 4
[986.398s][debug][gc,phases      ] GC(36)     Total                          Min: 0, Avg:  0.0, Max: 0, Diff: 0, Sum: 0, Workers: 4
[986.398s][debug][gc,phases      ] GC(36) Weak Processing 0.305ms
[986.398s][debug][gc,age         ] GC(36) Desired survivor size 358612992 bytes, new threshold 15 (max threshold 15)
[986.398s][info ][gc,heap        ] GC(36) PSYoungGen: 1386736K(1733632K)->22432K(1746944K) Eden: 1371136K(1371136K)->0K(1388544K) From: 15600K(362496K)->22432K(358400K)
[986.398s][info ][gc,heap        ] GC(36) ParOldGen: 286590K(394240K)->287647K(394240K)
[986.398s][info ][gc,metaspace   ] GC(36) Metaspace: 79029K(79936K)->79029K(79936K) NonClass: 67839K(68352K)->67839K(68352K) Class: 11190K(11584K)->11190K(11584K)
[986.398s][info ][gc             ] GC(36) Pause Young (Allocation Failure) 1634M->302M(2091M) 14.100ms
[986.398s][info ][gc,cpu         ] GC(36) User=0.04s Sys=0.00s Real=0.02s
[986.399s][info ][safepoint      ] Safepoint "ParallelGCFailedAllocation", Time since last: 135201018 ns, Reaching safepoint: 108304 ns, At safepoint: 14183063 ns, Total: 14291367 ns
[987.399s][info ][safepoint      ] Safepoint "Cleanup", Time since last: 1000044677 ns, Reaching safepoint: 42301 ns, At safepoint: 2700 ns, Total: 45001 ns
[989.399s][info ][safepoint      ] Safepoint "Cleanup", Time since last: 2000203556 ns, Reaching safepoint: 137905 ns, At safepoint: 21801 ns, Total: 159706 ns
[990.399s][info ][safepoint      ] Safepoint "Cleanup", Time since last: 1000111578 ns, Reaching safepoint: 51601 ns, At safepoint: 2300 ns, Total: 53901 ns
[991.399s][info ][safepoint      ] Safepoint "Cleanup", Time since last: 1000149879 ns, Reaching safepoint: 48902 ns, At safepoint: 3800 ns, Total: 52702 ns
[992.409s][info ][gc,start       ] GC(37) Pause Young (Allocation Failure)
[992.428s][debug][gc,phases      ] GC(37) Scavenge 18.066ms
[992.428s][debug][gc,ref         ] GC(37) Skipped phase 1 of Reference Processing: no references
[992.428s][debug][gc,ref         ] GC(37) ReferenceProcessor::execute queues: 1, RefProcThreadModel::Single, marks_oops_alive: false
[992.428s][debug][gc,ref         ] GC(37) Skipped phase 3 of Reference Processing: no references
[992.428s][debug][gc,ref         ] GC(37) ReferenceProcessor::execute queues: 1, RefProcThreadModel::Single, marks_oops_alive: false
[992.428s][debug][gc,phases      ] GC(37) Reference Processing 0.112ms
[992.428s][debug][gc,phases      ] GC(37)   VM Weak                        Min:  0.0, Avg:  0.0, Max:  0.0, Diff:  0.0, Sum:  0.0, Workers: 4
[992.428s][debug][gc,phases      ] GC(37)     Dead                           Min: 0, Avg:  0.0, Max: 0, Diff: 0, Sum: 0, Workers: 4
[992.428s][debug][gc,phases      ] GC(37)     Total                          Min: 0, Avg: 184.0, Max: 481, Diff: 481, Sum: 736, Workers: 4
[992.428s][debug][gc,phases      ] GC(37)   ObjectSynchronizer Weak        Min:  0.0, Avg:  0.0, Max:  0.0, Diff:  0.0, Sum:  0.0, Workers: 4
[992.428s][debug][gc,phases      ] GC(37)     Dead                           Min: 0, Avg:  0.0, Max: 0, Diff: 0, Sum: 0, Workers: 4
[992.428s][debug][gc,phases      ] GC(37)     Total                          Min: 0, Avg: 12.2, Max: 49, Diff: 49, Sum: 49, Workers: 4
[992.428s][debug][gc,phases      ] GC(37)   JVMTI Tag Weak OopStorage      Min:  0.0, Avg:  0.0, Max:  0.0, Diff:  0.0, Sum:  0.0, Workers: 4
[992.428s][debug][gc,phases      ] GC(37)     Dead                           Min: 0, Avg:  0.0, Max: 0, Diff: 0, Sum: 0, Workers: 4
[992.428s][debug][gc,phases      ] GC(37)     Total                          Min: 0, Avg:  0.0, Max: 0, Diff: 0, Sum: 0, Workers: 4
[992.428s][debug][gc,phases      ] GC(37)   StringTable Weak               Min:  0.0, Avg:  0.1, Max:  0.1, Diff:  0.1, Sum:  0.4, Workers: 4
[992.428s][debug][gc,phases      ] GC(37)     Dead                           Min: 0, Avg:  0.0, Max: 0, Diff: 0, Sum: 0, Workers: 4
[992.428s][debug][gc,phases      ] GC(37)     Total                          Min: 0, Avg: 10692.0, Max: 15104, Diff: 15104, Sum: 42768, Workers: 4
[992.428s][debug][gc,phases      ] GC(37)   ResolvedMethodTable Weak       Min:  0.0, Avg:  0.0, Max:  0.0, Diff:  0.0, Sum:  0.1, Workers: 4
[992.428s][debug][gc,phases      ] GC(37)     Dead                           Min: 0, Avg:  0.0, Max: 0, Diff: 0, Sum: 0, Workers: 4
[992.428s][debug][gc,phases      ] GC(37)     Total                          Min: 0, Avg: 2113.0, Max: 3012, Diff: 3012, Sum: 8452, Workers: 4
[992.428s][debug][gc,phases      ] GC(37)   JNI Weak                       Min:  0.0, Avg:  0.0, Max:  0.0, Diff:  0.0, Sum:  0.0, Workers: 4
[992.428s][debug][gc,phases      ] GC(37)     Dead                           Min: 0, Avg:  0.0, Max: 0, Diff: 0, Sum: 0, Workers: 4
[992.428s][debug][gc,phases      ] GC(37)     Total                          Min: 0, Avg: 11.2, Max: 45, Diff: 45, Sum: 45, Workers: 4
[992.428s][debug][gc,phases      ] GC(37)   StringDedup Table Weak         Min:  0.0, Avg:  0.0, Max:  0.0, Diff:  0.0, Sum:  0.0, Workers: 4
[992.428s][debug][gc,phases      ] GC(37)     Dead                           Min: 0, Avg:  0.0, Max: 0, Diff: 0, Sum: 0, Workers: 4
[992.428s][debug][gc,phases      ] GC(37)     Total                          Min: 0, Avg:  0.0, Max: 0, Diff: 0, Sum: 0, Workers: 4
[992.428s][debug][gc,phases      ] GC(37)   StringDedup Requests0 Weak     Min:  0.0, Avg:  0.0, Max:  0.0, Diff:  0.0, Sum:  0.0, Workers: 4
[992.428s][debug][gc,phases      ] GC(37)     Dead                           Min: 0, Avg:  0.0, Max: 0, Diff: 0, Sum: 0, Workers: 4
[992.428s][debug][gc,phases      ] GC(37)     Total                          Min: 0, Avg:  0.0, Max: 0, Diff: 0, Sum: 0, Workers: 4
[992.428s][debug][gc,phases      ] GC(37)   StringDedup Requests1 Weak     Min:  0.0, Avg:  0.0, Max:  0.0, Diff:  0.0, Sum:  0.0, Workers: 4
[992.428s][debug][gc,phases      ] GC(37)     Dead                           Min: 0, Avg:  0.0, Max: 0, Diff: 0, Sum: 0, Workers: 4
[992.428s][debug][gc,phases      ] GC(37)     Total                          Min: 0, Avg:  0.0, Max: 0, Diff: 0, Sum: 0, Workers: 4
[992.428s][debug][gc,phases      ] GC(37)   Weak JFR Old Object Samples    Min:  0.0, Avg:  0.0, Max:  0.0, Diff:  0.0, Sum:  0.0, Workers: 4
[992.428s][debug][gc,phases      ] GC(37)     Dead                           Min: 0, Avg:  0.0, Max: 0, Diff: 0, Sum: 0, Workers: 4
[992.428s][debug][gc,phases      ] GC(37)     Total                          Min: 0, Avg:  0.0, Max: 0, Diff: 0, Sum: 0, Workers: 4
[992.428s][debug][gc,phases      ] GC(37) Weak Processing 0.359ms
[992.428s][debug][gc,age         ] GC(37) Desired survivor size 346554368 bytes, new threshold 15 (max threshold 15)
[992.428s][info ][gc,heap        ] GC(37) PSYoungGen: 1410976K(1746944K)->36352K(1738752K) Eden: 1388544K(1388544K)->0K(1388544K) From: 22432K(358400K)->36352K(350208K)
[992.428s][info ][gc,heap        ] GC(37) ParOldGen: 287647K(394240K)->289528K(394240K)
[992.428s][info ][gc,metaspace   ] GC(37) Metaspace: 79068K(79936K)->79068K(79936K) NonClass: 67877K(68352K)->67877K(68352K) Class: 11190K(11584K)->11190K(11584K)
[992.428s][info ][gc             ] GC(37) Pause Young (Allocation Failure) 1658M->318M(2083M) 18.671ms
[992.428s][info ][gc,cpu         ] GC(37) User=0.06s Sys=0.00s Real=0.02s
[992.428s][info ][safepoint      ] Safepoint "ParallelGCFailedAllocation", Time since last: 1009908598 ns, Reaching safepoint: 148605 ns, At safepoint: 18758013 ns, Total: 18906618 ns
[993.428s][info ][safepoint      ] Safepoint "Cleanup", Time since last: 1000088876 ns, Reaching safepoint: 86903 ns, At safepoint: 3000 ns, Total: 89903 ns
[994.429s][info ][safepoint      ] Safepoint "Cleanup", Time since last: 1000114377 ns, Reaching safepoint: 49902 ns, At safepoint: 3800 ns, Total: 53702 ns
[995.429s][info ][safepoint      ] Safepoint "Cleanup", Time since last: 1000114577 ns, Reaching safepoint: 128304 ns, At safepoint: 11501 ns, Total: 139805 ns
[996.429s][info ][safepoint      ] Safepoint "Cleanup", Time since last: 1000118277 ns, Reaching safepoint: 75302 ns, At safepoint: 2800 ns, Total: 78102 ns
[997.701s][info ][safepoint      ] Safepoint "Cleanup", Time since last: 1271881856 ns, Reaching safepoint: 56902 ns, At safepoint: 2200 ns, Total: 59102 ns
[1000.701s][info ][safepoint      ] Safepoint "Cleanup", Time since last: 3000235625 ns, Reaching safepoint: 51702 ns, At safepoint: 3400 ns, Total: 55102 ns
[1003.701s][info ][safepoint      ] Safepoint "Cleanup", Time since last: 3000244523 ns, Reaching safepoint: 50101 ns, At safepoint: 2400 ns, Total: 52501 ns
[1004.513s][info ][gc,start       ] GC(38) Pause Young (Allocation Failure)
[1004.533s][debug][gc,phases      ] GC(38) Scavenge 19.358ms
[1004.533s][debug][gc,ref         ] GC(38) Skipped phase 1 of Reference Processing: no references
[1004.533s][debug][gc,ref         ] GC(38) ReferenceProcessor::execute queues: 1, RefProcThreadModel::Single, marks_oops_alive: false
[1004.533s][debug][gc,ref         ] GC(38) Skipped phase 3 of Reference Processing: no references
[1004.533s][debug][gc,ref         ] GC(38) ReferenceProcessor::execute queues: 1, RefProcThreadModel::Single, marks_oops_alive: false
[1004.533s][debug][gc,phases      ] GC(38) Reference Processing 0.126ms
[1004.533s][debug][gc,phases      ] GC(38)   VM Weak                        Min:  0.0, Avg:  0.0, Max:  0.0, Diff:  0.0, Sum:  0.0, Workers: 4
[1004.533s][debug][gc,phases      ] GC(38)     Dead                           Min: 0, Avg:  0.0, Max: 0, Diff: 0, Sum: 0, Workers: 4
[1004.533s][debug][gc,phases      ] GC(38)     Total                          Min: 0, Avg: 184.0, Max: 703, Diff: 703, Sum: 736, Workers: 4
[1004.533s][debug][gc,phases      ] GC(38)   ObjectSynchronizer Weak        Min:  0.0, Avg:  0.0, Max:  0.0, Diff:  0.0, Sum:  0.0, Workers: 4
[1004.533s][debug][gc,phases      ] GC(38)     Dead                           Min: 0, Avg:  0.0, Max: 0, Diff: 0, Sum: 0, Workers: 4
[1004.533s][debug][gc,phases      ] GC(38)     Total                          Min: 0, Avg: 12.2, Max: 49, Diff: 49, Sum: 49, Workers: 4
[1004.533s][debug][gc,phases      ] GC(38)   JVMTI Tag Weak OopStorage      Min:  0.0, Avg:  0.0, Max:  0.0, Diff:  0.0, Sum:  0.0, Workers: 4
[1004.533s][debug][gc,phases      ] GC(38)     Dead                           Min: 0, Avg:  0.0, Max: 0, Diff: 0, Sum: 0, Workers: 4
[1004.533s][debug][gc,phases      ] GC(38)     Total                          Min: 0, Avg:  0.0, Max: 0, Diff: 0, Sum: 0, Workers: 4
[1004.533s][debug][gc,phases      ] GC(38)   StringTable Weak               Min:  0.0, Avg:  0.1, Max:  0.1, Diff:  0.1, Sum:  0.4, Workers: 4
[1004.533s][debug][gc,phases      ] GC(38)     Dead                           Min: 0, Avg:  0.0, Max: 0, Diff: 0, Sum: 0, Workers: 4
[1004.533s][debug][gc,phases      ] GC(38)     Total                          Min: 0, Avg: 10693.2, Max: 15957, Diff: 15957, Sum: 42773, Workers: 4
[1004.533s][debug][gc,phases      ] GC(38)   ResolvedMethodTable Weak       Min:  0.0, Avg:  0.0, Max:  0.0, Diff:  0.0, Sum:  0.1, Workers: 4
[1004.533s][debug][gc,phases      ] GC(38)     Dead                           Min: 0, Avg:  0.0, Max: 0, Diff: 0, Sum: 0, Workers: 4
[1004.533s][debug][gc,phases      ] GC(38)     Total                          Min: 0, Avg: 2113.2, Max: 2949, Diff: 2949, Sum: 8453, Workers: 4
[1004.533s][debug][gc,phases      ] GC(38)   JNI Weak                       Min:  0.0, Avg:  0.0, Max:  0.0, Diff:  0.0, Sum:  0.0, Workers: 4
[1004.533s][debug][gc,phases      ] GC(38)     Dead                           Min: 0, Avg:  0.0, Max: 0, Diff: 0, Sum: 0, Workers: 4
[1004.533s][debug][gc,phases      ] GC(38)     Total                          Min: 0, Avg: 11.2, Max: 45, Diff: 45, Sum: 45, Workers: 4
[1004.533s][debug][gc,phases      ] GC(38)   StringDedup Table Weak         Min:  0.0, Avg:  0.0, Max:  0.0, Diff:  0.0, Sum:  0.0, Workers: 4
[1004.533s][debug][gc,phases      ] GC(38)     Dead                           Min: 0, Avg:  0.0, Max: 0, Diff: 0, Sum: 0, Workers: 4
[1004.533s][debug][gc,phases      ] GC(38)     Total                          Min: 0, Avg:  0.0, Max: 0, Diff: 0, Sum: 0, Workers: 4
[1004.533s][debug][gc,phases      ] GC(38)   StringDedup Requests0 Weak     Min:  0.0, Avg:  0.0, Max:  0.0, Diff:  0.0, Sum:  0.0, Workers: 4
[1004.533s][debug][gc,phases      ] GC(38)     Dead                           Min: 0, Avg:  0.0, Max: 0, Diff: 0, Sum: 0, Workers: 4
[1004.533s][debug][gc,phases      ] GC(38)     Total                          Min: 0, Avg:  0.0, Max: 0, Diff: 0, Sum: 0, Workers: 4
[1004.533s][debug][gc,phases      ] GC(38)   StringDedup Requests1 Weak     Min:  0.0, Avg:  0.0, Max:  0.0, Diff:  0.0, Sum:  0.0, Workers: 4
[1004.533s][debug][gc,phases      ] GC(38)     Dead                           Min: 0, Avg:  0.0, Max: 0, Diff: 0, Sum: 0, Workers: 4
[1004.533s][debug][gc,phases      ] GC(38)     Total                          Min: 0, Avg:  0.0, Max: 0, Diff: 0, Sum: 0, Workers: 4
[1004.533s][debug][gc,phases      ] GC(38)   Weak JFR Old Object Samples    Min:  0.0, Avg:  0.0, Max:  0.0, Diff:  0.0, Sum:  0.0, Workers: 4
[1004.533s][debug][gc,phases      ] GC(38)     Dead                           Min: 0, Avg:  0.0, Max: 0, Diff: 0, Sum: 0, Workers: 4
[1004.533s][debug][gc,phases      ] GC(38)     Total                          Min: 0, Avg:  0.0, Max: 0, Diff: 0, Sum: 0, Workers: 4
[1004.533s][debug][gc,phases      ] GC(38) Weak Processing 0.369ms
[1004.533s][debug][gc,age         ] GC(38) Desired survivor size 331874304 bytes, new threshold 15 (max threshold 15)
[1004.533s][info ][gc,heap        ] GC(38) PSYoungGen: 1424896K(1738752K)->43363K(1773056K) Eden: 1388544K(1388544K)->0K(1434624K) From: 36352K(350208K)->43363K(338432K)
[1004.533s][info ][gc,heap        ] GC(38) ParOldGen: 289528K(394240K)->291964K(394240K)
[1004.533s][info ][gc,metaspace   ] GC(38) Metaspace: 79091K(80000K)->79091K(80000K) NonClass: 67900K(68416K)->67900K(68416K) Class: 11191K(11584K)->11191K(11584K)
[1004.533s][info ][gc             ] GC(38) Pause Young (Allocation Failure) 1674M->327M(2116M) 19.985ms
[1004.533s][info ][gc,cpu         ] GC(38) User=0.06s Sys=0.00s Real=0.02s
[1004.533s][info ][safepoint      ] Safepoint "ParallelGCFailedAllocation", Time since last: 811604216 ns, Reaching safepoint: 126405 ns, At safepoint: 20069755 ns, Total: 20196160 ns
[1005.534s][info ][safepoint      ] Safepoint "Cleanup", Time since last: 1000096374 ns, Reaching safepoint: 119204 ns, At safepoint: 5701 ns, Total: 124905 ns
[1007.534s][info ][safepoint      ] Safepoint "Cleanup", Time since last: 2000207848 ns, Reaching safepoint: 107803 ns, At safepoint: 7001 ns, Total: 114804 ns
[1008.534s][info ][safepoint      ] Safepoint "Cleanup", Time since last: 1000128774 ns, Reaching safepoint: 122304 ns, At safepoint: 6200 ns, Total: 128504 ns
[1009.702s][info ][safepoint      ] Safepoint "Cleanup", Time since last: 1167625047 ns, Reaching safepoint: 39301 ns, At safepoint: 7900 ns, Total: 47201 ns
[1010.702s][info ][safepoint      ] Safepoint "Cleanup", Time since last: 1000112474 ns, Reaching safepoint: 111304 ns, At safepoint: 13900 ns, Total: 125204 ns
[1011.702s][info ][safepoint      ] Safepoint "Cleanup", Time since last: 1000125674 ns, Reaching safepoint: 59702 ns, At safepoint: 3000 ns, Total: 62702 ns
[1012.702s][info ][safepoint      ] Safepoint "Cleanup", Time since last: 1000118673 ns, Reaching safepoint: 53102 ns, At safepoint: 2700 ns, Total: 55802 ns
[1013.703s][info ][safepoint      ] Safepoint "Cleanup", Time since last: 1000119773 ns, Reaching safepoint: 59002 ns, At safepoint: 2900 ns, Total: 61902 ns
[1014.703s][info ][safepoint      ] Safepoint "Cleanup", Time since last: 1000118073 ns, Reaching safepoint: 55202 ns, At safepoint: 4500 ns, Total: 59702 ns
[1015.703s][info ][safepoint      ] Safepoint "Cleanup", Time since last: 1000106672 ns, Reaching safepoint: 53202 ns, At safepoint: 3100 ns, Total: 56302 ns
[1016.333s][info ][gc,start       ] GC(39) Pause Young (Allocation Failure)
[1016.362s][debug][gc,phases      ] GC(39) Scavenge 29.431ms
[1016.362s][debug][gc,ref         ] GC(39) Skipped phase 1 of Reference Processing: no references
[1016.362s][debug][gc,ref         ] GC(39) ReferenceProcessor::execute queues: 1, RefProcThreadModel::Single, marks_oops_alive: false
[1016.362s][debug][gc,ref         ] GC(39) Skipped phase 3 of Reference Processing: no references
[1016.362s][debug][gc,ref         ] GC(39) ReferenceProcessor::execute queues: 1, RefProcThreadModel::Single, marks_oops_alive: false
[1016.362s][debug][gc,phases      ] GC(39) Reference Processing 0.101ms
[1016.363s][debug][gc,phases      ] GC(39)   VM Weak                        Min:  0.0, Avg:  0.0, Max:  0.0, Diff:  0.0, Sum:  0.0, Workers: 4
[1016.363s][debug][gc,phases      ] GC(39)     Dead                           Min: 0, Avg:  0.0, Max: 0, Diff: 0, Sum: 0, Workers: 4
[1016.363s][debug][gc,phases      ] GC(39)     Total                          Min: 0, Avg: 184.0, Max: 703, Diff: 703, Sum: 736, Workers: 4
[1016.363s][debug][gc,phases      ] GC(39)   ObjectSynchronizer Weak        Min:  0.0, Avg:  0.0, Max:  0.0, Diff:  0.0, Sum:  0.0, Workers: 4
[1016.363s][debug][gc,phases      ] GC(39)     Dead                           Min: 0, Avg:  0.0, Max: 0, Diff: 0, Sum: 0, Workers: 4
[1016.363s][debug][gc,phases      ] GC(39)     Total                          Min: 0, Avg: 12.2, Max: 49, Diff: 49, Sum: 49, Workers: 4
[1016.363s][debug][gc,phases      ] GC(39)   JVMTI Tag Weak OopStorage      Min:  0.0, Avg:  0.0, Max:  0.0, Diff:  0.0, Sum:  0.0, Workers: 4
[1016.363s][debug][gc,phases      ] GC(39)     Dead                           Min: 0, Avg:  0.0, Max: 0, Diff: 0, Sum: 0, Workers: 4
[1016.363s][debug][gc,phases      ] GC(39)     Total                          Min: 0, Avg:  0.0, Max: 0, Diff: 0, Sum: 0, Workers: 4
[1016.363s][debug][gc,phases      ] GC(39)   StringTable Weak               Min:  0.0, Avg:  0.1, Max:  0.2, Diff:  0.2, Sum:  0.4, Workers: 4
[1016.363s][debug][gc,phases      ] GC(39)     Dead                           Min: 0, Avg:  0.0, Max: 0, Diff: 0, Sum: 0, Workers: 4
[1016.363s][debug][gc,phases      ] GC(39)     Total                          Min: 0, Avg: 10697.8, Max: 22720, Diff: 22720, Sum: 42791, Workers: 4
[1016.363s][debug][gc,phases      ] GC(39)   ResolvedMethodTable Weak       Min:  0.0, Avg:  0.0, Max:  0.0, Diff:  0.0, Sum:  0.1, Workers: 4
[1016.363s][debug][gc,phases      ] GC(39)     Dead                           Min: 0, Avg:  0.0, Max: 0, Diff: 0, Sum: 0, Workers: 4
[1016.363s][debug][gc,phases      ] GC(39)     Total                          Min: 0, Avg: 2113.8, Max: 4991, Diff: 4991, Sum: 8455, Workers: 4
[1016.363s][debug][gc,phases      ] GC(39)   JNI Weak                       Min:  0.0, Avg:  0.0, Max:  0.0, Diff:  0.0, Sum:  0.0, Workers: 4
[1016.363s][debug][gc,phases      ] GC(39)     Dead                           Min: 0, Avg:  0.0, Max: 0, Diff: 0, Sum: 0, Workers: 4
[1016.363s][debug][gc,phases      ] GC(39)     Total                          Min: 0, Avg: 11.2, Max: 45, Diff: 45, Sum: 45, Workers: 4
[1016.363s][debug][gc,phases      ] GC(39)   StringDedup Table Weak         Min:  0.0, Avg:  0.0, Max:  0.0, Diff:  0.0, Sum:  0.0, Workers: 4
[1016.363s][debug][gc,phases      ] GC(39)     Dead                           Min: 0, Avg:  0.0, Max: 0, Diff: 0, Sum: 0, Workers: 4
[1016.363s][debug][gc,phases      ] GC(39)     Total                          Min: 0, Avg:  0.0, Max: 0, Diff: 0, Sum: 0, Workers: 4
[1016.363s][debug][gc,phases      ] GC(39)   StringDedup Requests0 Weak     Min:  0.0, Avg:  0.0, Max:  0.0, Diff:  0.0, Sum:  0.0, Workers: 4
[1016.363s][debug][gc,phases      ] GC(39)     Dead                           Min: 0, Avg:  0.0, Max: 0, Diff: 0, Sum: 0, Workers: 4
[1016.363s][debug][gc,phases      ] GC(39)     Total                          Min: 0, Avg:  0.0, Max: 0, Diff: 0, Sum: 0, Workers: 4
[1016.363s][debug][gc,phases      ] GC(39)   StringDedup Requests1 Weak     Min:  0.0, Avg:  0.0, Max:  0.0, Diff:  0.0, Sum:  0.0, Workers: 4
[1016.363s][debug][gc,phases      ] GC(39)     Dead                           Min: 0, Avg:  0.0, Max: 0, Diff: 0, Sum: 0, Workers: 4
[1016.363s][debug][gc,phases      ] GC(39)     Total                          Min: 0, Avg:  0.0, Max: 0, Diff: 0, Sum: 0, Workers: 4
[1016.363s][debug][gc,phases      ] GC(39)   Weak JFR Old Object Samples    Min:  0.0, Avg:  0.0, Max:  0.0, Diff:  0.0, Sum:  0.0, Workers: 4
[1016.363s][debug][gc,phases      ] GC(39)     Dead                           Min: 0, Avg:  0.0, Max: 0, Diff: 0, Sum: 0, Workers: 4
[1016.363s][debug][gc,phases      ] GC(39)     Total                          Min: 0, Avg:  0.0, Max: 0, Diff: 0, Sum: 0, Workers: 4
[1016.363s][debug][gc,phases      ] GC(39) Weak Processing 0.420ms
[1016.363s][debug][gc,age         ] GC(39) Desired survivor size 314572800 bytes, new threshold 15 (max threshold 15)
[1016.363s][info ][gc,heap        ] GC(39) PSYoungGen: 1477987K(1773056K)->59648K(1758720K) Eden: 1434624K(1434624K)->0K(1434624K) From: 43363K(338432K)->59648K(324096K)
[1016.363s][info ][gc,heap        ] GC(39) ParOldGen: 291964K(394240K)->292004K(394240K)
[1016.363s][info ][gc,metaspace   ] GC(39) Metaspace: 79129K(80000K)->79129K(80000K) NonClass: 67931K(68416K)->67931K(68416K) Class: 11197K(11584K)->11197K(11584K)
[1016.363s][info ][gc             ] GC(39) Pause Young (Allocation Failure) 1728M->343M(2102M) 30.094ms
[1016.363s][info ][gc,cpu         ] GC(39) User=0.09s Sys=0.00s Real=0.03s
[1016.363s][info ][safepoint      ] Safepoint "ParallelGCFailedAllocation", Time since last: 629631070 ns, Reaching safepoint: 118603 ns, At safepoint: 30170286 ns, Total: 30288889 ns
[1017.363s][info ][safepoint      ] Safepoint "Cleanup", Time since last: 1000069271 ns, Reaching safepoint: 51001 ns, At safepoint: 2601 ns, Total: 53602 ns
[1018.363s][info ][safepoint      ] Safepoint "Cleanup", Time since last: 1000119572 ns, Reaching safepoint: 34101 ns, At safepoint: 2800 ns, Total: 36901 ns
[1019.363s][info ][safepoint      ] Safepoint "Cleanup", Time since last: 1000109072 ns, Reaching safepoint: 47401 ns, At safepoint: 2700 ns, Total: 50101 ns
[1020.363s][info ][safepoint      ] Safepoint "Cleanup", Time since last: 1000119372 ns, Reaching safepoint: 32001 ns, At safepoint: 2600 ns, Total: 34601 ns
[1022.364s][info ][safepoint      ] Safepoint "Cleanup", Time since last: 2000181541 ns, Reaching safepoint: 42701 ns, At safepoint: 3501 ns, Total: 46202 ns
[1028.364s][info ][safepoint      ] Safepoint "Cleanup", Time since last: 6000413013 ns, Reaching safepoint: 41201 ns, At safepoint: 2801 ns, Total: 44002 ns
[1029.364s][info ][safepoint      ] Safepoint "Cleanup", Time since last: 1000132470 ns, Reaching safepoint: 119504 ns, At safepoint: 10500 ns, Total: 130004 ns
[1033.365s][info ][safepoint      ] Safepoint "Cleanup", Time since last: 4000311472 ns, Reaching safepoint: 56402 ns, At safepoint: 4700 ns, Total: 61102 ns
[1039.365s][info ][safepoint      ] Safepoint "Cleanup", Time since last: 6000424600 ns, Reaching safepoint: 44102 ns, At safepoint: 6100 ns, Total: 50202 ns
[1040.365s][info ][safepoint      ] Safepoint "Cleanup", Time since last: 1000119267 ns, Reaching safepoint: 56102 ns, At safepoint: 2700 ns, Total: 58802 ns
[1041.366s][info ][safepoint      ] Safepoint "Cleanup", Time since last: 1000115267 ns, Reaching safepoint: 59802 ns, At safepoint: 10501 ns, Total: 70303 ns
[1042.366s][info ][safepoint      ] Safepoint "Cleanup", Time since last: 1000114867 ns, Reaching safepoint: 41101 ns, At safepoint: 3200 ns, Total: 44301 ns
[1043.366s][info ][safepoint      ] Safepoint "Cleanup", Time since last: 1000110767 ns, Reaching safepoint: 47901 ns, At safepoint: 5501 ns, Total: 53402 ns
[1044.366s][info ][safepoint      ] Safepoint "Cleanup", Time since last: 1000113766 ns, Reaching safepoint: 50102 ns, At safepoint: 4100 ns, Total: 54202 ns
[1045.366s][info ][safepoint      ] Safepoint "Cleanup", Time since last: 1000129767 ns, Reaching safepoint: 42501 ns, At safepoint: 2800 ns, Total: 45301 ns
[1046.366s][info ][safepoint      ] Safepoint "Cleanup", Time since last: 1000112967 ns, Reaching safepoint: 53801 ns, At safepoint: 2400 ns, Total: 56201 ns
[1047.367s][info ][safepoint      ] Safepoint "Cleanup", Time since last: 1000111166 ns, Reaching safepoint: 40202 ns, At safepoint: 3100 ns, Total: 43302 ns
[1048.367s][info ][safepoint      ] Safepoint "Cleanup", Time since last: 1000154267 ns, Reaching safepoint: 56802 ns, At safepoint: 2600 ns, Total: 59402 ns
[1049.367s][info ][safepoint      ] Safepoint "Cleanup", Time since last: 1000069364 ns, Reaching safepoint: 39601 ns, At safepoint: 2700 ns, Total: 42301 ns
[1050.367s][info ][safepoint      ] Safepoint "Cleanup", Time since last: 1000120566 ns, Reaching safepoint: 28901 ns, At safepoint: 2400 ns, Total: 31301 ns
[1051.367s][info ][safepoint      ] Safepoint "Cleanup", Time since last: 1000115465 ns, Reaching safepoint: 51802 ns, At safepoint: 2900 ns, Total: 54702 ns
[1052.367s][info ][safepoint      ] Safepoint "Cleanup", Time since last: 1000100064 ns, Reaching safepoint: 46202 ns, At safepoint: 2900 ns, Total: 49102 ns
[1056.368s][info ][safepoint      ] Safepoint "Cleanup", Time since last: 4000325753 ns, Reaching safepoint: 47902 ns, At safepoint: 4000 ns, Total: 51902 ns
[1057.368s][info ][safepoint      ] Safepoint "Cleanup", Time since last: 1000107664 ns, Reaching safepoint: 67202 ns, At safepoint: 3800 ns, Total: 71002 ns
[1058.368s][info ][safepoint      ] Safepoint "Cleanup", Time since last: 1000114564 ns, Reaching safepoint: 57402 ns, At safepoint: 5600 ns, Total: 63002 ns
[1059.368s][info ][safepoint      ] Safepoint "Cleanup", Time since last: 1000102863 ns, Reaching safepoint: 58302 ns, At safepoint: 3700 ns, Total: 62002 ns
[1059.687s][info ][gc,start       ] GC(40) Pause Young (Allocation Failure)
[1059.711s][debug][gc,phases      ] GC(40) Scavenge 24.545ms
[1059.711s][debug][gc,ref         ] GC(40) Skipped phase 1 of Reference Processing: no references
[1059.711s][debug][gc,ref         ] GC(40) ReferenceProcessor::execute queues: 1, RefProcThreadModel::Single, marks_oops_alive: false
[1059.711s][debug][gc,ref         ] GC(40) Skipped phase 3 of Reference Processing: no references
[1059.712s][debug][gc,ref         ] GC(40) ReferenceProcessor::execute queues: 1, RefProcThreadModel::Single, marks_oops_alive: false
[1059.712s][debug][gc,phases      ] GC(40) Reference Processing 0.104ms
[1059.712s][debug][gc,phases      ] GC(40)   VM Weak                        Min:  0.0, Avg:  0.0, Max:  0.0, Diff:  0.0, Sum:  0.0, Workers: 4
[1059.712s][debug][gc,phases      ] GC(40)     Dead                           Min: 0, Avg:  0.0, Max: 0, Diff: 0, Sum: 0, Workers: 4
[1059.712s][debug][gc,phases      ] GC(40)     Total                          Min: 0, Avg: 184.0, Max: 481, Diff: 481, Sum: 736, Workers: 4
[1059.712s][debug][gc,phases      ] GC(40)   ObjectSynchronizer Weak        Min:  0.0, Avg:  0.0, Max:  0.0, Diff:  0.0, Sum:  0.0, Workers: 4
[1059.712s][debug][gc,phases      ] GC(40)     Dead                           Min: 0, Avg:  0.0, Max: 0, Diff: 0, Sum: 0, Workers: 4
[1059.712s][debug][gc,phases      ] GC(40)     Total                          Min: 0, Avg: 12.2, Max: 49, Diff: 49, Sum: 49, Workers: 4
[1059.712s][debug][gc,phases      ] GC(40)   JVMTI Tag Weak OopStorage      Min:  0.0, Avg:  0.0, Max:  0.0, Diff:  0.0, Sum:  0.0, Workers: 4
[1059.712s][debug][gc,phases      ] GC(40)     Dead                           Min: 0, Avg:  0.0, Max: 0, Diff: 0, Sum: 0, Workers: 4
[1059.712s][debug][gc,phases      ] GC(40)     Total                          Min: 0, Avg:  0.0, Max: 0, Diff: 0, Sum: 0, Workers: 4
[1059.712s][debug][gc,phases      ] GC(40)   StringTable Weak               Min:  0.0, Avg:  0.1, Max:  0.1, Diff:  0.1, Sum:  0.4, Workers: 4
[1059.712s][debug][gc,phases      ] GC(40)     Dead                           Min: 0, Avg:  0.0, Max: 0, Diff: 0, Sum: 0, Workers: 4
[1059.712s][debug][gc,phases      ] GC(40)     Total                          Min: 0, Avg: 10698.2, Max: 15104, Diff: 15104, Sum: 42793, Workers: 4
[1059.712s][debug][gc,phases      ] GC(40)   ResolvedMethodTable Weak       Min:  0.0, Avg:  0.0, Max:  0.0, Diff:  0.0, Sum:  0.1, Workers: 4
[1059.712s][debug][gc,phases      ] GC(40)     Dead                           Min: 0, Avg:  0.0, Max: 0, Diff: 0, Sum: 0, Workers: 4
[1059.712s][debug][gc,phases      ] GC(40)     Total                          Min: 0, Avg: 2114.2, Max: 2890, Diff: 2890, Sum: 8457, Workers: 4
[1059.712s][debug][gc,phases      ] GC(40)   JNI Weak                       Min:  0.0, Avg:  0.0, Max:  0.0, Diff:  0.0, Sum:  0.0, Workers: 4
[1059.712s][debug][gc,phases      ] GC(40)     Dead                           Min: 0, Avg:  0.0, Max: 0, Diff: 0, Sum: 0, Workers: 4
[1059.712s][debug][gc,phases      ] GC(40)     Total                          Min: 0, Avg: 11.2, Max: 45, Diff: 45, Sum: 45, Workers: 4
[1059.712s][debug][gc,phases      ] GC(40)   StringDedup Table Weak         Min:  0.0, Avg:  0.0, Max:  0.0, Diff:  0.0, Sum:  0.0, Workers: 4
[1059.712s][debug][gc,phases      ] GC(40)     Dead                           Min: 0, Avg:  0.0, Max: 0, Diff: 0, Sum: 0, Workers: 4
[1059.712s][debug][gc,phases      ] GC(40)     Total                          Min: 0, Avg:  0.0, Max: 0, Diff: 0, Sum: 0, Workers: 4
[1059.712s][debug][gc,phases      ] GC(40)   StringDedup Requests0 Weak     Min:  0.0, Avg:  0.0, Max:  0.0, Diff:  0.0, Sum:  0.0, Workers: 4
[1059.712s][debug][gc,phases      ] GC(40)     Dead                           Min: 0, Avg:  0.0, Max: 0, Diff: 0, Sum: 0, Workers: 4
[1059.712s][debug][gc,phases      ] GC(40)     Total                          Min: 0, Avg:  0.0, Max: 0, Diff: 0, Sum: 0, Workers: 4
[1059.712s][debug][gc,phases      ] GC(40)   StringDedup Requests1 Weak     Min:  0.0, Avg:  0.0, Max:  0.0, Diff:  0.0, Sum:  0.0, Workers: 4
[1059.712s][debug][gc,phases      ] GC(40)     Dead                           Min: 0, Avg:  0.0, Max: 0, Diff: 0, Sum: 0, Workers: 4
[1059.712s][debug][gc,phases      ] GC(40)     Total                          Min: 0, Avg:  0.0, Max: 0, Diff: 0, Sum: 0, Workers: 4
[1059.712s][debug][gc,phases      ] GC(40)   Weak JFR Old Object Samples    Min:  0.0, Avg:  0.0, Max:  0.0, Diff:  0.0, Sum:  0.0, Workers: 4
[1059.712s][debug][gc,phases      ] GC(40)     Dead                           Min: 0, Avg:  0.0, Max: 0, Diff: 0, Sum: 0, Workers: 4
[1059.712s][debug][gc,phases      ] GC(40)     Total                          Min: 0, Avg:  0.0, Max: 0, Diff: 0, Sum: 0, Workers: 4
[1059.712s][debug][gc,phases      ] GC(40) Weak Processing 0.352ms
[1059.712s][debug][gc,age         ] GC(40) Desired survivor size 298319872 bytes, new threshold 15 (max threshold 15)
[1059.712s][info ][gc,heap        ] GC(40) PSYoungGen: 1494272K(1758720K)->59296K(1805824K) Eden: 1434624K(1434624K)->0K(1498624K) From: 59648K(324096K)->59296K(307200K)
[1059.712s][info ][gc,heap        ] GC(40) ParOldGen: 292004K(394240K)->292494K(394240K)
[1059.712s][info ][gc,metaspace   ] GC(40) Metaspace: 79153K(80000K)->79153K(80000K) NonClass: 67955K(68416K)->67955K(68416K) Class: 11198K(11584K)->11198K(11584K)
[1059.712s][info ][gc             ] GC(40) Pause Young (Allocation Failure) 1744M->343M(2148M) 25.128ms
[1059.712s][info ][gc,cpu         ] GC(40) User=0.07s Sys=0.00s Real=0.02s
[1059.712s][info ][safepoint      ] Safepoint "ParallelGCFailedAllocation", Time since last: 318461601 ns, Reaching safepoint: 31401 ns, At safepoint: 25213224 ns, Total: 25244625 ns
[1062.712s][info ][safepoint      ] Safepoint "Cleanup", Time since last: 3000209785 ns, Reaching safepoint: 45101 ns, At safepoint: 2900 ns, Total: 48001 ns
[1063.712s][info ][safepoint      ] Safepoint "Cleanup", Time since last: 1000112463 ns, Reaching safepoint: 68702 ns, At safepoint: 2600 ns, Total: 71302 ns
[1064.713s][info ][safepoint      ] Safepoint "Cleanup", Time since last: 1000111663 ns, Reaching safepoint: 50801 ns, At safepoint: 3801 ns, Total: 54602 ns
[1069.713s][info ][safepoint      ] Safepoint "Cleanup", Time since last: 5000268399 ns, Reaching safepoint: 45502 ns, At safepoint: 2500 ns, Total: 48002 ns
[1070.713s][info ][safepoint      ] Safepoint "Cleanup", Time since last: 1000106861 ns, Reaching safepoint: 57902 ns, At safepoint: 2700 ns, Total: 60602 ns
[1071.713s][info ][safepoint      ] Safepoint "Cleanup", Time since last: 1000115261 ns, Reaching safepoint: 64702 ns, At safepoint: 2901 ns, Total: 67603 ns
[1073.713s][info ][safepoint      ] Safepoint "Cleanup", Time since last: 2000170419 ns, Reaching safepoint: 52702 ns, At safepoint: 2900 ns, Total: 55602 ns
[1083.714s][info ][safepoint      ] Safepoint "Cleanup", Time since last: 10000565779 ns, Reaching safepoint: 37201 ns, At safepoint: 3000 ns, Total: 40201 ns
[1089.715s][info ][safepoint      ] Safepoint "Cleanup", Time since last: 6000445742 ns, Reaching safepoint: 52302 ns, At safepoint: 3000 ns, Total: 55302 ns
[1101.715s][info ][safepoint      ] Safepoint "Cleanup", Time since last: 12000794860 ns, Reaching safepoint: 55002 ns, At safepoint: 4000 ns, Total: 59002 ns
[1102.716s][info ][safepoint      ] Safepoint "Cleanup", Time since last: 1000125355 ns, Reaching safepoint: 105004 ns, At safepoint: 13000 ns, Total: 118004 ns
[1103.716s][info ][safepoint      ] Safepoint "Cleanup", Time since last: 1000106255 ns, Reaching safepoint: 58302 ns, At safepoint: 12501 ns, Total: 70803 ns
[1108.716s][info ][safepoint      ] Safepoint "Cleanup", Time since last: 5000377367 ns, Reaching safepoint: 38601 ns, At safepoint: 4100 ns, Total: 42701 ns
[1115.717s][info ][safepoint      ] Safepoint "Cleanup", Time since last: 7000501965 ns, Reaching safepoint: 46502 ns, At safepoint: 4000 ns, Total: 50502 ns
[1116.717s][info ][safepoint      ] Safepoint "Cleanup", Time since last: 1000122953 ns, Reaching safepoint: 56602 ns, At safepoint: 2800 ns, Total: 59402 ns
[1117.717s][info ][safepoint      ] Safepoint "Cleanup", Time since last: 1000125153 ns, Reaching safepoint: 55702 ns, At safepoint: 3300 ns, Total: 59002 ns
[1118.393s][info ][gc,start       ] GC(41) Pause Young (Allocation Failure)
[1118.418s][debug][gc,phases      ] GC(41) Scavenge 24.768ms
[1118.418s][debug][gc,ref         ] GC(41) Skipped phase 1 of Reference Processing: no references
[1118.418s][debug][gc,ref         ] GC(41) ReferenceProcessor::execute queues: 1, RefProcThreadModel::Single, marks_oops_alive: false
[1118.418s][debug][gc,ref         ] GC(41) Skipped phase 3 of Reference Processing: no references
[1118.418s][debug][gc,ref         ] GC(41) ReferenceProcessor::execute queues: 1, RefProcThreadModel::Single, marks_oops_alive: false
[1118.418s][debug][gc,phases      ] GC(41) Reference Processing 0.113ms
[1118.419s][debug][gc,phases      ] GC(41)   VM Weak                        Min:  0.0, Avg:  0.0, Max:  0.0, Diff:  0.0, Sum:  0.0, Workers: 4
[1118.419s][debug][gc,phases      ] GC(41)     Dead                           Min: 0, Avg:  0.0, Max: 0, Diff: 0, Sum: 0, Workers: 4
[1118.419s][debug][gc,phases      ] GC(41)     Total                          Min: 0, Avg: 184.0, Max: 672, Diff: 672, Sum: 736, Workers: 4
[1118.419s][debug][gc,phases      ] GC(41)   ObjectSynchronizer Weak        Min:  0.0, Avg:  0.0, Max:  0.0, Diff:  0.0, Sum:  0.0, Workers: 4
[1118.419s][debug][gc,phases      ] GC(41)     Dead                           Min: 0, Avg:  0.0, Max: 0, Diff: 0, Sum: 0, Workers: 4
[1118.419s][debug][gc,phases      ] GC(41)     Total                          Min: 0, Avg: 12.2, Max: 49, Diff: 49, Sum: 49, Workers: 4
[1118.419s][debug][gc,phases      ] GC(41)   JVMTI Tag Weak OopStorage      Min:  0.0, Avg:  0.0, Max:  0.0, Diff:  0.0, Sum:  0.0, Workers: 4
[1118.419s][debug][gc,phases      ] GC(41)     Dead                           Min: 0, Avg:  0.0, Max: 0, Diff: 0, Sum: 0, Workers: 4
[1118.419s][debug][gc,phases      ] GC(41)     Total                          Min: 0, Avg:  0.0, Max: 0, Diff: 0, Sum: 0, Workers: 4
[1118.419s][debug][gc,phases      ] GC(41)   StringTable Weak               Min:  0.1, Avg:  0.1, Max:  0.1, Diff:  0.0, Sum:  0.4, Workers: 4
[1118.419s][debug][gc,phases      ] GC(41)     Dead                           Min: 0, Avg:  0.0, Max: 0, Diff: 0, Sum: 0, Workers: 4
[1118.419s][debug][gc,phases      ] GC(41)     Total                          Min: 10286, Avg: 10699.5, Max: 11200, Diff: 914, Sum: 42798, Workers: 4
[1118.419s][debug][gc,phases      ] GC(41)   ResolvedMethodTable Weak       Min:  0.0, Avg:  0.0, Max:  0.0, Diff:  0.0, Sum:  0.1, Workers: 4
[1118.419s][debug][gc,phases      ] GC(41)     Dead                           Min: 0, Avg:  0.0, Max: 0, Diff: 0, Sum: 0, Workers: 4
[1118.419s][debug][gc,phases      ] GC(41)     Total                          Min: 650, Avg: 2114.2, Max: 2944, Diff: 2294, Sum: 8457, Workers: 4
[1118.419s][debug][gc,phases      ] GC(41)   JNI Weak                       Min:  0.0, Avg:  0.0, Max:  0.0, Diff:  0.0, Sum:  0.0, Workers: 4
[1118.419s][debug][gc,phases      ] GC(41)     Dead                           Min: 0, Avg:  0.0, Max: 0, Diff: 0, Sum: 0, Workers: 4
[1118.419s][debug][gc,phases      ] GC(41)     Total                          Min: 0, Avg: 11.2, Max: 45, Diff: 45, Sum: 45, Workers: 4
[1118.419s][debug][gc,phases      ] GC(41)   StringDedup Table Weak         Min:  0.0, Avg:  0.0, Max:  0.0, Diff:  0.0, Sum:  0.0, Workers: 4
[1118.419s][debug][gc,phases      ] GC(41)     Dead                           Min: 0, Avg:  0.0, Max: 0, Diff: 0, Sum: 0, Workers: 4
[1118.419s][debug][gc,phases      ] GC(41)     Total                          Min: 0, Avg:  0.0, Max: 0, Diff: 0, Sum: 0, Workers: 4
[1118.419s][debug][gc,phases      ] GC(41)   StringDedup Requests0 Weak     Min:  0.0, Avg:  0.0, Max:  0.0, Diff:  0.0, Sum:  0.0, Workers: 4
[1118.419s][debug][gc,phases      ] GC(41)     Dead                           Min: 0, Avg:  0.0, Max: 0, Diff: 0, Sum: 0, Workers: 4
[1118.419s][debug][gc,phases      ] GC(41)     Total                          Min: 0, Avg:  0.0, Max: 0, Diff: 0, Sum: 0, Workers: 4
[1118.419s][debug][gc,phases      ] GC(41)   StringDedup Requests1 Weak     Min:  0.0, Avg:  0.0, Max:  0.0, Diff:  0.0, Sum:  0.0, Workers: 4
[1118.419s][debug][gc,phases      ] GC(41)     Dead                           Min: 0, Avg:  0.0, Max: 0, Diff: 0, Sum: 0, Workers: 4
[1118.419s][debug][gc,phases      ] GC(41)     Total                          Min: 0, Avg:  0.0, Max: 0, Diff: 0, Sum: 0, Workers: 4
[1118.419s][debug][gc,phases      ] GC(41)   Weak JFR Old Object Samples    Min:  0.0, Avg:  0.0, Max:  0.0, Diff:  0.0, Sum:  0.0, Workers: 4
[1118.419s][debug][gc,phases      ] GC(41)     Dead                           Min: 0, Avg:  0.0, Max: 0, Diff: 0, Sum: 0, Workers: 4
[1118.419s][debug][gc,phases      ] GC(41)     Total                          Min: 0, Avg:  0.0, Max: 0, Diff: 0, Sum: 0, Workers: 4
[1118.419s][debug][gc,phases      ] GC(41) Weak Processing 0.330ms
[1118.419s][debug][gc,age         ] GC(41) Desired survivor size 283115520 bytes, new threshold 15 (max threshold 15)
[1118.419s][info ][gc,heap        ] GC(41) PSYoungGen: 1557920K(1805824K)->55280K(1789952K) Eden: 1498624K(1498624K)->0K(1498624K) From: 59296K(307200K)->55280K(291328K)
[1118.419s][info ][gc,heap        ] GC(41) ParOldGen: 292494K(394240K)->294626K(394240K)
[1118.419s][info ][gc,metaspace   ] GC(41) Metaspace: 79163K(80000K)->79163K(80000K) NonClass: 67963K(68416K)->67963K(68416K) Class: 11199K(11584K)->11199K(11584K)
[1118.419s][info ][gc             ] GC(41) Pause Young (Allocation Failure) 1807M->341M(2133M) 25.332ms
[1118.419s][info ][gc,cpu         ] GC(41) User=0.08s Sys=0.00s Real=0.02s
[1118.419s][info ][safepoint      ] Safepoint "ParallelGCFailedAllocation", Time since last: 676148076 ns, Reaching safepoint: 97503 ns, At safepoint: 25416030 ns, Total: 25513533 ns
[1119.419s][info ][safepoint      ] Safepoint "Cleanup", Time since last: 1000100052 ns, Reaching safepoint: 45401 ns, At safepoint: 2500 ns, Total: 47901 ns
[1121.419s][info ][safepoint      ] Safepoint "Cleanup", Time since last: 2000181503 ns, Reaching safepoint: 27901 ns, At safepoint: 2800 ns, Total: 30701 ns
[1127.420s][info ][safepoint      ] Safepoint "Cleanup", Time since last: 6000400199 ns, Reaching safepoint: 41702 ns, At safepoint: 2800 ns, Total: 44502 ns
[1128.420s][info ][safepoint      ] Safepoint "Cleanup", Time since last: 1000115251 ns, Reaching safepoint: 42301 ns, At safepoint: 2900 ns, Total: 45201 ns
[1129.420s][info ][safepoint      ] Safepoint "Cleanup", Time since last: 1000117651 ns, Reaching safepoint: 41301 ns, At safepoint: 6500 ns, Total: 47801 ns
[1130.420s][info ][safepoint      ] Safepoint "Cleanup", Time since last: 1000110751 ns, Reaching safepoint: 121504 ns, At safepoint: 8400 ns, Total: 129904 ns
[1131.420s][info ][safepoint      ] Safepoint "Cleanup", Time since last: 1000122051 ns, Reaching safepoint: 123904 ns, At safepoint: 14500 ns, Total: 138404 ns
[1132.043s][info ][gc,start       ] GC(42) Pause Young (Allocation Failure)
[1132.071s][debug][gc,phases      ] GC(42) Scavenge 28.731ms
[1132.071s][debug][gc,ref         ] GC(42) Skipped phase 1 of Reference Processing: no references
[1132.072s][debug][gc,ref         ] GC(42) ReferenceProcessor::execute queues: 1, RefProcThreadModel::Single, marks_oops_alive: false
[1132.072s][debug][gc,ref         ] GC(42) Skipped phase 3 of Reference Processing: no references
[1132.072s][debug][gc,ref         ] GC(42) ReferenceProcessor::execute queues: 1, RefProcThreadModel::Single, marks_oops_alive: false
[1132.072s][debug][gc,phases      ] GC(42) Reference Processing 0.105ms
[1132.072s][debug][gc,phases      ] GC(42)   VM Weak                        Min:  0.0, Avg:  0.0, Max:  0.0, Diff:  0.0, Sum:  0.0, Workers: 4
[1132.072s][debug][gc,phases      ] GC(42)     Dead                           Min: 0, Avg:  0.0, Max: 0, Diff: 0, Sum: 0, Workers: 4
[1132.072s][debug][gc,phases      ] GC(42)     Total                          Min: 0, Avg: 184.0, Max: 736, Diff: 736, Sum: 736, Workers: 4
[1132.072s][debug][gc,phases      ] GC(42)   ObjectSynchronizer Weak        Min:  0.0, Avg:  0.0, Max:  0.0, Diff:  0.0, Sum:  0.0, Workers: 4
[1132.072s][debug][gc,phases      ] GC(42)     Dead                           Min: 0, Avg:  0.0, Max: 0, Diff: 0, Sum: 0, Workers: 4
[1132.072s][debug][gc,phases      ] GC(42)     Total                          Min: 0, Avg: 12.2, Max: 49, Diff: 49, Sum: 49, Workers: 4
[1132.072s][debug][gc,phases      ] GC(42)   JVMTI Tag Weak OopStorage      Min:  0.0, Avg:  0.0, Max:  0.0, Diff:  0.0, Sum:  0.0, Workers: 4
[1132.072s][debug][gc,phases      ] GC(42)     Dead                           Min: 0, Avg:  0.0, Max: 0, Diff: 0, Sum: 0, Workers: 4
[1132.072s][debug][gc,phases      ] GC(42)     Total                          Min: 0, Avg:  0.0, Max: 0, Diff: 0, Sum: 0, Workers: 4
[1132.072s][debug][gc,phases      ] GC(42)   StringTable Weak               Min:  0.0, Avg:  0.1, Max:  0.1, Diff:  0.1, Sum:  0.4, Workers: 4
[1132.072s][debug][gc,phases      ] GC(42)     Dead                           Min: 0, Avg:  0.0, Max: 0, Diff: 0, Sum: 0, Workers: 4
[1132.072s][debug][gc,phases      ] GC(42)     Total                          Min: 0, Avg: 10701.0, Max: 16320, Diff: 16320, Sum: 42804, Workers: 4
[1132.072s][debug][gc,phases      ] GC(42)   ResolvedMethodTable Weak       Min:  0.0, Avg:  0.0, Max:  0.0, Diff:  0.0, Sum:  0.1, Workers: 4
[1132.072s][debug][gc,phases      ] GC(42)     Dead                           Min: 0, Avg:  0.0, Max: 0, Diff: 0, Sum: 0, Workers: 4
[1132.072s][debug][gc,phases      ] GC(42)     Total                          Min: 0, Avg: 2114.2, Max: 3328, Diff: 3328, Sum: 8457, Workers: 4
[1132.072s][debug][gc,phases      ] GC(42)   JNI Weak                       Min:  0.0, Avg:  0.0, Max:  0.0, Diff:  0.0, Sum:  0.0, Workers: 4
[1132.072s][debug][gc,phases      ] GC(42)     Dead                           Min: 0, Avg:  0.0, Max: 0, Diff: 0, Sum: 0, Workers: 4
[1132.072s][debug][gc,phases      ] GC(42)     Total                          Min: 0, Avg: 11.2, Max: 45, Diff: 45, Sum: 45, Workers: 4
[1132.072s][debug][gc,phases      ] GC(42)   StringDedup Table Weak         Min:  0.0, Avg:  0.0, Max:  0.0, Diff:  0.0, Sum:  0.0, Workers: 4
[1132.072s][debug][gc,phases      ] GC(42)     Dead                           Min: 0, Avg:  0.0, Max: 0, Diff: 0, Sum: 0, Workers: 4
[1132.072s][debug][gc,phases      ] GC(42)     Total                          Min: 0, Avg:  0.0, Max: 0, Diff: 0, Sum: 0, Workers: 4
[1132.072s][debug][gc,phases      ] GC(42)   StringDedup Requests0 Weak     Min:  0.0, Avg:  0.0, Max:  0.0, Diff:  0.0, Sum:  0.0, Workers: 4
[1132.072s][debug][gc,phases      ] GC(42)     Dead                           Min: 0, Avg:  0.0, Max: 0, Diff: 0, Sum: 0, Workers: 4
[1132.072s][debug][gc,phases      ] GC(42)     Total                          Min: 0, Avg:  0.0, Max: 0, Diff: 0, Sum: 0, Workers: 4
[1132.072s][debug][gc,phases      ] GC(42)   StringDedup Requests1 Weak     Min:  0.0, Avg:  0.0, Max:  0.0, Diff:  0.0, Sum:  0.0, Workers: 4
[1132.072s][debug][gc,phases      ] GC(42)     Dead                           Min: 0, Avg:  0.0, Max: 0, Diff: 0, Sum: 0, Workers: 4
[1132.072s][debug][gc,phases      ] GC(42)     Total                          Min: 0, Avg:  0.0, Max: 0, Diff: 0, Sum: 0, Workers: 4
[1132.072s][debug][gc,phases      ] GC(42)   Weak JFR Old Object Samples    Min:  0.0, Avg:  0.0, Max:  0.0, Diff:  0.0, Sum:  0.0, Workers: 4
[1132.072s][debug][gc,phases      ] GC(42)     Dead                           Min: 0, Avg:  0.0, Max: 0, Diff: 0, Sum: 0, Workers: 4
[1132.072s][debug][gc,phases      ] GC(42)     Total                          Min: 0, Avg:  0.0, Max: 0, Diff: 0, Sum: 0, Workers: 4
[1132.072s][debug][gc,phases      ] GC(42) Weak Processing 0.359ms
[1132.072s][debug][gc,age         ] GC(42) Desired survivor size 265814016 bytes, new threshold 15 (max threshold 15)
[1132.072s][info ][gc,heap        ] GC(42) PSYoungGen: 1553904K(1789952K)->72656K(1837568K) Eden: 1498624K(1498624K)->0K(1561088K) From: 55280K(291328K)->72656K(276480K)
[1132.072s][info ][gc,heap        ] GC(42) ParOldGen: 294626K(394240K)->294674K(394240K)
[1132.072s][info ][gc,metaspace   ] GC(42) Metaspace: 79176K(80064K)->79176K(80064K) NonClass: 67977K(68480K)->67977K(68480K) Class: 11199K(11584K)->11199K(11584K)
[1132.072s][info ][gc             ] GC(42) Pause Young (Allocation Failure) 1805M->358M(2179M) 29.331ms
[1132.072s][info ][gc,cpu         ] GC(42) User=0.10s Sys=0.00s Real=0.03s
[1132.072s][info ][safepoint      ] Safepoint "ParallelGCFailedAllocation", Time since last: 622032207 ns, Reaching safepoint: 118604 ns, At safepoint: 29413961 ns, Total: 29532565 ns
[1133.296s][info ][safepoint      ] Safepoint "Cleanup", Time since last: 1224194465 ns, Reaching safepoint: 154305 ns, At safepoint: 17001 ns, Total: 171306 ns
[1134.297s][info ][safepoint      ] Safepoint "Cleanup", Time since last: 1000110249 ns, Reaching safepoint: 132605 ns, At safepoint: 13300 ns, Total: 145905 ns
[1135.297s][info ][safepoint      ] Safepoint "Cleanup", Time since last: 1000124650 ns, Reaching safepoint: 34501 ns, At safepoint: 2800 ns, Total: 37301 ns
[1136.434s][info ][gc,start       ] GC(43) Pause Young (Allocation Failure)
[1136.466s][debug][gc,phases      ] GC(43) Scavenge 31.944ms
[1136.466s][debug][gc,ref         ] GC(43) Skipped phase 1 of Reference Processing: no references
[1136.466s][debug][gc,ref         ] GC(43) ReferenceProcessor::execute queues: 1, RefProcThreadModel::Single, marks_oops_alive: false
[1136.466s][debug][gc,ref         ] GC(43) Skipped phase 3 of Reference Processing: no references
[1136.466s][debug][gc,ref         ] GC(43) ReferenceProcessor::execute queues: 1, RefProcThreadModel::Single, marks_oops_alive: false
[1136.466s][debug][gc,phases      ] GC(43) Reference Processing 0.100ms
[1136.466s][debug][gc,phases      ] GC(43)   VM Weak                        Min:  0.0, Avg:  0.0, Max:  0.0, Diff:  0.0, Sum:  0.0, Workers: 4
[1136.466s][debug][gc,phases      ] GC(43)     Dead                           Min: 0, Avg:  0.0, Max: 0, Diff: 0, Sum: 0, Workers: 4
[1136.466s][debug][gc,phases      ] GC(43)     Total                          Min: 0, Avg: 184.0, Max: 673, Diff: 673, Sum: 736, Workers: 4
[1136.466s][debug][gc,phases      ] GC(43)   ObjectSynchronizer Weak        Min:  0.0, Avg:  0.0, Max:  0.0, Diff:  0.0, Sum:  0.0, Workers: 4
[1136.466s][debug][gc,phases      ] GC(43)     Dead                           Min: 0, Avg:  0.0, Max: 0, Diff: 0, Sum: 0, Workers: 4
[1136.467s][debug][gc,phases      ] GC(43)     Total                          Min: 0, Avg: 12.2, Max: 49, Diff: 49, Sum: 49, Workers: 4
[1136.467s][debug][gc,phases      ] GC(43)   JVMTI Tag Weak OopStorage      Min:  0.0, Avg:  0.0, Max:  0.0, Diff:  0.0, Sum:  0.0, Workers: 4
[1136.467s][debug][gc,phases      ] GC(43)     Dead                           Min: 0, Avg:  0.0, Max: 0, Diff: 0, Sum: 0, Workers: 4
[1136.467s][debug][gc,phases      ] GC(43)     Total                          Min: 0, Avg:  0.0, Max: 0, Diff: 0, Sum: 0, Workers: 4
[1136.467s][debug][gc,phases      ] GC(43)   StringTable Weak               Min:  0.1, Avg:  0.1, Max:  0.1, Diff:  0.0, Sum:  0.4, Workers: 4
[1136.467s][debug][gc,phases      ] GC(43)     Dead                           Min: 0, Avg:  0.0, Max: 0, Diff: 0, Sum: 0, Workers: 4
[1136.467s][debug][gc,phases      ] GC(43)     Total                          Min: 10112, Avg: 10701.5, Max: 11638, Diff: 1526, Sum: 42806, Workers: 4
[1136.467s][debug][gc,phases      ] GC(43)   ResolvedMethodTable Weak       Min:  0.0, Avg:  0.0, Max:  0.0, Diff:  0.0, Sum:  0.1, Workers: 4
[1136.467s][debug][gc,phases      ] GC(43)     Dead                           Min: 0, Avg:  0.0, Max: 0, Diff: 0, Sum: 0, Workers: 4
[1136.467s][debug][gc,phases      ] GC(43)     Total                          Min: 1856, Avg: 2114.2, Max: 2441, Diff: 585, Sum: 8457, Workers: 4
[1136.467s][debug][gc,phases      ] GC(43)   JNI Weak                       Min:  0.0, Avg:  0.0, Max:  0.0, Diff:  0.0, Sum:  0.0, Workers: 4
[1136.467s][debug][gc,phases      ] GC(43)     Dead                           Min: 0, Avg:  0.0, Max: 0, Diff: 0, Sum: 0, Workers: 4
[1136.467s][debug][gc,phases      ] GC(43)     Total                          Min: 0, Avg: 11.2, Max: 45, Diff: 45, Sum: 45, Workers: 4
[1136.467s][debug][gc,phases      ] GC(43)   StringDedup Table Weak         Min:  0.0, Avg:  0.0, Max:  0.0, Diff:  0.0, Sum:  0.0, Workers: 4
[1136.467s][debug][gc,phases      ] GC(43)     Dead                           Min: 0, Avg:  0.0, Max: 0, Diff: 0, Sum: 0, Workers: 4
[1136.467s][debug][gc,phases      ] GC(43)     Total                          Min: 0, Avg:  0.0, Max: 0, Diff: 0, Sum: 0, Workers: 4
[1136.467s][debug][gc,phases      ] GC(43)   StringDedup Requests0 Weak     Min:  0.0, Avg:  0.0, Max:  0.0, Diff:  0.0, Sum:  0.0, Workers: 4
[1136.467s][debug][gc,phases      ] GC(43)     Dead                           Min: 0, Avg:  0.0, Max: 0, Diff: 0, Sum: 0, Workers: 4
[1136.467s][debug][gc,phases      ] GC(43)     Total                          Min: 0, Avg:  0.0, Max: 0, Diff: 0, Sum: 0, Workers: 4
[1136.467s][debug][gc,phases      ] GC(43)   StringDedup Requests1 Weak     Min:  0.0, Avg:  0.0, Max:  0.0, Diff:  0.0, Sum:  0.0, Workers: 4
[1136.467s][debug][gc,phases      ] GC(43)     Dead                           Min: 0, Avg:  0.0, Max: 0, Diff: 0, Sum: 0, Workers: 4
[1136.467s][debug][gc,phases      ] GC(43)     Total                          Min: 0, Avg:  0.0, Max: 0, Diff: 0, Sum: 0, Workers: 4
[1136.467s][debug][gc,phases      ] GC(43)   Weak JFR Old Object Samples    Min:  0.0, Avg:  0.0, Max:  0.0, Diff:  0.0, Sum:  0.0, Workers: 4
[1136.467s][debug][gc,phases      ] GC(43)     Dead                           Min: 0, Avg:  0.0, Max: 0, Diff: 0, Sum: 0, Workers: 4
[1136.467s][debug][gc,phases      ] GC(43)     Total                          Min: 0, Avg:  0.0, Max: 0, Diff: 0, Sum: 0, Workers: 4
[1136.467s][debug][gc,phases      ] GC(43) Weak Processing 0.312ms
[1136.467s][debug][gc,age         ] GC(43) Desired survivor size 248512512 bytes, new threshold 15 (max threshold 15)
[1136.467s][info ][gc,heap        ] GC(43) PSYoungGen: 1633744K(1837568K)->84928K(1820672K) Eden: 1561088K(1561088K)->0K(1561088K) From: 72656K(276480K)->84928K(259584K)
[1136.467s][info ][gc,heap        ] GC(43) ParOldGen: 294674K(394240K)->294706K(394240K)
[1136.467s][info ][gc,metaspace   ] GC(43) Metaspace: 79187K(80064K)->79187K(80064K) NonClass: 67987K(68480K)->67987K(68480K) Class: 11200K(11584K)->11200K(11584K)
[1136.467s][info ][gc             ] GC(43) Pause Young (Allocation Failure) 1883M->370M(2163M) 32.488ms
[1136.467s][info ][gc,cpu         ] GC(43) User=0.11s Sys=0.00s Real=0.03s
[1136.467s][info ][safepoint      ] Safepoint "ParallelGCFailedAllocation", Time since last: 1137213725 ns, Reaching safepoint: 110704 ns, At safepoint: 32566563 ns, Total: 32677267 ns
[1138.467s][info ][safepoint      ] Safepoint "Cleanup", Time since last: 2000164397 ns, Reaching safepoint: 41901 ns, At safepoint: 4200 ns, Total: 46101 ns
[1139.467s][info ][safepoint      ] Safepoint "Cleanup", Time since last: 1000105949 ns, Reaching safepoint: 43701 ns, At safepoint: 4400 ns, Total: 48101 ns
[1142.467s][info ][safepoint      ] Safepoint "Cleanup", Time since last: 3000251243 ns, Reaching safepoint: 50102 ns, At safepoint: 6700 ns, Total: 56802 ns
[1156.468s][info ][safepoint      ] Safepoint "Cleanup", Time since last: 14000967641 ns, Reaching safepoint: 121704 ns, At safepoint: 8900 ns, Total: 130604 ns
[1157.469s][info ][safepoint      ] Safepoint "Cleanup", Time since last: 1000074044 ns, Reaching safepoint: 45102 ns, At safepoint: 2400 ns, Total: 47502 ns
[1162.469s][info ][safepoint      ] Safepoint "Cleanup", Time since last: 5000375021 ns, Reaching safepoint: 51102 ns, At safepoint: 7900 ns, Total: 59002 ns
[1164.469s][info ][safepoint      ] Safepoint "Cleanup", Time since last: 2000183588 ns, Reaching safepoint: 41702 ns, At safepoint: 2700 ns, Total: 44402 ns
[1167.470s][info ][safepoint      ] Safepoint "Cleanup", Time since last: 3000241930 ns, Reaching safepoint: 48902 ns, At safepoint: 3000 ns, Total: 51902 ns
[1169.470s][info ][safepoint      ] Safepoint "Cleanup", Time since last: 2000184487 ns, Reaching safepoint: 47701 ns, At safepoint: 3800 ns, Total: 51501 ns
[1170.435s][info ][gc,start       ] GC(44) Pause Young (Allocation Failure)
[1170.470s][debug][gc,phases      ] GC(44) Scavenge 34.394ms
[1170.470s][debug][gc,ref         ] GC(44) Skipped phase 1 of Reference Processing: no references
[1170.470s][debug][gc,ref         ] GC(44) ReferenceProcessor::execute queues: 1, RefProcThreadModel::Single, marks_oops_alive: false
[1170.470s][debug][gc,ref         ] GC(44) Skipped phase 3 of Reference Processing: no references
[1170.470s][debug][gc,ref         ] GC(44) ReferenceProcessor::execute queues: 1, RefProcThreadModel::Single, marks_oops_alive: false
[1170.470s][debug][gc,phases      ] GC(44) Reference Processing 0.101ms
[1170.470s][debug][gc,phases      ] GC(44)   VM Weak                        Min:  0.0, Avg:  0.0, Max:  0.0, Diff:  0.0, Sum:  0.0, Workers: 4
[1170.470s][debug][gc,phases      ] GC(44)     Dead                           Min: 0, Avg:  0.0, Max: 0, Diff: 0, Sum: 0, Workers: 4
[1170.470s][debug][gc,phases      ] GC(44)     Total                          Min: 0, Avg: 184.0, Max: 511, Diff: 511, Sum: 736, Workers: 4
[1170.470s][debug][gc,phases      ] GC(44)   ObjectSynchronizer Weak        Min:  0.0, Avg:  0.0, Max:  0.0, Diff:  0.0, Sum:  0.0, Workers: 4
[1170.470s][debug][gc,phases      ] GC(44)     Dead                           Min: 0, Avg:  0.0, Max: 0, Diff: 0, Sum: 0, Workers: 4
[1170.470s][debug][gc,phases      ] GC(44)     Total                          Min: 0, Avg: 12.2, Max: 49, Diff: 49, Sum: 49, Workers: 4
[1170.470s][debug][gc,phases      ] GC(44)   JVMTI Tag Weak OopStorage      Min:  0.0, Avg:  0.0, Max:  0.0, Diff:  0.0, Sum:  0.0, Workers: 4
[1170.470s][debug][gc,phases      ] GC(44)     Dead                           Min: 0, Avg:  0.0, Max: 0, Diff: 0, Sum: 0, Workers: 4
[1170.470s][debug][gc,phases      ] GC(44)     Total                          Min: 0, Avg:  0.0, Max: 0, Diff: 0, Sum: 0, Workers: 4
[1170.470s][debug][gc,phases      ] GC(44)   StringTable Weak               Min:  0.1, Avg:  0.1, Max:  0.1, Diff:  0.0, Sum:  0.4, Workers: 4
[1170.470s][debug][gc,phases      ] GC(44)     Dead                           Min: 0, Avg:  0.0, Max: 0, Diff: 0, Sum: 0, Workers: 4
[1170.470s][debug][gc,phases      ] GC(44)     Total                          Min: 9664, Avg: 10702.5, Max: 11648, Diff: 1984, Sum: 42810, Workers: 4
[1170.470s][debug][gc,phases      ] GC(44)   ResolvedMethodTable Weak       Min:  0.0, Avg:  0.0, Max:  0.0, Diff:  0.0, Sum:  0.1, Workers: 4
[1170.470s][debug][gc,phases      ] GC(44)     Dead                           Min: 0, Avg:  0.0, Max: 0, Diff: 0, Sum: 0, Workers: 4
[1170.470s][debug][gc,phases      ] GC(44)     Total                          Min: 2047, Avg: 2114.2, Max: 2240, Diff: 193, Sum: 8457, Workers: 4
[1170.470s][debug][gc,phases      ] GC(44)   JNI Weak                       Min:  0.0, Avg:  0.0, Max:  0.0, Diff:  0.0, Sum:  0.0, Workers: 4
[1170.470s][debug][gc,phases      ] GC(44)     Dead                           Min: 0, Avg:  0.0, Max: 0, Diff: 0, Sum: 0, Workers: 4
[1170.470s][debug][gc,phases      ] GC(44)     Total                          Min: 0, Avg: 11.2, Max: 45, Diff: 45, Sum: 45, Workers: 4
[1170.470s][debug][gc,phases      ] GC(44)   StringDedup Table Weak         Min:  0.0, Avg:  0.0, Max:  0.0, Diff:  0.0, Sum:  0.0, Workers: 4
[1170.470s][debug][gc,phases      ] GC(44)     Dead                           Min: 0, Avg:  0.0, Max: 0, Diff: 0, Sum: 0, Workers: 4
[1170.470s][debug][gc,phases      ] GC(44)     Total                          Min: 0, Avg:  0.0, Max: 0, Diff: 0, Sum: 0, Workers: 4
[1170.470s][debug][gc,phases      ] GC(44)   StringDedup Requests0 Weak     Min:  0.0, Avg:  0.0, Max:  0.0, Diff:  0.0, Sum:  0.0, Workers: 4
[1170.470s][debug][gc,phases      ] GC(44)     Dead                           Min: 0, Avg:  0.0, Max: 0, Diff: 0, Sum: 0, Workers: 4
[1170.470s][debug][gc,phases      ] GC(44)     Total                          Min: 0, Avg:  0.0, Max: 0, Diff: 0, Sum: 0, Workers: 4
[1170.470s][debug][gc,phases      ] GC(44)   StringDedup Requests1 Weak     Min:  0.0, Avg:  0.0, Max:  0.0, Diff:  0.0, Sum:  0.0, Workers: 4
[1170.470s][debug][gc,phases      ] GC(44)     Dead                           Min: 0, Avg:  0.0, Max: 0, Diff: 0, Sum: 0, Workers: 4
[1170.470s][debug][gc,phases      ] GC(44)     Total                          Min: 0, Avg:  0.0, Max: 0, Diff: 0, Sum: 0, Workers: 4
[1170.470s][debug][gc,phases      ] GC(44)   Weak JFR Old Object Samples    Min:  0.0, Avg:  0.0, Max:  0.0, Diff:  0.0, Sum:  0.0, Workers: 4
[1170.470s][debug][gc,phases      ] GC(44)     Dead                           Min: 0, Avg:  0.0, Max: 0, Diff: 0, Sum: 0, Workers: 4
[1170.470s][debug][gc,phases      ] GC(44)     Total                          Min: 0, Avg:  0.0, Max: 0, Diff: 0, Sum: 0, Workers: 4
[1170.470s][debug][gc,phases      ] GC(44) Weak Processing 0.300ms
[1170.470s][debug][gc,age         ] GC(44) Desired survivor size 235929600 bytes, new threshold 15 (max threshold 15)
[1170.470s][info ][gc,heap        ] GC(44) PSYoungGen: 1646016K(1820672K)->93920K(1866752K) Eden: 1561088K(1561088K)->0K(1624064K) From: 84928K(259584K)->93920K(242688K)
[1170.470s][info ][gc,heap        ] GC(44) ParOldGen: 294706K(394240K)->294738K(394240K)
[1170.470s][info ][gc,metaspace   ] GC(44) Metaspace: 79190K(80064K)->79190K(80064K) NonClass: 67990K(68480K)->67990K(68480K) Class: 11200K(11584K)->11200K(11584K)
[1170.470s][info ][gc             ] GC(44) Pause Young (Allocation Failure) 1895M->379M(2208M) 34.917ms
[1170.470s][info ][gc,cpu         ] GC(44) User=0.12s Sys=0.00s Real=0.03s
[1170.470s][info ][safepoint      ] Safepoint "ParallelGCFailedAllocation", Time since last: 965529415 ns, Reaching safepoint: 121104 ns, At safepoint: 35009043 ns, Total: 35130147 ns
[1171.471s][info ][safepoint      ] Safepoint "Cleanup", Time since last: 1000089143 ns, Reaching safepoint: 134104 ns, At safepoint: 17401 ns, Total: 151505 ns
[1172.471s][info ][safepoint      ] Safepoint "Cleanup", Time since last: 1000115144 ns, Reaching safepoint: 55401 ns, At safepoint: 2901 ns, Total: 58302 ns
[1175.471s][info ][safepoint      ] Safepoint "Cleanup", Time since last: 3000219125 ns, Reaching safepoint: 49102 ns, At safepoint: 2500 ns, Total: 51602 ns
[1176.471s][info ][safepoint      ] Safepoint "Cleanup", Time since last: 1000120243 ns, Reaching safepoint: 80903 ns, At safepoint: 13700 ns, Total: 94603 ns
[1177.208s][info ][gc,start       ] GC(45) Pause Young (Allocation Failure)
[1177.245s][debug][gc,phases      ] GC(45) Scavenge 37.213ms
[1177.245s][debug][gc,ref         ] GC(45) Skipped phase 1 of Reference Processing: no references
[1177.245s][debug][gc,ref         ] GC(45) ReferenceProcessor::execute queues: 1, RefProcThreadModel::Single, marks_oops_alive: false
[1177.245s][debug][gc,ref         ] GC(45) Skipped phase 3 of Reference Processing: no references
[1177.245s][debug][gc,ref         ] GC(45) ReferenceProcessor::execute queues: 1, RefProcThreadModel::Single, marks_oops_alive: false
[1177.245s][debug][gc,phases      ] GC(45) Reference Processing 0.104ms
[1177.245s][debug][gc,phases      ] GC(45)   VM Weak                        Min:  0.0, Avg:  0.0, Max:  0.0, Diff:  0.0, Sum:  0.0, Workers: 4
[1177.245s][debug][gc,phases      ] GC(45)     Dead                           Min: 0, Avg:  0.0, Max: 0, Diff: 0, Sum: 0, Workers: 4
[1177.245s][debug][gc,phases      ] GC(45)     Total                          Min: 0, Avg: 184.0, Max: 673, Diff: 673, Sum: 736, Workers: 4
[1177.245s][debug][gc,phases      ] GC(45)   ObjectSynchronizer Weak        Min:  0.0, Avg:  0.0, Max:  0.0, Diff:  0.0, Sum:  0.0, Workers: 4
[1177.245s][debug][gc,phases      ] GC(45)     Dead                           Min: 0, Avg:  0.0, Max: 0, Diff: 0, Sum: 0, Workers: 4
[1177.245s][debug][gc,phases      ] GC(45)     Total                          Min: 0, Avg: 12.2, Max: 49, Diff: 49, Sum: 49, Workers: 4
[1177.245s][debug][gc,phases      ] GC(45)   JVMTI Tag Weak OopStorage      Min:  0.0, Avg:  0.0, Max:  0.0, Diff:  0.0, Sum:  0.0, Workers: 4
[1177.245s][debug][gc,phases      ] GC(45)     Dead                           Min: 0, Avg:  0.0, Max: 0, Diff: 0, Sum: 0, Workers: 4
[1177.245s][debug][gc,phases      ] GC(45)     Total                          Min: 0, Avg:  0.0, Max: 0, Diff: 0, Sum: 0, Workers: 4
[1177.245s][debug][gc,phases      ] GC(45)   StringTable Weak               Min:  0.0, Avg:  0.1, Max:  0.1, Diff:  0.1, Sum:  0.4, Workers: 4
[1177.245s][debug][gc,phases      ] GC(45)     Dead                           Min: 0, Avg:  0.0, Max: 0, Diff: 0, Sum: 0, Workers: 4
[1177.245s][debug][gc,phases      ] GC(45)     Total                          Min: 0, Avg: 10705.0, Max: 17220, Diff: 17220, Sum: 42820, Workers: 4
[1177.245s][debug][gc,phases      ] GC(45)   ResolvedMethodTable Weak       Min:  0.0, Avg:  0.0, Max:  0.0, Diff:  0.0, Sum:  0.1, Workers: 4
[1177.245s][debug][gc,phases      ] GC(45)     Dead                           Min: 0, Avg:  0.0, Max: 0, Diff: 0, Sum: 0, Workers: 4
[1177.245s][debug][gc,phases      ] GC(45)     Total                          Min: 0, Avg: 2114.2, Max: 2943, Diff: 2943, Sum: 8457, Workers: 4
[1177.245s][debug][gc,phases      ] GC(45)   JNI Weak                       Min:  0.0, Avg:  0.0, Max:  0.0, Diff:  0.0, Sum:  0.0, Workers: 4
[1177.245s][debug][gc,phases      ] GC(45)     Dead                           Min: 0, Avg:  0.0, Max: 0, Diff: 0, Sum: 0, Workers: 4
[1177.245s][debug][gc,phases      ] GC(45)     Total                          Min: 0, Avg: 11.2, Max: 45, Diff: 45, Sum: 45, Workers: 4
[1177.245s][debug][gc,phases      ] GC(45)   StringDedup Table Weak         Min:  0.0, Avg:  0.0, Max:  0.0, Diff:  0.0, Sum:  0.0, Workers: 4
[1177.245s][debug][gc,phases      ] GC(45)     Dead                           Min: 0, Avg:  0.0, Max: 0, Diff: 0, Sum: 0, Workers: 4
[1177.245s][debug][gc,phases      ] GC(45)     Total                          Min: 0, Avg:  0.0, Max: 0, Diff: 0, Sum: 0, Workers: 4
[1177.245s][debug][gc,phases      ] GC(45)   StringDedup Requests0 Weak     Min:  0.0, Avg:  0.0, Max:  0.0, Diff:  0.0, Sum:  0.0, Workers: 4
[1177.245s][debug][gc,phases      ] GC(45)     Dead                           Min: 0, Avg:  0.0, Max: 0, Diff: 0, Sum: 0, Workers: 4
[1177.245s][debug][gc,phases      ] GC(45)     Total                          Min: 0, Avg:  0.0, Max: 0, Diff: 0, Sum: 0, Workers: 4
[1177.245s][debug][gc,phases      ] GC(45)   StringDedup Requests1 Weak     Min:  0.0, Avg:  0.0, Max:  0.0, Diff:  0.0, Sum:  0.0, Workers: 4
[1177.245s][debug][gc,phases      ] GC(45)     Dead                           Min: 0, Avg:  0.0, Max: 0, Diff: 0, Sum: 0, Workers: 4
[1177.245s][debug][gc,phases      ] GC(45)     Total                          Min: 0, Avg:  0.0, Max: 0, Diff: 0, Sum: 0, Workers: 4
[1177.245s][debug][gc,phases      ] GC(45)   Weak JFR Old Object Samples    Min:  0.0, Avg:  0.0, Max:  0.0, Diff:  0.0, Sum:  0.0, Workers: 4
[1177.245s][debug][gc,phases      ] GC(45)     Dead                           Min: 0, Avg:  0.0, Max: 0, Diff: 0, Sum: 0, Workers: 4
[1177.245s][debug][gc,phases      ] GC(45)     Total                          Min: 0, Avg:  0.0, Max: 0, Diff: 0, Sum: 0, Workers: 4
[1177.245s][debug][gc,phases      ] GC(45) Weak Processing 0.362ms
[1177.245s][debug][gc,age         ] GC(45) Desired survivor size 229113856 bytes, new threshold 15 (max threshold 15)
[1177.245s][info ][gc,heap        ] GC(45) PSYoungGen: 1717984K(1866752K)->106592K(1854464K) Eden: 1624064K(1624064K)->0K(1624064K) From: 93920K(242688K)->106592K(230400K)
[1177.245s][info ][gc,heap        ] GC(45) ParOldGen: 294738K(394240K)->294770K(394240K)
[1177.245s][info ][gc,metaspace   ] GC(45) Metaspace: 79197K(80064K)->79197K(80064K) NonClass: 67997K(68480K)->67997K(68480K) Class: 11200K(11584K)->11200K(11584K)
[1177.245s][info ][gc             ] GC(45) Pause Young (Allocation Failure) 1965M->391M(2196M) 37.809ms
[1177.245s][info ][gc,cpu         ] GC(45) User=0.12s Sys=0.00s Real=0.04s
[1177.245s][info ][safepoint      ] Safepoint "ParallelGCFailedAllocation", Time since last: 736005423 ns, Reaching safepoint: 137404 ns, At safepoint: 37902437 ns, Total: 38039841 ns
[1178.246s][info ][safepoint      ] Safepoint "Cleanup", Time since last: 1000089442 ns, Reaching safepoint: 39001 ns, At safepoint: 2301 ns, Total: 41302 ns
[1179.246s][info ][safepoint      ] Safepoint "Cleanup", Time since last: 1000143343 ns, Reaching safepoint: 39301 ns, At safepoint: 4400 ns, Total: 43701 ns
[1182.246s][info ][safepoint      ] Safepoint "Cleanup", Time since last: 3000218523 ns, Reaching safepoint: 43701 ns, At safepoint: 3201 ns, Total: 46902 ns
[1183.246s][info ][safepoint      ] Safepoint "Cleanup", Time since last: 1000109041 ns, Reaching safepoint: 43202 ns, At safepoint: 4100 ns, Total: 47302 ns
[1188.247s][info ][safepoint      ] Safepoint "Cleanup", Time since last: 5000375401 ns, Reaching safepoint: 41201 ns, At safepoint: 2600 ns, Total: 43801 ns
[1194.247s][info ][safepoint      ] Safepoint "Cleanup", Time since last: 6000424835 ns, Reaching safepoint: 43101 ns, At safepoint: 2601 ns, Total: 45702 ns
[1196.247s][info ][safepoint      ] Safepoint "Cleanup", Time since last: 2000178678 ns, Reaching safepoint: 27801 ns, At safepoint: 3100 ns, Total: 30901 ns
[1200.248s][info ][safepoint      ] Safepoint "Cleanup", Time since last: 4000266052 ns, Reaching safepoint: 35101 ns, At safepoint: 2100 ns, Total: 37201 ns
[1201.248s][info ][safepoint      ] Safepoint "Cleanup", Time since last: 1000130140 ns, Reaching safepoint: 48901 ns, At safepoint: 4300 ns, Total: 53201 ns
[1202.248s][info ][safepoint      ] Safepoint "Cleanup", Time since last: 1000115539 ns, Reaching safepoint: 56202 ns, At safepoint: 2700 ns, Total: 58902 ns
[1205.248s][info ][safepoint      ] Safepoint "Cleanup", Time since last: 3000253914 ns, Reaching safepoint: 51701 ns, At safepoint: 8001 ns, Total: 59702 ns
[1207.248s][info ][safepoint      ] Safepoint "Cleanup", Time since last: 2000175874 ns, Reaching safepoint: 39002 ns, At safepoint: 4200 ns, Total: 43202 ns
[1208.249s][info ][safepoint      ] Safepoint "Cleanup", Time since last: 1000108438 ns, Reaching safepoint: 62802 ns, At safepoint: 3600 ns, Total: 66402 ns
[1210.249s][info ][safepoint      ] Safepoint "Cleanup", Time since last: 2000159374 ns, Reaching safepoint: 42501 ns, At safepoint: 3900 ns, Total: 46401 ns
[1211.249s][info ][safepoint      ] Safepoint "Cleanup", Time since last: 1000112738 ns, Reaching safepoint: 29001 ns, At safepoint: 2600 ns, Total: 31601 ns
[1216.251s][info ][safepoint      ] Safepoint "Cleanup", Time since last: 5001899129 ns, Reaching safepoint: 77103 ns, At safepoint: 3100 ns, Total: 80203 ns
[1221.251s][info ][safepoint      ] Safepoint "Cleanup", Time since last: 5000380176 ns, Reaching safepoint: 44202 ns, At safepoint: 3800 ns, Total: 48002 ns
[1224.252s][info ][safepoint      ] Safepoint "Cleanup", Time since last: 3000252205 ns, Reaching safepoint: 44601 ns, At safepoint: 2100 ns, Total: 46701 ns
[1226.841s][info ][gc,start       ] GC(46) Pause Young (Allocation Failure)
[1226.879s][debug][gc,phases      ] GC(46) Scavenge 37.746ms
[1226.879s][debug][gc,ref         ] GC(46) Skipped phase 1 of Reference Processing: no references
[1226.879s][debug][gc,ref         ] GC(46) ReferenceProcessor::execute queues: 1, RefProcThreadModel::Single, marks_oops_alive: false
[1226.879s][debug][gc,ref         ] GC(46) Skipped phase 3 of Reference Processing: no references
[1226.879s][debug][gc,ref         ] GC(46) ReferenceProcessor::execute queues: 1, RefProcThreadModel::Single, marks_oops_alive: false
[1226.879s][debug][gc,phases      ] GC(46) Reference Processing 0.114ms
[1226.879s][debug][gc,phases      ] GC(46)   VM Weak                        Min:  0.0, Avg:  0.0, Max:  0.0, Diff:  0.0, Sum:  0.0, Workers: 4
[1226.879s][debug][gc,phases      ] GC(46)     Dead                           Min: 0, Avg:  0.0, Max: 0, Diff: 0, Sum: 0, Workers: 4
[1226.879s][debug][gc,phases      ] GC(46)     Total                          Min: 0, Avg: 184.0, Max: 417, Diff: 417, Sum: 736, Workers: 4
[1226.879s][debug][gc,phases      ] GC(46)   ObjectSynchronizer Weak        Min:  0.0, Avg:  0.0, Max:  0.0, Diff:  0.0, Sum:  0.0, Workers: 4
[1226.879s][debug][gc,phases      ] GC(46)     Dead                           Min: 0, Avg:  0.0, Max: 0, Diff: 0, Sum: 0, Workers: 4
[1226.879s][debug][gc,phases      ] GC(46)     Total                          Min: 0, Avg: 12.2, Max: 49, Diff: 49, Sum: 49, Workers: 4
[1226.879s][debug][gc,phases      ] GC(46)   JVMTI Tag Weak OopStorage      Min:  0.0, Avg:  0.0, Max:  0.0, Diff:  0.0, Sum:  0.0, Workers: 4
[1226.879s][debug][gc,phases      ] GC(46)     Dead                           Min: 0, Avg:  0.0, Max: 0, Diff: 0, Sum: 0, Workers: 4
[1226.879s][debug][gc,phases      ] GC(46)     Total                          Min: 0, Avg:  0.0, Max: 0, Diff: 0, Sum: 0, Workers: 4
[1226.879s][debug][gc,phases      ] GC(46)   StringTable Weak               Min:  0.0, Avg:  0.1, Max:  0.1, Diff:  0.1, Sum:  0.4, Workers: 4
[1226.879s][debug][gc,phases      ] GC(46)     Dead                           Min: 0, Avg:  0.0, Max: 0, Diff: 0, Sum: 0, Workers: 4
[1226.879s][debug][gc,phases      ] GC(46)     Total                          Min: 0, Avg: 10707.8, Max: 14863, Diff: 14863, Sum: 42831, Workers: 4
[1226.879s][debug][gc,phases      ] GC(46)   ResolvedMethodTable Weak       Min:  0.0, Avg:  0.0, Max:  0.0, Diff:  0.0, Sum:  0.1, Workers: 4
[1226.879s][debug][gc,phases      ] GC(46)     Dead                           Min: 0, Avg:  0.0, Max: 0, Diff: 0, Sum: 0, Workers: 4
[1226.879s][debug][gc,phases      ] GC(46)     Total                          Min: 0, Avg: 2115.0, Max: 3148, Diff: 3148, Sum: 8460, Workers: 4
[1226.879s][debug][gc,phases      ] GC(46)   JNI Weak                       Min:  0.0, Avg:  0.0, Max:  0.0, Diff:  0.0, Sum:  0.0, Workers: 4
[1226.879s][debug][gc,phases      ] GC(46)     Dead                           Min: 0, Avg:  0.0, Max: 0, Diff: 0, Sum: 0, Workers: 4
[1226.879s][debug][gc,phases      ] GC(46)     Total                          Min: 0, Avg: 11.2, Max: 45, Diff: 45, Sum: 45, Workers: 4
[1226.879s][debug][gc,phases      ] GC(46)   StringDedup Table Weak         Min:  0.0, Avg:  0.0, Max:  0.0, Diff:  0.0, Sum:  0.0, Workers: 4
[1226.879s][debug][gc,phases      ] GC(46)     Dead                           Min: 0, Avg:  0.0, Max: 0, Diff: 0, Sum: 0, Workers: 4
[1226.879s][debug][gc,phases      ] GC(46)     Total                          Min: 0, Avg:  0.0, Max: 0, Diff: 0, Sum: 0, Workers: 4
[1226.879s][debug][gc,phases      ] GC(46)   StringDedup Requests0 Weak     Min:  0.0, Avg:  0.0, Max:  0.0, Diff:  0.0, Sum:  0.0, Workers: 4
[1226.879s][debug][gc,phases      ] GC(46)     Dead                           Min: 0, Avg:  0.0, Max: 0, Diff: 0, Sum: 0, Workers: 4
[1226.879s][debug][gc,phases      ] GC(46)     Total                          Min: 0, Avg:  0.0, Max: 0, Diff: 0, Sum: 0, Workers: 4
[1226.879s][debug][gc,phases      ] GC(46)   StringDedup Requests1 Weak     Min:  0.0, Avg:  0.0, Max:  0.0, Diff:  0.0, Sum:  0.0, Workers: 4
[1226.879s][debug][gc,phases      ] GC(46)     Dead                           Min: 0, Avg:  0.0, Max: 0, Diff: 0, Sum: 0, Workers: 4
[1226.879s][debug][gc,phases      ] GC(46)     Total                          Min: 0, Avg:  0.0, Max: 0, Diff: 0, Sum: 0, Workers: 4
[1226.879s][debug][gc,phases      ] GC(46)   Weak JFR Old Object Samples    Min:  0.0, Avg:  0.0, Max:  0.0, Diff:  0.0, Sum:  0.0, Workers: 4
[1226.879s][debug][gc,phases      ] GC(46)     Dead                           Min: 0, Avg:  0.0, Max: 0, Diff: 0, Sum: 0, Workers: 4
[1226.879s][debug][gc,phases      ] GC(46)     Total                          Min: 0, Avg:  0.0, Max: 0, Diff: 0, Sum: 0, Workers: 4
[1226.879s][debug][gc,phases      ] GC(46) Weak Processing 0.365ms
[1226.879s][debug][gc,age         ] GC(46) Desired survivor size 224395264 bytes, new threshold 15 (max threshold 15)
[1226.879s][info ][gc,heap        ] GC(46) PSYoungGen: 1730656K(1854464K)->110720K(1878016K) Eden: 1624064K(1624064K)->0K(1654272K) From: 106592K(230400K)->110720K(223744K)
[1226.879s][info ][gc,heap        ] GC(46) ParOldGen: 294770K(394240K)->294802K(394240K)
[1226.879s][info ][gc,metaspace   ] GC(46) Metaspace: 79263K(80128K)->79263K(80128K) NonClass: 68061K(68544K)->68061K(68544K) Class: 11202K(11584K)->11202K(11584K)
[1226.879s][info ][gc             ] GC(46) Pause Young (Allocation Failure) 1977M->396M(2219M) 38.420ms
[1226.879s][info ][gc,cpu         ] GC(46) User=0.13s Sys=0.00s Real=0.04s
[1226.879s][info ][safepoint      ] Safepoint "ParallelGCFailedAllocation", Time since last: 2588915081 ns, Reaching safepoint: 123604 ns, At safepoint: 38522657 ns, Total: 38646261 ns
[1227.879s][info ][safepoint      ] Safepoint "Cleanup", Time since last: 1000089135 ns, Reaching safepoint: 61302 ns, At safepoint: 3400 ns, Total: 64702 ns
[1232.880s][info ][safepoint      ] Safepoint "Cleanup", Time since last: 5000388468 ns, Reaching safepoint: 34801 ns, At safepoint: 2500 ns, Total: 37301 ns
[1234.024s][info ][safepoint      ] Safepoint "Cleanup", Time since last: 1143730121 ns, Reaching safepoint: 117504 ns, At safepoint: 14100 ns, Total: 131604 ns
[1235.202s][info ][safepoint      ] Safepoint "Cleanup", Time since last: 1177884235 ns, Reaching safepoint: 111904 ns, At safepoint: 6800 ns, Total: 118704 ns
[1236.202s][info ][safepoint      ] Safepoint "Cleanup", Time since last: 1000121935 ns, Reaching safepoint: 52401 ns, At safepoint: 2800 ns, Total: 55201 ns
[1237.202s][info ][safepoint      ] Safepoint "Cleanup", Time since last: 1000182737 ns, Reaching safepoint: 32301 ns, At safepoint: 2900 ns, Total: 35201 ns
[1238.202s][info ][safepoint      ] Safepoint "Cleanup", Time since last: 1000114434 ns, Reaching safepoint: 46801 ns, At safepoint: 3900 ns, Total: 50701 ns
[1239.202s][info ][safepoint      ] Safepoint "Cleanup", Time since last: 1000129634 ns, Reaching safepoint: 43102 ns, At safepoint: 8800 ns, Total: 51902 ns
[1240.203s][info ][safepoint      ] Safepoint "Cleanup", Time since last: 1000116034 ns, Reaching safepoint: 52101 ns, At safepoint: 2701 ns, Total: 54802 ns
[1245.203s][info ][safepoint      ] Safepoint "Cleanup", Time since last: 5000327157 ns, Reaching safepoint: 41402 ns, At safepoint: 6200 ns, Total: 47602 ns
[1246.159s][info ][gc,start       ] GC(47) Pause Young (Allocation Failure)
[1246.198s][debug][gc,phases      ] GC(47) Scavenge 38.775ms
[1246.198s][debug][gc,ref         ] GC(47) Skipped phase 1 of Reference Processing: no references
[1246.198s][debug][gc,ref         ] GC(47) ReferenceProcessor::execute queues: 1, RefProcThreadModel::Single, marks_oops_alive: false
[1246.198s][debug][gc,ref         ] GC(47) Skipped phase 3 of Reference Processing: no references
[1246.198s][debug][gc,ref         ] GC(47) ReferenceProcessor::execute queues: 1, RefProcThreadModel::Single, marks_oops_alive: false
[1246.198s][debug][gc,phases      ] GC(47) Reference Processing 0.114ms
[1246.198s][debug][gc,phases      ] GC(47)   VM Weak                        Min:  0.0, Avg:  0.0, Max:  0.0, Diff:  0.0, Sum:  0.0, Workers: 4
[1246.198s][debug][gc,phases      ] GC(47)     Dead                           Min: 0, Avg:  0.0, Max: 0, Diff: 0, Sum: 0, Workers: 4
[1246.198s][debug][gc,phases      ] GC(47)     Total                          Min: 0, Avg: 184.0, Max: 511, Diff: 511, Sum: 736, Workers: 4
[1246.198s][debug][gc,phases      ] GC(47)   ObjectSynchronizer Weak        Min:  0.0, Avg:  0.0, Max:  0.0, Diff:  0.0, Sum:  0.0, Workers: 4
[1246.198s][debug][gc,phases      ] GC(47)     Dead                           Min: 0, Avg:  0.0, Max: 0, Diff: 0, Sum: 0, Workers: 4
[1246.198s][debug][gc,phases      ] GC(47)     Total                          Min: 0, Avg: 12.2, Max: 49, Diff: 49, Sum: 49, Workers: 4
[1246.198s][debug][gc,phases      ] GC(47)   JVMTI Tag Weak OopStorage      Min:  0.0, Avg:  0.0, Max:  0.0, Diff:  0.0, Sum:  0.0, Workers: 4
[1246.198s][debug][gc,phases      ] GC(47)     Dead                           Min: 0, Avg:  0.0, Max: 0, Diff: 0, Sum: 0, Workers: 4
[1246.198s][debug][gc,phases      ] GC(47)     Total                          Min: 0, Avg:  0.0, Max: 0, Diff: 0, Sum: 0, Workers: 4
[1246.198s][debug][gc,phases      ] GC(47)   StringTable Weak               Min:  0.1, Avg:  0.1, Max:  0.1, Diff:  0.0, Sum:  0.4, Workers: 4
[1246.198s][debug][gc,phases      ] GC(47)     Dead                           Min: 0, Avg:  0.0, Max: 0, Diff: 0, Sum: 0, Workers: 4
[1246.199s][debug][gc,phases      ] GC(47)     Total                          Min: 9856, Avg: 10708.5, Max: 12544, Diff: 2688, Sum: 42834, Workers: 4
[1246.199s][debug][gc,phases      ] GC(47)   ResolvedMethodTable Weak       Min:  0.0, Avg:  0.0, Max:  0.0, Diff:  0.0, Sum:  0.1, Workers: 4
[1246.199s][debug][gc,phases      ] GC(47)     Dead                           Min: 0, Avg:  0.0, Max: 0, Diff: 0, Sum: 0, Workers: 4
[1246.199s][debug][gc,phases      ] GC(47)     Total                          Min: 1280, Avg: 2115.5, Max: 2624, Diff: 1344, Sum: 8462, Workers: 4
[1246.199s][debug][gc,phases      ] GC(47)   JNI Weak                       Min:  0.0, Avg:  0.0, Max:  0.0, Diff:  0.0, Sum:  0.0, Workers: 4
[1246.199s][debug][gc,phases      ] GC(47)     Dead                           Min: 0, Avg:  0.0, Max: 0, Diff: 0, Sum: 0, Workers: 4
[1246.199s][debug][gc,phases      ] GC(47)     Total                          Min: 0, Avg: 11.2, Max: 45, Diff: 45, Sum: 45, Workers: 4
[1246.199s][debug][gc,phases      ] GC(47)   StringDedup Table Weak         Min:  0.0, Avg:  0.0, Max:  0.0, Diff:  0.0, Sum:  0.0, Workers: 4
[1246.199s][debug][gc,phases      ] GC(47)     Dead                           Min: 0, Avg:  0.0, Max: 0, Diff: 0, Sum: 0, Workers: 4
[1246.199s][debug][gc,phases      ] GC(47)     Total                          Min: 0, Avg:  0.0, Max: 0, Diff: 0, Sum: 0, Workers: 4
[1246.199s][debug][gc,phases      ] GC(47)   StringDedup Requests0 Weak     Min:  0.0, Avg:  0.0, Max:  0.0, Diff:  0.0, Sum:  0.0, Workers: 4
[1246.199s][debug][gc,phases      ] GC(47)     Dead                           Min: 0, Avg:  0.0, Max: 0, Diff: 0, Sum: 0, Workers: 4
[1246.199s][debug][gc,phases      ] GC(47)     Total                          Min: 0, Avg:  0.0, Max: 0, Diff: 0, Sum: 0, Workers: 4
[1246.199s][debug][gc,phases      ] GC(47)   StringDedup Requests1 Weak     Min:  0.0, Avg:  0.0, Max:  0.0, Diff:  0.0, Sum:  0.0, Workers: 4
[1246.199s][debug][gc,phases      ] GC(47)     Dead                           Min: 0, Avg:  0.0, Max: 0, Diff: 0, Sum: 0, Workers: 4
[1246.199s][debug][gc,phases      ] GC(47)     Total                          Min: 0, Avg:  0.0, Max: 0, Diff: 0, Sum: 0, Workers: 4
[1246.199s][debug][gc,phases      ] GC(47)   Weak JFR Old Object Samples    Min:  0.0, Avg:  0.0, Max:  0.0, Diff:  0.0, Sum:  0.0, Workers: 4
[1246.199s][debug][gc,phases      ] GC(47)     Dead                           Min: 0, Avg:  0.0, Max: 0, Diff: 0, Sum: 0, Workers: 4
[1246.199s][debug][gc,phases      ] GC(47)     Total                          Min: 0, Avg:  0.0, Max: 0, Diff: 0, Sum: 0, Workers: 4
[1246.199s][debug][gc,phases      ] GC(47) Weak Processing 0.339ms
[1246.199s][debug][gc,age         ] GC(47) Desired survivor size 223346688 bytes, new threshold 15 (max threshold 15)
[1246.199s][info ][gc,heap        ] GC(47) PSYoungGen: 1764992K(1878016K)->121616K(1873408K) Eden: 1654272K(1654272K)->0K(1654272K) From: 110720K(223744K)->121616K(219136K)
[1246.199s][info ][gc,heap        ] GC(47) ParOldGen: 294802K(394240K)->297729K(394240K)
[1246.199s][info ][gc,metaspace   ] GC(47) Metaspace: 79285K(80128K)->79285K(80128K) NonClass: 68081K(68544K)->68081K(68544K) Class: 11203K(11584K)->11203K(11584K)
[1246.199s][info ][gc             ] GC(47) Pause Young (Allocation Failure) 2011M->409M(2214M) 39.360ms
[1246.199s][info ][gc,cpu         ] GC(47) User=0.15s Sys=0.00s Real=0.04s
[1246.199s][info ][safepoint      ] Safepoint "ParallelGCFailedAllocation", Time since last: 956177599 ns, Reaching safepoint: 121204 ns, At safepoint: 39443887 ns, Total: 39565091 ns
[1247.199s][info ][safepoint      ] Safepoint "Cleanup", Time since last: 1000084131 ns, Reaching safepoint: 42102 ns, At safepoint: 2800 ns, Total: 44902 ns
[1248.199s][info ][safepoint      ] Safepoint "Cleanup", Time since last: 1000123333 ns, Reaching safepoint: 51701 ns, At safepoint: 7301 ns, Total: 59002 ns
[1249.199s][info ][safepoint      ] Safepoint "Cleanup", Time since last: 1000112732 ns, Reaching safepoint: 44301 ns, At safepoint: 3100 ns, Total: 47401 ns
[1251.199s][info ][safepoint      ] Safepoint "Cleanup", Time since last: 2000194264 ns, Reaching safepoint: 43901 ns, At safepoint: 2500 ns, Total: 46401 ns
[1259.200s][info ][safepoint      ] Safepoint "Cleanup", Time since last: 8000564840 ns, Reaching safepoint: 84803 ns, At safepoint: 11600 ns, Total: 96403 ns
[1262.200s][info ][safepoint      ] Safepoint "Cleanup", Time since last: 3000195688 ns, Reaching safepoint: 62302 ns, At safepoint: 4200 ns, Total: 66502 ns
[1263.200s][info ][safepoint      ] Safepoint "Cleanup", Time since last: 1000112730 ns, Reaching safepoint: 42902 ns, At safepoint: 10100 ns, Total: 53002 ns
[1267.201s][info ][safepoint      ] Safepoint "Cleanup", Time since last: 4000291415 ns, Reaching safepoint: 51102 ns, At safepoint: 2700 ns, Total: 53802 ns
[1273.201s][info ][safepoint      ] Safepoint "Cleanup", Time since last: 6000446769 ns, Reaching safepoint: 56902 ns, At safepoint: 8400 ns, Total: 65302 ns
[1278.202s][info ][safepoint      ] Safepoint "Cleanup", Time since last: 5000281034 ns, Reaching safepoint: 34301 ns, At safepoint: 27001 ns, Total: 61302 ns
[1280.202s][info ][safepoint      ] Safepoint "Cleanup", Time since last: 2000158654 ns, Reaching safepoint: 47102 ns, At safepoint: 7600 ns, Total: 54702 ns
[1288.202s][info ][safepoint      ] Safepoint "Cleanup", Time since last: 8000522709 ns, Reaching safepoint: 43001 ns, At safepoint: 3400 ns, Total: 46401 ns
[1291.203s][info ][safepoint      ] Safepoint "Cleanup", Time since last: 3000244878 ns, Reaching safepoint: 53602 ns, At safepoint: 2900 ns, Total: 56502 ns
[1292.283s][info ][gc,start       ] GC(48) Pause Young (Allocation Failure)
[1292.322s][debug][gc,phases      ] GC(48) Scavenge 39.289ms
[1292.322s][debug][gc,ref         ] GC(48) Skipped phase 1 of Reference Processing: no references
[1292.322s][debug][gc,ref         ] GC(48) ReferenceProcessor::execute queues: 1, RefProcThreadModel::Single, marks_oops_alive: false
[1292.322s][debug][gc,ref         ] GC(48) Skipped phase 3 of Reference Processing: no references
[1292.322s][debug][gc,ref         ] GC(48) ReferenceProcessor::execute queues: 1, RefProcThreadModel::Single, marks_oops_alive: false
[1292.322s][debug][gc,phases      ] GC(48) Reference Processing 0.107ms
[1292.322s][debug][gc,phases      ] GC(48)   VM Weak                        Min:  0.0, Avg:  0.0, Max:  0.0, Diff:  0.0, Sum:  0.0, Workers: 4
[1292.322s][debug][gc,phases      ] GC(48)     Dead                           Min: 0, Avg:  0.0, Max: 0, Diff: 0, Sum: 0, Workers: 4
[1292.322s][debug][gc,phases      ] GC(48)     Total                          Min: 0, Avg: 184.0, Max: 447, Diff: 447, Sum: 736, Workers: 4
[1292.322s][debug][gc,phases      ] GC(48)   ObjectSynchronizer Weak        Min:  0.0, Avg:  0.0, Max:  0.0, Diff:  0.0, Sum:  0.0, Workers: 4
[1292.322s][debug][gc,phases      ] GC(48)     Dead                           Min: 0, Avg:  0.0, Max: 0, Diff: 0, Sum: 0, Workers: 4
[1292.322s][debug][gc,phases      ] GC(48)     Total                          Min: 0, Avg: 12.2, Max: 49, Diff: 49, Sum: 49, Workers: 4
[1292.322s][debug][gc,phases      ] GC(48)   JVMTI Tag Weak OopStorage      Min:  0.0, Avg:  0.0, Max:  0.0, Diff:  0.0, Sum:  0.0, Workers: 4
[1292.322s][debug][gc,phases      ] GC(48)     Dead                           Min: 0, Avg:  0.0, Max: 0, Diff: 0, Sum: 0, Workers: 4
[1292.322s][debug][gc,phases      ] GC(48)     Total                          Min: 0, Avg:  0.0, Max: 0, Diff: 0, Sum: 0, Workers: 4
[1292.322s][debug][gc,phases      ] GC(48)   StringTable Weak               Min:  0.1, Avg:  0.1, Max:  0.1, Diff:  0.0, Sum:  0.4, Workers: 4
[1292.322s][debug][gc,phases      ] GC(48)     Dead                           Min: 0, Avg:  0.2, Max: 1, Diff: 1, Sum: 1, Workers: 4
[1292.322s][debug][gc,phases      ] GC(48)     Total                          Min: 9855, Avg: 10709.8, Max: 11392, Diff: 1537, Sum: 42839, Workers: 4
[1292.322s][debug][gc,phases      ] GC(48)   ResolvedMethodTable Weak       Min:  0.0, Avg:  0.0, Max:  0.0, Diff:  0.0, Sum:  0.1, Workers: 4
[1292.322s][debug][gc,phases      ] GC(48)     Dead                           Min: 0, Avg:  0.0, Max: 0, Diff: 0, Sum: 0, Workers: 4
[1292.322s][debug][gc,phases      ] GC(48)     Total                          Min: 1856, Avg: 2117.5, Max: 2367, Diff: 511, Sum: 8470, Workers: 4
[1292.322s][debug][gc,phases      ] GC(48)   JNI Weak                       Min:  0.0, Avg:  0.0, Max:  0.0, Diff:  0.0, Sum:  0.0, Workers: 4
[1292.322s][debug][gc,phases      ] GC(48)     Dead                           Min: 0, Avg:  0.0, Max: 0, Diff: 0, Sum: 0, Workers: 4
[1292.322s][debug][gc,phases      ] GC(48)     Total                          Min: 0, Avg: 11.2, Max: 45, Diff: 45, Sum: 45, Workers: 4
[1292.322s][debug][gc,phases      ] GC(48)   StringDedup Table Weak         Min:  0.0, Avg:  0.0, Max:  0.0, Diff:  0.0, Sum:  0.0, Workers: 4
[1292.322s][debug][gc,phases      ] GC(48)     Dead                           Min: 0, Avg:  0.0, Max: 0, Diff: 0, Sum: 0, Workers: 4
[1292.322s][debug][gc,phases      ] GC(48)     Total                          Min: 0, Avg:  0.0, Max: 0, Diff: 0, Sum: 0, Workers: 4
[1292.322s][debug][gc,phases      ] GC(48)   StringDedup Requests0 Weak     Min:  0.0, Avg:  0.0, Max:  0.0, Diff:  0.0, Sum:  0.0, Workers: 4
[1292.322s][debug][gc,phases      ] GC(48)     Dead                           Min: 0, Avg:  0.0, Max: 0, Diff: 0, Sum: 0, Workers: 4
[1292.322s][debug][gc,phases      ] GC(48)     Total                          Min: 0, Avg:  0.0, Max: 0, Diff: 0, Sum: 0, Workers: 4
[1292.322s][debug][gc,phases      ] GC(48)   StringDedup Requests1 Weak     Min:  0.0, Avg:  0.0, Max:  0.0, Diff:  0.0, Sum:  0.0, Workers: 4
[1292.322s][debug][gc,phases      ] GC(48)     Dead                           Min: 0, Avg:  0.0, Max: 0, Diff: 0, Sum: 0, Workers: 4
[1292.322s][debug][gc,phases      ] GC(48)     Total                          Min: 0, Avg:  0.0, Max: 0, Diff: 0, Sum: 0, Workers: 4
[1292.322s][debug][gc,phases      ] GC(48)   Weak JFR Old Object Samples    Min:  0.0, Avg:  0.0, Max:  0.0, Diff:  0.0, Sum:  0.0, Workers: 4
[1292.322s][debug][gc,phases      ] GC(48)     Dead                           Min: 0, Avg:  0.0, Max: 0, Diff: 0, Sum: 0, Workers: 4
[1292.322s][debug][gc,phases      ] GC(48)     Total                          Min: 0, Avg:  0.0, Max: 0, Diff: 0, Sum: 0, Workers: 4
[1292.322s][debug][gc,phases      ] GC(48) Weak Processing 0.331ms
[1292.322s][debug][gc,age         ] GC(48) Desired survivor size 221249536 bytes, new threshold 15 (max threshold 15)
[1292.322s][info ][gc,heap        ] GC(48) PSYoungGen: 1775888K(1873408K)->121456K(1881088K) Eden: 1654272K(1654272K)->0K(1662976K) From: 121616K(219136K)->121456K(218112K)
[1292.322s][info ][gc,heap        ] GC(48) ParOldGen: 297729K(394240K)->299305K(394240K)
[1292.322s][info ][gc,metaspace   ] GC(48) Metaspace: 79311K(80128K)->79311K(80128K) NonClass: 68105K(68544K)->68105K(68544K) Class: 11206K(11584K)->11206K(11584K)
[1292.322s][info ][gc             ] GC(48) Pause Young (Allocation Failure) 2025M->410M(2222M) 39.871ms
[1292.322s][info ][gc,cpu         ] GC(48) User=0.14s Sys=0.01s Real=0.04s
[1292.322s][info ][safepoint      ] Safepoint "ParallelGCFailedAllocation", Time since last: 1079696523 ns, Reaching safepoint: 28001 ns, At safepoint: 39943603 ns, Total: 39971604 ns
[1297.323s][info ][safepoint      ] Safepoint "Cleanup", Time since last: 5000328823 ns, Reaching safepoint: 85003 ns, At safepoint: 6100 ns, Total: 91103 ns
[1298.323s][info ][safepoint      ] Safepoint "Cleanup", Time since last: 1000117426 ns, Reaching safepoint: 69103 ns, At safepoint: 3600 ns, Total: 72703 ns
[1299.323s][info ][safepoint      ] Safepoint "Cleanup", Time since last: 1000107225 ns, Reaching safepoint: 58302 ns, At safepoint: 2700 ns, Total: 61002 ns
[1301.323s][info ][safepoint      ] Safepoint "Cleanup", Time since last: 2000216851 ns, Reaching safepoint: 36101 ns, At safepoint: 2900 ns, Total: 39001 ns
[1303.324s][info ][safepoint      ] Safepoint "Cleanup", Time since last: 2000188650 ns, Reaching safepoint: 41901 ns, At safepoint: 2500 ns, Total: 44401 ns
[1307.324s][info ][safepoint      ] Safepoint "Cleanup", Time since last: 4000307396 ns, Reaching safepoint: 35801 ns, At safepoint: 3800 ns, Total: 39601 ns
[1308.324s][info ][safepoint      ] Safepoint "Cleanup", Time since last: 1000117025 ns, Reaching safepoint: 42001 ns, At safepoint: 4200 ns, Total: 46201 ns
[1309.324s][info ][safepoint      ] Safepoint "Cleanup", Time since last: 1000109525 ns, Reaching safepoint: 34601 ns, At safepoint: 19000 ns, Total: 53601 ns
[1315.325s][info ][safepoint      ] Safepoint "Cleanup", Time since last: 6000411437 ns, Reaching safepoint: 41701 ns, At safepoint: 3700 ns, Total: 45401 ns
[1321.326s][info ][safepoint      ] Safepoint "Cleanup", Time since last: 6000591338 ns, Reaching safepoint: 298310 ns, At safepoint: 10200 ns, Total: 308510 ns
[1322.326s][info ][safepoint      ] Safepoint "Cleanup", Time since last: 1000138124 ns, Reaching safepoint: 103903 ns, At safepoint: 3900 ns, Total: 107803 ns
[1323.326s][info ][safepoint      ] Safepoint "Cleanup", Time since last: 1000121823 ns, Reaching safepoint: 33901 ns, At safepoint: 2201 ns, Total: 36102 ns
[1324.326s][info ][safepoint      ] Safepoint "Cleanup", Time since last: 1000142823 ns, Reaching safepoint: 36201 ns, At safepoint: 2801 ns, Total: 39002 ns
[1325.327s][info ][safepoint      ] Safepoint "Cleanup", Time since last: 1000214326 ns, Reaching safepoint: 42401 ns, At safepoint: 2500 ns, Total: 44901 ns
[1331.327s][info ][safepoint      ] Safepoint "Cleanup", Time since last: 6000511228 ns, Reaching safepoint: 37601 ns, At safepoint: 4400 ns, Total: 42001 ns
[1333.327s][info ][safepoint      ] Safepoint "Cleanup", Time since last: 2000180142 ns, Reaching safepoint: 56602 ns, At safepoint: 7101 ns, Total: 63703 ns
[1358.329s][info ][safepoint      ] Safepoint "Cleanup", Time since last: 25001804473 ns, Reaching safepoint: 47601 ns, At safepoint: 27601 ns, Total: 75202 ns
[1424.334s][info ][safepoint      ] Safepoint "Cleanup", Time since last: 66004982195 ns, Reaching safepoint: 41101 ns, At safepoint: 31001 ns, Total: 72102 ns
[1441.336s][info ][safepoint      ] Safepoint "Cleanup", Time since last: 17001316192 ns, Reaching safepoint: 124204 ns, At safepoint: 12901 ns, Total: 137105 ns
[1442.406s][info ][safepoint      ] Safepoint "Cleanup", Time since last: 1070224055 ns, Reaching safepoint: 177106 ns, At safepoint: 8100 ns, Total: 185206 ns
[1442.559s][info ][gc,heap,exit   ] Heap
[1442.559s][info ][gc,heap,exit   ]  PSYoungGen      total 1881088K, used 1751742K [0x0000000780000000, 0x0000000800000000, 0x0000000800000000)
[1442.559s][info ][gc,heap,exit   ]   eden space 1662976K, 98% used [0x0000000780000000,0x00000007e3813510,0x00000007e5800000)
[1442.559s][info ][gc,heap,exit   ]   from space 218112K, 55% used [0x00000007f2b00000,0x00000007fa19c300,0x0000000800000000)
[1442.559s][info ][gc,heap,exit   ]   to   space 216064K, 0% used [0x00000007e5800000,0x00000007e5800000,0x00000007f2b00000)
[1442.559s][info ][gc,heap,exit   ]  ParOldGen       total 394240K, used 299305K [0x0000000740000000, 0x0000000758100000, 0x0000000780000000)
[1442.559s][info ][gc,heap,exit   ]   object space 394240K, 75% used [0x0000000740000000,0x000000075244a530,0x0000000758100000)
[1442.559s][info ][gc,heap,exit   ]  Metaspace       used 79494K, committed 80384K, reserved 1122304K
[1442.559s][info ][gc,heap,exit   ]   class space    used 11232K, committed 11648K, reserved 1048576K
